======================================================================
M7 FINAL-ARTIFACT round-trip gate | 2026-07-29 12:00:39
======================================================================
loaded /home/killboxincorporated/model-lab/tinybit/checkpoints/m7_ternary_retargeted.pt @ step 122671 | params 14.17M
  [heldout] 1952 chars -> 471 tokens (ctx=512)
[a] torch QAT teacher-forced PPL (471 tokens): 5.5853
[b] export -> /home/killboxincorporated/model-lab/tinybit/m7_retarget_gate_work/export
[c] repack -> /home/killboxincorporated/model-lab/tinybit/m7_retarget_gate_work/artifacts
  $ nice -n 10 /home/killboxincorporated/ranger-venv/bin/python3 /home/killboxincorporated/aegis-forge/repack_ternary.py /home/killboxincorporated/model-lab/tinybit/m7_retarget_gate_work/export /home/killboxincorporated/model-lab/tinybit/m7_retarget_gate_work/artifacts --max-seq 512
    | VOCAB.BIN: 8192 tokens, 7935 merges
    | EMBED.BIN: 6291456 bytes (8192 x 384 BF16)
    | layer 0: repacked
    | layer 1: repacked
    | layer 2: repacked
    | layer 3: repacked
    | layer 4: repacked
    | layer 5: repacked
    | layer 6: repacked
    | MODEL.SAF: 127 tensors, 2797632 bytes
    | Repack complete. Next gates: loader asserts (cargo test), reference parity (tests/reference_parity.rs), then G4a PPL agreement.
    MODEL.SAF = 2.80 MB (the deployable sovereignty artifact)
[d] engine eval
  $ nice -n 10 /home/killboxincorporated/aegis-eval/target/release/aegis-eval /home/killboxincorporated/model-lab/tinybit/m7_retarget_gate_work/artifacts/MODEL.SAF /home/killboxincorporated/model-lab/tinybit/m7_retarget_gate_work/artifacts/EMBED.BIN /home/killboxincorporated/model-lab/tinybit/m7_retarget_gate_work/artifacts/VOCAB.BIN /home/killboxincorporated/model-lab/tinybit/m7_retarget_gate_work/heldout.txt 512 --sample
    | ==================================================
    |  A.L.I.C.E. Perplexity Evaluator (measured)
    | ==================================================
    | Engine online. SIMD level: AVX2+FMA
    | Dataset: /home/killboxincorporated/model-lab/tinybit/m7_retarget_gate_work/heldout.txt | sample: 1952 chars -> 471 tokens
    | --------------------------------------------------
    | Perplexity (teacher-forced, 471 tokens): 5.639
    | Eval wall time: 1.6s (295.48 tok/s)
    | --------------------------------------------------
    | NOTE: vocab 8192 tokens (full source vocab; cross-tokenizer PPLs are not comparable).
    | Report this number only alongside that caveat.
======================================================================
token count : torch=471 engine=471 OK
torch  PPL  : 5.5853
engine PPL  : 5.6390
rel diff    : 0.95% (tol 3%)
wall clock  : 3.8s
>>> M7 FINAL ROUND-TRIP GATE PASS <<<
