=== LUT-mpGEMM same-binary A/B, run 2 of 3 (variance characterization) — instrument capture ===
date_utc          : 2026-07-30T14:05:59Z
machine           : dev box, crosvm guest (Chromebook)
cpu               : Intel(R) Core(TM) i5-10210U CPU @ 1.60GHz
cores_online      : 8
loadavg           : 0.92 0.55 0.25
binary            : aegis-core/target/release/lut_mpgemm (release, default features)
git_head          : a249b2c (hybrid-engine)

--- CLOCK STATE (bound to this measurement; RDTSC ticks are NOT core cycles) ---
    TSC nominal rate        : 2.1120 GHz  (calibrated vs CLOCK_MONOTONIC)
    chain length            : 120000000 dependent adds x 5 reps
  
    rep       tsc_ticks              ops     core_GHz vs_nominal
    0          75820188        120000000     3.3426     1.583x
    1          75495256        120000000     3.3570     1.590x
    2          75251836        120000000     3.3679     1.595x
    3          75239690        120000000     3.3684     1.595x
    4          75254312        120000000     3.3677     1.595x
  
    mean 3.3607 GHz | min 3.3426 | max 3.3684 | spread 0.767%
    EFFECTIVE / NOMINAL = 1.591  <-- the factor that rescales every derived figure

--- BENCH RUN 1 ---
LUT mpGEMM throughput probe (2560x6912 ternary)

repack (one-time, at model load): 13.0 ms for this tensor
  layout memory: 8 MB (vs 4 MB packed) -- 4 bits/weight

scalar reference :    10.8 ms (1.64 GMAC/s)
LUT pshufb kernel:     1.5 ms (11.78 GMAC/s)  [best of 5]
  + table build  :   0.065 ms once per activation vector (4.3% of kernel)
  effective      : 11.29 GMAC/s including table build
f32 LUT+FMA matvec:    1.9 ms (9.36 GMAC/s)  = 0.83x pshufb-effective  [engine decode kernel]
f32 batched GEMM :    0.7 ms (23.67 GMAC/s)  = 2.10x pshufb-effective  (per token, batch 8) [engine prefill kernel]
f32 matvec agrees with scalar reference: true
