=== M3 baseline: Falcon-E-1b ARC-Easy FULL validation n=570 seed42 (launched 2026-07-18T11:01:19Z) ===
==================================================
 A.L.I.C.E. Perplexity Evaluator (measured)
==================================================
Engine online. SIMD level: AVX2+FMA
MC mode: items=model-lab/data/evals/arc_easy/arc_easy_val_n570_seed42.jsonl out=model-lab/data/evals/arc_easy/m3_1b_results_n570.jsonl
Scoring: acc: pred = argmin_k cont_nll[k] (raw sum over continuation tokens); acc_norm: pred = argmax_k(-cont_nll[k] / utf8_byte_len(choice_text_k)); ties -> lower index
[1] MCAS_2000_4_6 pred_raw=1 pred_norm=0 gold=0 nll=[14.414536,9.912374,15.395683,17.046213] | running acc 0.000 acc_norm 1.000 | 18s
[2] Mercury_7057260 pred_raw=1 pred_norm=2 gold=2 nll=[16.457089,13.823939,14.029875,23.509503] | running acc 0.000 acc_norm 1.000 | 63s
[3] ACTAAP_2014_7_6 pred_raw=0 pred_norm=0 gold=0 nll=[3.151915,7.553834,3.864527,4.319006] | running acc 0.333 acc_norm 1.000 | 105s
[4] Mercury_7122448 pred_raw=1 pred_norm=3 gold=1 nll=[12.098506,10.773094,15.181067,14.052596] | running acc 0.500 acc_norm 0.750 | 148s
[5] Mercury_SC_416516 pred_raw=1 pred_norm=1 gold=1 nll=[18.465180,12.633469,15.789276,26.429994] | running acc 0.600 acc_norm 0.800 | 174s
[6] MCAS_2016_8_3 pred_raw=2 pred_norm=2 gold=2 nll=[11.793313,12.234971,9.036024,13.513140] | running acc 0.667 acc_norm 0.833 | 258s
[7] Mercury_7030153 pred_raw=2 pred_norm=1 gold=2 nll=[22.357977,8.990219,6.545270,15.964914] | running acc 0.714 acc_norm 0.714 | 330s
[8] AKDE&ED_2012_8_43 pred_raw=2 pred_norm=2 gold=2 nll=[12.743149,19.090491,9.688300,22.932969] | running acc 0.750 acc_norm 0.750 | 357s
[9] NYSEDREGENTS_2014_8_10 pred_raw=0 pred_norm=2 gold=0 nll=[12.423380,16.273882,15.036869,16.728760] | running acc 0.778 acc_norm 0.667 | 391s
[10] Mercury_SC_LBS10938 pred_raw=0 pred_norm=0 gold=3 nll=[12.660749,21.486242,18.656331,19.414585] | running acc 0.700 acc_norm 0.600 | 412s
[11] ACTAAP_2007_7_19 pred_raw=0 pred_norm=0 gold=0 nll=[5.397906,9.943368,11.389987,16.805540] | running acc 0.727 acc_norm 0.636 | 428s
[12] Mercury_176873 pred_raw=2 pred_norm=0 gold=0 nll=[7.565551,18.466187,6.844667,11.266760] | running acc 0.667 acc_norm 0.667 | 454s
[13] Mercury_SC_LBS10170 pred_raw=1 pred_norm=3 gold=1 nll=[16.721584,12.001013,15.633205,15.118486] | running acc 0.692 acc_norm 0.615 | 475s
[14] Mercury_400978 pred_raw=0 pred_norm=0 gold=0 nll=[2.989005,11.001982,6.229851,14.308215] | running acc 0.714 acc_norm 0.643 | 520s
[15] Mercury_7185220 pred_raw=0 pred_norm=0 gold=0 nll=[2.170335,8.647540,7.173941,8.198226] | running acc 0.733 acc_norm 0.667 | 567s
[16] Mercury_7213378 pred_raw=3 pred_norm=2 gold=1 nll=[16.889098,15.269613,14.833924,14.316176] | running acc 0.688 acc_norm 0.625 | 588s
[17] Mercury_7241343 pred_raw=1 pred_norm=3 gold=3 nll=[9.634570,6.019278,13.357190,9.844808] | running acc 0.647 acc_norm 0.647 | 650s
[18] TIMSS_1995_8_J5 pred_raw=1 pred_norm=1 gold=1 nll=[4.872532,1.369911,4.603638,6.909548,10.584683] | running acc 0.667 acc_norm 0.667 | 674s
[19] Mercury_7271583 pred_raw=2 pred_norm=0 gold=2 nll=[6.743554,8.515796,5.335241,8.338252] | running acc 0.684 acc_norm 0.632 | 715s
[20] Mercury_412415 pred_raw=1 pred_norm=1 gold=1 nll=[11.735534,8.282033,12.744753,8.973942] | running acc 0.700 acc_norm 0.650 | 761s
[21] Mercury_SC_400175 pred_raw=3 pred_norm=3 gold=1 nll=[5.972884,5.898281,16.325394,5.183936] | running acc 0.667 acc_norm 0.619 | 793s
[22] Mercury_7006213 pred_raw=3 pred_norm=3 gold=0 nll=[10.131621,11.553528,12.539217,9.415088] | running acc 0.636 acc_norm 0.591 | 823s
[23] NCEOGA_2013_5_28 pred_raw=1 pred_norm=1 gold=0 nll=[4.086662,3.313342,7.421468,5.520759] | running acc 0.609 acc_norm 0.565 | 875s
[24] Mercury_SC_407569 pred_raw=0 pred_norm=0 gold=0 nll=[9.116896,11.012865,13.800182,11.211012] | running acc 0.625 acc_norm 0.583 | 917s
[25] MCAS_1999_8_35 pred_raw=2 pred_norm=2 gold=1 nll=[22.333210,12.379827,11.899897,15.481356] | running acc 0.600 acc_norm 0.560 | 942s
[26] ACTAAP_2009_5_14 pred_raw=0 pred_norm=3 gold=0 nll=[12.116031,12.972437,21.531803,24.662649] | running acc 0.615 acc_norm 0.538 | 999s
[27] Mercury_7112788 pred_raw=2 pred_norm=2 gold=1 nll=[14.560342,15.280283,11.522249,21.432816] | running acc 0.593 acc_norm 0.519 | 1066s
[28] Mercury_7137463 pred_raw=0 pred_norm=0 gold=0 nll=[14.019739,20.520419,15.016057,18.688476] | running acc 0.607 acc_norm 0.536 | 1134s
[29] Mercury_7008435 pred_raw=3 pred_norm=3 gold=3 nll=[17.480190,16.561181,14.593842,11.332998] | running acc 0.621 acc_norm 0.552 | 1152s
[30] Mercury_SC_401208 pred_raw=0 pred_norm=0 gold=0 nll=[5.771639,13.787693,20.799053,18.092304] | running acc 0.633 acc_norm 0.567 | 1186s
[31] Mercury_7057925 pred_raw=0 pred_norm=0 gold=0 nll=[8.630884,17.709521,16.735747,18.973937] | running acc 0.645 acc_norm 0.581 | 1210s
[32] OHAT_2008_5_13 pred_raw=0 pred_norm=0 gold=3 nll=[15.208079,20.971362,27.021470,36.591551] | running acc 0.625 acc_norm 0.562 | 1328s
[33] Mercury_7013073 pred_raw=2 pred_norm=2 gold=2 nll=[6.630503,10.069213,5.757796,12.259782] | running acc 0.636 acc_norm 0.576 | 1360s
[34] ACTAAP_2013_5_16 pred_raw=0 pred_norm=0 gold=0 nll=[13.285202,22.553488,16.049979,35.187337] | running acc 0.647 acc_norm 0.588 | 1384s
[35] Mercury_SC_415396 pred_raw=0 pred_norm=0 gold=0 nll=[12.269435,14.667809,18.343995,14.992541] | running acc 0.657 acc_norm 0.600 | 1405s
[36] Mercury_7179638 pred_raw=3 pred_norm=3 gold=3 nll=[26.494122,25.404758,27.100662,21.655943] | running acc 0.667 acc_norm 0.611 | 1462s
[37] ACTAAP_2011_5_2 pred_raw=3 pred_norm=3 gold=3 nll=[11.167500,7.158079,7.811926,3.013391] | running acc 0.676 acc_norm 0.622 | 1486s
[38] Mercury_7249970 pred_raw=1 pred_norm=3 gold=0 nll=[19.156999,18.776701,21.725276,22.276538] | running acc 0.658 acc_norm 0.605 | 1520s
[39] Mercury_7092418 pred_raw=0 pred_norm=2 gold=0 nll=[12.348670,17.713426,16.709335,24.860255] | running acc 0.667 acc_norm 0.590 | 1563s
[40] MCAS_2012_8_23641 pred_raw=0 pred_norm=0 gold=1 nll=[14.757900,17.401699,39.144222,35.364971] | running acc 0.650 acc_norm 0.575 | 1608s
[41] MEA_2010_8_12 pred_raw=2 pred_norm=2 gold=1 nll=[30.967865,26.729141,18.963055,38.074619] | running acc 0.634 acc_norm 0.561 | 1655s
[42] Mercury_SC_401158 pred_raw=1 pred_norm=1 gold=1 nll=[9.418337,2.749836,7.819821,14.209012] | running acc 0.643 acc_norm 0.571 | 1677s
[43] Mercury_7091928 pred_raw=2 pred_norm=0 gold=2 nll=[11.631150,10.272786,7.788768,10.648027] | running acc 0.651 acc_norm 0.558 | 1721s
[44] Mercury_7112735 pred_raw=2 pred_norm=2 gold=2 nll=[8.729991,8.036772,2.812150,6.428780] | running acc 0.659 acc_norm 0.568 | 1785s
[45] Mercury_7040863 pred_raw=2 pred_norm=3 gold=2 nll=[13.310294,14.045850,10.374048,13.342840] | running acc 0.667 acc_norm 0.556 | 1815s
[46] Mercury_7268818 pred_raw=2 pred_norm=2 gold=3 nll=[16.493929,19.439073,15.239560,17.514707] | running acc 0.652 acc_norm 0.543 | 1842s
[47] VASoL_2007_3_33 pred_raw=1 pred_norm=3 gold=1 nll=[11.008699,9.085465,28.757093,14.656291] | running acc 0.660 acc_norm 0.532 | 1873s
[48] LEAP_2001_4_10239 pred_raw=0 pred_norm=0 gold=0 nll=[3.173754,14.168599,5.022624,13.209142] | running acc 0.667 acc_norm 0.542 | 1923s
[49] Mercury_SC_400840 pred_raw=0 pred_norm=0 gold=0 nll=[9.351277,15.077680,20.406907,18.590046] | running acc 0.673 acc_norm 0.551 | 1954s
[50] AIMS_2008_8_9 pred_raw=2 pred_norm=3 gold=3 nll=[34.306963,35.381758,31.951719,40.289869] | running acc 0.660 acc_norm 0.560 | 1986s
[51] Mercury_7263305 pred_raw=0 pred_norm=3 gold=0 nll=[7.093387,17.026802,12.539740,11.861315] | running acc 0.667 acc_norm 0.549 | 2011s
[52] TIMSS_2011_8_pg139 pred_raw=2 pred_norm=2 gold=2 nll=[15.314129,14.283013,13.692720,25.504523] | running acc 0.673 acc_norm 0.558 | 2053s
[53] Mercury_7173845 pred_raw=0 pred_norm=3 gold=0 nll=[8.580859,11.063428,13.064849,10.499025] | running acc 0.679 acc_norm 0.547 | 2112s
[54] Mercury_7239208 pred_raw=0 pred_norm=3 gold=1 nll=[29.047946,29.582672,34.050399,30.849123] | running acc 0.667 acc_norm 0.537 | 2148s
[55] Mercury_7064050 pred_raw=3 pred_norm=3 gold=3 nll=[8.800273,9.509503,13.114165,7.482093] | running acc 0.673 acc_norm 0.545 | 2197s
[56] Mercury_400540 pred_raw=2 pred_norm=2 gold=2 nll=[35.768487,36.775371,24.219825,29.766994] | running acc 0.679 acc_norm 0.554 | 2233s
[57] ACTAAP_2010_7_15 pred_raw=0 pred_norm=1 gold=1 nll=[18.508751,18.541387,26.840440,35.981195] | running acc 0.667 acc_norm 0.561 | 2326s
[58] Mercury_7137673 pred_raw=2 pred_norm=2 gold=2 nll=[8.733220,7.024680,4.979223,11.351266] | running acc 0.672 acc_norm 0.569 | 2398s
[59] MCAS_2013_5_29401 pred_raw=3 pred_norm=3 gold=3 nll=[20.295165,18.235441,21.876048,18.055929] | running acc 0.678 acc_norm 0.576 | 2487s
[60] NYSEDREGENTS_2014_4_24 pred_raw=3 pred_norm=3 gold=3 nll=[15.263884,14.486890,16.406009,5.274369] | running acc 0.683 acc_norm 0.583 | 2526s
[61] Mercury_7194425 pred_raw=3 pred_norm=3 gold=3 nll=[12.017984,13.841189,9.082441,7.786799] | running acc 0.689 acc_norm 0.590 | 2561s
[62] Mercury_7004165 pred_raw=0 pred_norm=0 gold=0 nll=[6.332553,12.649630,16.817303,16.719809] | running acc 0.694 acc_norm 0.597 | 2584s
[63] Mercury_7086205 pred_raw=0 pred_norm=1 gold=0 nll=[8.265864,15.872871,9.430223,20.085516] | running acc 0.698 acc_norm 0.587 | 2607s
[64] NYSEDREGENTS_2014_8_8 pred_raw=1 pred_norm=1 gold=1 nll=[18.346151,13.587225,17.543334,23.417925] | running acc 0.703 acc_norm 0.594 | 2629s
[65] Mercury_7041948 pred_raw=0 pred_norm=0 gold=0 nll=[4.996349,8.187479,17.393556,17.274785] | running acc 0.708 acc_norm 0.600 | 2666s
[66] Mercury_7092348 pred_raw=0 pred_norm=0 gold=3 nll=[15.320688,31.134316,34.041106,43.319584] | running acc 0.697 acc_norm 0.591 | 2718s
[67] VASoL_2009_5_25 pred_raw=1 pred_norm=3 gold=1 nll=[13.404724,7.150594,16.655169,7.405711] | running acc 0.701 acc_norm 0.582 | 2753s
[68] Mercury_7212713 pred_raw=0 pred_norm=0 gold=1 nll=[21.406946,30.292131,26.028074,23.134593] | running acc 0.691 acc_norm 0.574 | 2809s
[69] Mercury_SC_406661 pred_raw=2 pred_norm=2 gold=3 nll=[33.272917,26.329285,13.852633,16.906251] | running acc 0.681 acc_norm 0.565 | 2839s
[70] NCEOGA_2013_5_51 pred_raw=0 pred_norm=2 gold=2 nll=[19.398807,21.068394,22.442911,20.474143] | running acc 0.671 acc_norm 0.571 | 2891s
[71] Mercury_7163940 pred_raw=3 pred_norm=3 gold=3 nll=[6.536945,7.424947,9.290476,1.567467] | running acc 0.676 acc_norm 0.577 | 2936s
[72] Mercury_7164658 pred_raw=2 pred_norm=2 gold=2 nll=[10.988693,9.957621,3.797342,7.533175] | running acc 0.681 acc_norm 0.583 | 2989s
[73] Mercury_7197908 pred_raw=2 pred_norm=2 gold=2 nll=[9.903354,6.264460,3.979133,11.547829] | running acc 0.685 acc_norm 0.589 | 3027s
[74] Mercury_7080448 pred_raw=2 pred_norm=0 gold=3 nll=[3.764515,4.113485,3.350865,4.295051] | running acc 0.676 acc_norm 0.581 | 3103s
[75] Mercury_7130498 pred_raw=0 pred_norm=3 gold=2 nll=[7.289606,8.823835,11.298422,11.484044] | running acc 0.667 acc_norm 0.573 | 3155s
[76] MCAS_2013_5_17 pred_raw=3 pred_norm=0 gold=0 nll=[6.503105,6.707319,6.844446,5.961783] | running acc 0.658 acc_norm 0.579 | 3210s
[77] Mercury_7136623 pred_raw=2 pred_norm=2 gold=2 nll=[36.241309,32.032091,18.617758,31.965000] | running acc 0.662 acc_norm 0.584 | 3251s
[78] Mercury_7014508 pred_raw=1 pred_norm=3 gold=1 nll=[32.304794,19.384168,36.962799,31.042849] | running acc 0.667 acc_norm 0.577 | 3295s
[79] Mercury_SC_401652 pred_raw=0 pred_norm=3 gold=0 nll=[24.295796,35.300305,38.838542,35.076718] | running acc 0.671 acc_norm 0.570 | 3329s
[80] Mercury_7069003 pred_raw=0 pred_norm=2 gold=1 nll=[11.684163,16.240362,17.235401,17.279529] | running acc 0.662 acc_norm 0.562 | 3353s
[81] TIMSS_2007_4_pg110 pred_raw=2 pred_norm=2 gold=2 nll=[15.202219,17.036029,12.926901,15.518225] | running acc 0.667 acc_norm 0.568 | 3394s
[82] Mercury_183190 pred_raw=2 pred_norm=3 gold=2 nll=[29.353413,22.407929,22.183687,27.570100] | running acc 0.671 acc_norm 0.561 | 3421s
[83] Mercury_SC_416137 pred_raw=2 pred_norm=2 gold=2 nll=[9.862566,13.695882,4.212491,13.420351] | running acc 0.675 acc_norm 0.566 | 3445s
[84] Mercury_SC_401592 pred_raw=3 pred_norm=0 gold=0 nll=[7.294312,7.766678,8.788933,7.195551] | running acc 0.667 acc_norm 0.571 | 3469s
[85] Mercury_7032288 pred_raw=3 pred_norm=3 gold=2 nll=[9.523768,7.715983,5.547148,5.329891] | running acc 0.659 acc_norm 0.565 | 3533s
[86] Mercury_7007630 pred_raw=1 pred_norm=3 gold=1 nll=[20.030672,10.783363,15.744854,11.024187] | running acc 0.663 acc_norm 0.558 | 3551s
[87] NYSEDREGENTS_2014_8_25 pred_raw=1 pred_norm=1 gold=1 nll=[13.775349,6.284093,13.216316,12.308777] | running acc 0.667 acc_norm 0.563 | 3573s
[88] Mercury_182665 pred_raw=2 pred_norm=2 gold=1 nll=[25.235821,27.884671,14.629993,24.276020] | running acc 0.659 acc_norm 0.557 | 3595s
[89] Mercury_189018 pred_raw=1 pred_norm=1 gold=1 nll=[10.232693,6.165231,13.591760,11.597436] | running acc 0.663 acc_norm 0.562 | 3633s
[90] Mercury_SC_405304 pred_raw=1 pred_norm=1 gold=3 nll=[7.169746,2.813195,7.227919,5.336381] | running acc 0.656 acc_norm 0.556 | 3685s
[91] MCAS_2004_5_12 pred_raw=3 pred_norm=2 gold=1 nll=[11.069197,13.303105,10.370739,10.176629] | running acc 0.648 acc_norm 0.549 | 3789s
[92] MCAS_2004_9_16 pred_raw=0 pred_norm=0 gold=0 nll=[13.821069,26.980997,25.288933,24.359437] | running acc 0.652 acc_norm 0.554 | 3871s
[93] Mercury_7107363 pred_raw=1 pred_norm=1 gold=1 nll=[31.400742,23.326240,26.168970,26.864536] | running acc 0.656 acc_norm 0.559 | 4014s
[94] Mercury_7083965 pred_raw=2 pred_norm=3 gold=2 nll=[15.070307,14.954165,13.771563,14.030170] | running acc 0.660 acc_norm 0.553 | 4042s
[95] Mercury_SC_416156 pred_raw=1 pred_norm=1 gold=1 nll=[13.656860,8.908760,13.104071,15.435432] | running acc 0.663 acc_norm 0.558 | 4061s
[96] Mercury_7082688 pred_raw=0 pred_norm=0 gold=0 nll=[12.698423,15.926274,20.102735,19.878899] | running acc 0.667 acc_norm 0.562 | 4097s
[97] CSZ20680 pred_raw=1 pred_norm=1 gold=3 nll=[12.082569,9.136139,15.586333,13.456758] | running acc 0.660 acc_norm 0.557 | 4135s
[98] Mercury_7228568 pred_raw=2 pred_norm=3 gold=2 nll=[15.382164,15.718075,10.180776,11.728128] | running acc 0.663 acc_norm 0.551 | 4168s
[99] Mercury_7269220 pred_raw=0 pred_norm=2 gold=0 nll=[8.030880,14.151106,18.177880,20.303780] | running acc 0.667 acc_norm 0.545 | 4233s
[100] AKDE&ED_2012_4_35 pred_raw=1 pred_norm=1 gold=1 nll=[38.564036,30.530020,49.902236,52.987266] | running acc 0.670 acc_norm 0.550 | 4302s
[101] VASoL_2007_5_26 pred_raw=1 pred_norm=1 gold=1 nll=[6.658661,3.909667,12.382728,7.450700] | running acc 0.673 acc_norm 0.554 | 4325s
[102] TIMSS_2003_8_pg96 pred_raw=3 pred_norm=2 gold=2 nll=[23.706206,19.075253,13.296311,12.497715] | running acc 0.667 acc_norm 0.559 | 4356s
[103] Mercury_7119805 pred_raw=2 pred_norm=2 gold=2 nll=[11.253460,6.665049,2.895505,9.483158] | running acc 0.670 acc_norm 0.563 | 4403s
[104] Mercury_SC_402067 pred_raw=1 pred_norm=3 gold=2 nll=[28.985476,13.288340,17.464403,37.094444] | running acc 0.663 acc_norm 0.558 | 4433s
[105] Mercury_189770 pred_raw=0 pred_norm=0 gold=3 nll=[10.562035,17.710916,34.904233,18.861092] | running acc 0.657 acc_norm 0.552 | 4469s
[106] Mercury_SC_403016 pred_raw=3 pred_norm=3 gold=3 nll=[16.876099,16.686847,9.616668,4.682626] | running acc 0.660 acc_norm 0.557 | 4490s
[107] Mercury_7044730 pred_raw=2 pred_norm=2 gold=2 nll=[5.773057,10.325265,5.194246,11.699119] | running acc 0.664 acc_norm 0.561 | 4535s
[108] Mercury_7270025 pred_raw=3 pred_norm=1 gold=2 nll=[38.723551,20.060835,25.945738,17.911946] | running acc 0.657 acc_norm 0.556 | 4564s
[109] Mercury_7252683 pred_raw=0 pred_norm=3 gold=3 nll=[9.278985,23.250769,13.554297,17.122412] | running acc 0.651 acc_norm 0.560 | 4596s
[110] Mercury_7017080 pred_raw=2 pred_norm=2 gold=2 nll=[10.878842,6.463768,5.439035,10.545274] | running acc 0.655 acc_norm 0.564 | 4620s
[111] MCAS_2011_5_17662 pred_raw=0 pred_norm=0 gold=0 nll=[24.987009,38.541164,43.179270,41.301134] | running acc 0.658 acc_norm 0.568 | 4677s
[112] Mercury_7041580 pred_raw=0 pred_norm=3 gold=1 nll=[9.438586,11.827170,13.135379,12.628576] | running acc 0.652 acc_norm 0.562 | 4700s
[113] Mercury_7204050 pred_raw=1 pred_norm=1 gold=3 nll=[13.509811,6.038287,11.293785,10.670674] | running acc 0.646 acc_norm 0.558 | 4775s
[114] Mercury_7024378 pred_raw=0 pred_norm=3 gold=0 nll=[15.971748,29.039473,25.146123,27.100619] | running acc 0.649 acc_norm 0.553 | 4806s
[115] Mercury_7251755 pred_raw=3 pred_norm=2 gold=1 nll=[13.494312,9.715640,12.068228,6.604944] | running acc 0.643 acc_norm 0.548 | 4859s
[116] Mercury_SC_LBS10682 pred_raw=3 pred_norm=0 gold=1 nll=[12.259995,11.443193,12.696111,11.036797] | running acc 0.638 acc_norm 0.543 | 4892s
[117] NYSEDREGENTS_2014_8_42 pred_raw=2 pred_norm=2 gold=2 nll=[18.051176,8.757310,2.494872,8.146773] | running acc 0.641 acc_norm 0.547 | 4922s
[118] OHAT_2011_5_20 pred_raw=0 pred_norm=3 gold=0 nll=[20.123950,26.594475,31.069483,27.187156] | running acc 0.644 acc_norm 0.542 | 4988s
[119] NYSEDREGENTS_2014_8_24 pred_raw=0 pred_norm=0 gold=0 nll=[16.487172,20.941869,17.944826,21.265482] | running acc 0.647 acc_norm 0.546 | 5015s
[120] Mercury_7084123 pred_raw=2 pred_norm=2 gold=2 nll=[7.580273,5.914193,5.046623,8.313844] | running acc 0.650 acc_norm 0.550 | 5075s
[121] Mercury_7038098 pred_raw=0 pred_norm=3 gold=0 nll=[5.896244,6.341673,9.788660,6.770200] | running acc 0.653 acc_norm 0.545 | 5149s
[122] MDSA_2010_4_7 pred_raw=1 pred_norm=1 gold=1 nll=[8.948609,6.189308,8.931628,9.563368] | running acc 0.656 acc_norm 0.549 | 5182s
[123] Mercury_7175700 pred_raw=1 pred_norm=1 gold=1 nll=[12.321966,11.042764,19.582895,16.262729] | running acc 0.659 acc_norm 0.553 | 5229s
[124] Mercury_7206448 pred_raw=1 pred_norm=3 gold=1 nll=[29.181344,25.972620,25.988008,27.430656] | running acc 0.661 acc_norm 0.548 | 5281s
[125] Mercury_7007665 pred_raw=3 pred_norm=3 gold=3 nll=[4.553043,11.272165,5.684029,4.537681] | running acc 0.664 acc_norm 0.552 | 5308s
[126] Mercury_408929 pred_raw=3 pred_norm=3 gold=3 nll=[5.874476,4.922488,3.579321,2.859249] | running acc 0.667 acc_norm 0.556 | 5383s
[127] Mercury_7094080 pred_raw=0 pred_norm=0 gold=0 nll=[17.768216,23.293729,19.814441,17.788973] | running acc 0.669 acc_norm 0.559 | 5407s
[128] Mercury_7068495 pred_raw=2 pred_norm=2 gold=2 nll=[8.641079,9.405099,6.643128,16.648585] | running acc 0.672 acc_norm 0.562 | 5437s
[129] TIMSS_2007_4_pg81 pred_raw=2 pred_norm=3 gold=2 nll=[16.496217,18.040082,11.307949,24.968226] | running acc 0.674 acc_norm 0.558 | 5465s
[130] AKDE&ED_2008_4_12 pred_raw=0 pred_norm=0 gold=0 nll=[12.005496,21.761938,23.660326,21.626915] | running acc 0.677 acc_norm 0.562 | 5508s
[131] TIMSS_2011_4_pg72 pred_raw=0 pred_norm=0 gold=0 nll=[7.979229,21.169064,15.844620,24.012798] | running acc 0.679 acc_norm 0.565 | 5543s
[132] LEAP_2011_8_10435 pred_raw=1 pred_norm=1 gold=1 nll=[15.278047,11.135214,11.970664,22.097554] | running acc 0.682 acc_norm 0.568 | 5580s
[133] Mercury_SC_407391 pred_raw=1 pred_norm=0 gold=1 nll=[14.211579,13.139785,23.811395,25.087182] | running acc 0.684 acc_norm 0.564 | 5606s
[134] Mercury_SC_401340 pred_raw=1 pred_norm=1 gold=2 nll=[8.235320,8.051836,11.896249,14.983982] | running acc 0.679 acc_norm 0.560 | 5623s
[135] NYSEDREGENTS_2014_8_21 pred_raw=2 pred_norm=0 gold=2 nll=[5.610182,5.909822,4.192433,6.809460] | running acc 0.681 acc_norm 0.556 | 5662s
[136] Mercury_178728 pred_raw=3 pred_norm=3 gold=3 nll=[10.339531,11.691076,12.287893,5.972069] | running acc 0.684 acc_norm 0.559 | 5695s
[137] Mercury_416365 pred_raw=0 pred_norm=0 gold=2 nll=[5.812345,9.030350,13.840326,18.112701] | running acc 0.679 acc_norm 0.555 | 5755s
[138] Mercury_411424 pred_raw=1 pred_norm=1 gold=1 nll=[15.784529,12.079439,14.563432,16.651728] | running acc 0.681 acc_norm 0.558 | 5827s
[139] Mercury_7015715 pred_raw=2 pred_norm=2 gold=2 nll=[14.296476,10.883307,9.904357,13.769840] | running acc 0.683 acc_norm 0.561 | 5853s
[140] Mercury_7172218 pred_raw=0 pred_norm=0 gold=2 nll=[11.012400,22.724039,20.600782,14.198419] | running acc 0.679 acc_norm 0.557 | 5926s
[141] Mercury_7094185 pred_raw=0 pred_norm=1 gold=2 nll=[12.872426,13.730766,18.570857,16.079754] | running acc 0.674 acc_norm 0.553 | 5959s
[142] Mercury_7161053 pred_raw=0 pred_norm=0 gold=0 nll=[4.015286,9.729134,14.569388,17.125765] | running acc 0.676 acc_norm 0.556 | 6019s
[143] MCAS_2002_5_12 pred_raw=0 pred_norm=0 gold=0 nll=[5.300649,10.611532,9.945411,6.725346] | running acc 0.678 acc_norm 0.559 | 6076s
[144] Mercury_7248378 pred_raw=0 pred_norm=0 gold=0 nll=[5.215218,22.294340,12.388132,31.704939] | running acc 0.681 acc_norm 0.562 | 6105s
[145] Mercury_7134698 pred_raw=1 pred_norm=0 gold=1 nll=[12.812477,11.938054,16.782421,17.479133] | running acc 0.683 acc_norm 0.559 | 6165s
[146] Mercury_7213553 pred_raw=1 pred_norm=1 gold=3 nll=[15.763184,13.232840,17.578058,14.315481] | running acc 0.678 acc_norm 0.555 | 6191s
[147] NCEOGA_2013_5_15 pred_raw=3 pred_norm=3 gold=3 nll=[7.820700,13.276306,10.674949,5.365304] | running acc 0.680 acc_norm 0.558 | 6221s
[148] Mercury_SC_400370 pred_raw=1 pred_norm=1 gold=0 nll=[24.343789,24.183441,35.887497,30.053297] | running acc 0.676 acc_norm 0.554 | 6257s
[149] Mercury_SC_401137 pred_raw=3 pred_norm=3 gold=3 nll=[7.497661,11.665189,6.999189,2.151812] | running acc 0.678 acc_norm 0.557 | 6302s
[150] Mercury_7107030 pred_raw=3 pred_norm=3 gold=3 nll=[33.824671,30.363645,34.842811,19.684960] | running acc 0.680 acc_norm 0.560 | 6338s
[151] Mercury_7018200 pred_raw=0 pred_norm=1 gold=0 nll=[15.943395,18.401959,18.654854,19.302854] | running acc 0.682 acc_norm 0.556 | 6365s
[152] Mercury_7092138 pred_raw=0 pred_norm=1 gold=0 nll=[10.327493,11.144888,20.689337,16.796057] | running acc 0.684 acc_norm 0.553 | 6394s
[153] Mercury_7139685 pred_raw=3 pred_norm=3 gold=0 nll=[14.341088,21.445718,22.752946,10.180099] | running acc 0.680 acc_norm 0.549 | 6423s
[154] NYSEDREGENTS_2014_8_2 pred_raw=3 pred_norm=2 gold=3 nll=[17.690866,15.262847,17.676145,13.698067] | running acc 0.682 acc_norm 0.545 | 6448s
[155] Mercury_7233538 pred_raw=0 pred_norm=3 gold=0 nll=[6.100529,10.575893,7.120981,9.729639] | running acc 0.684 acc_norm 0.542 | 6476s
[156] Mercury_7236128 pred_raw=3 pred_norm=2 gold=3 nll=[13.081038,13.809226,10.259847,8.336998] | running acc 0.686 acc_norm 0.538 | 6539s
[157] Mercury_182683 pred_raw=3 pred_norm=3 gold=1 nll=[9.569481,7.715700,22.673815,5.525258] | running acc 0.682 acc_norm 0.535 | 6621s
[158] Mercury_7216755 pred_raw=0 pred_norm=0 gold=0 nll=[7.225768,11.251097,8.565879,19.379884] | running acc 0.684 acc_norm 0.538 | 6666s
[159] Mercury_7013090 pred_raw=1 pred_norm=1 gold=1 nll=[8.320906,6.954703,8.169622,8.549832] | running acc 0.686 acc_norm 0.541 | 6701s
[160] Mercury_7248273 pred_raw=1 pred_norm=1 gold=1 nll=[8.099299,2.537014,12.842485,8.460951] | running acc 0.688 acc_norm 0.544 | 6745s
[161] Mercury_7187215 pred_raw=2 pred_norm=2 gold=2 nll=[24.966127,23.193829,15.859507,18.493969] | running acc 0.689 acc_norm 0.547 | 6807s
[162] Mercury_7206500 pred_raw=0 pred_norm=0 gold=0 nll=[6.299962,14.873115,8.687786,22.664033] | running acc 0.691 acc_norm 0.549 | 6888s
[163] Mercury_7141348 pred_raw=3 pred_norm=3 gold=3 nll=[26.593125,31.485809,27.268847,18.575607] | running acc 0.693 acc_norm 0.552 | 6923s
[164] Mercury_7044783 pred_raw=0 pred_norm=2 gold=0 nll=[6.339033,9.187715,9.923264,10.638579] | running acc 0.695 acc_norm 0.549 | 6949s
[165] Mercury_SC_400002 pred_raw=0 pred_norm=0 gold=0 nll=[18.446845,31.043878,34.453987,31.700044] | running acc 0.697 acc_norm 0.552 | 6982s
[166] Mercury_7227973 pred_raw=1 pred_norm=1 gold=1 nll=[19.092184,4.383105,16.981210,10.138515] | running acc 0.699 acc_norm 0.554 | 7013s
[167] Mercury_7026863 pred_raw=2 pred_norm=2 gold=1 nll=[19.051564,20.119576,16.407997,30.984114] | running acc 0.695 acc_norm 0.551 | 7043s
[168] Mercury_7068565 pred_raw=3 pred_norm=3 gold=0 nll=[10.882465,12.841546,11.372559,8.829223] | running acc 0.690 acc_norm 0.548 | 7066s
[169] NYSEDREGENTS_2014_8_39 pred_raw=3 pred_norm=3 gold=3 nll=[7.793890,6.305211,7.844390,3.762304] | running acc 0.692 acc_norm 0.550 | 7094s
[170] Mercury_SC_415696 pred_raw=0 pred_norm=3 gold=3 nll=[25.896127,49.870299,45.487511,31.994278] | running acc 0.688 acc_norm 0.553 | 7121s
[171] Mercury_7227850 pred_raw=0 pred_norm=0 gold=0 nll=[15.511360,19.484630,23.972769,18.305528] | running acc 0.690 acc_norm 0.556 | 7145s
[172] Mercury_7228515 pred_raw=1 pred_norm=1 gold=1 nll=[18.641396,10.599103,25.667172,23.686603] | running acc 0.692 acc_norm 0.558 | 7179s
[173] AIMS_2008_8_8 pred_raw=1 pred_norm=1 gold=2 nll=[20.091899,20.071669,52.224825,47.933832] | running acc 0.688 acc_norm 0.555 | 7234s
[174] Mercury_SC_405215 pred_raw=1 pred_norm=1 gold=1 nll=[11.951177,4.761632,11.011169,8.278503] | running acc 0.690 acc_norm 0.557 | 7270s
[175] NYSEDREGENTS_2014_4_8 pred_raw=3 pred_norm=3 gold=3 nll=[9.255136,10.583273,11.541101,5.792143] | running acc 0.691 acc_norm 0.560 | 7309s
[176] Mercury_7013668 pred_raw=0 pred_norm=2 gold=2 nll=[6.676722,17.959560,9.208316,13.367679] | running acc 0.688 acc_norm 0.562 | 7344s
[177] MCAS_2011_8_17695 pred_raw=0 pred_norm=0 gold=0 nll=[20.365085,27.005262,25.665953,26.499507] | running acc 0.689 acc_norm 0.565 | 7375s
[178] Mercury_SC_416526 pred_raw=2 pred_norm=3 gold=2 nll=[12.083511,10.903421,9.222469,11.656904] | running acc 0.691 acc_norm 0.562 | 7398s
[179] VASoL_2011_5_3 pred_raw=1 pred_norm=1 gold=1 nll=[13.384305,5.866544,18.951562,14.636317] | running acc 0.693 acc_norm 0.564 | 7430s
[180] Mercury_7100713 pred_raw=1 pred_norm=1 gold=3 nll=[9.622816,7.056858,10.459719,8.829262] | running acc 0.689 acc_norm 0.561 | 7457s
[181] Mercury_7122553 pred_raw=0 pred_norm=3 gold=1 nll=[7.087298,8.996264,8.655573,8.326400] | running acc 0.685 acc_norm 0.558 | 7495s
[182] Mercury_7037590 pred_raw=0 pred_norm=3 gold=0 nll=[23.112256,25.236269,33.926424,43.816712] | running acc 0.687 acc_norm 0.555 | 7520s
[183] Mercury_SC_400061 pred_raw=0 pred_norm=0 gold=2 nll=[14.603353,15.740720,22.850095,24.663574] | running acc 0.683 acc_norm 0.552 | 7540s
[184] MDSA_2011_4_8 pred_raw=2 pred_norm=2 gold=2 nll=[12.228783,12.132363,8.663341,11.908319] | running acc 0.685 acc_norm 0.554 | 7594s
[185] MEAP_2005_8_43 pred_raw=2 pred_norm=2 gold=2 nll=[17.359366,22.609270,11.766669,21.793442] | running acc 0.686 acc_norm 0.557 | 7625s
[186] Mercury_184695 pred_raw=3 pred_norm=3 gold=3 nll=[32.723991,28.720256,41.210927,21.094219] | running acc 0.688 acc_norm 0.559 | 7658s
[187] LEAP_2011_8_10436 pred_raw=3 pred_norm=3 gold=3 nll=[29.792435,31.947252,26.223992,19.882299] | running acc 0.690 acc_norm 0.561 | 7698s
[188] Mercury_SC_400989 pred_raw=2 pred_norm=2 gold=2 nll=[19.584341,29.147134,19.539655,27.995690] | running acc 0.691 acc_norm 0.564 | 7727s
[189] VASoL_2010_5_39 pred_raw=0 pred_norm=0 gold=0 nll=[3.708098,5.649276,7.761654,9.153160] | running acc 0.693 acc_norm 0.566 | 7755s
[190] VASoL_2009_5_10 pred_raw=3 pred_norm=3 gold=0 nll=[29.795011,30.669000,28.482190,23.953935] | running acc 0.689 acc_norm 0.563 | 7806s
[191] Mercury_SC_405952 pred_raw=1 pred_norm=3 gold=1 nll=[8.574907,7.907348,10.139723,10.003592] | running acc 0.691 acc_norm 0.560 | 7822s
[192] Mercury_SC_401111 pred_raw=0 pred_norm=2 gold=0 nll=[7.504077,12.643480,8.027862,11.223614] | running acc 0.693 acc_norm 0.557 | 7853s
[193] Mercury_7203245 pred_raw=0 pred_norm=3 gold=0 nll=[3.817589,8.214762,17.408416,9.737376] | running acc 0.694 acc_norm 0.554 | 7941s
[194] Mercury_7042858 pred_raw=0 pred_norm=2 gold=0 nll=[13.777722,20.751466,17.588409,18.980462] | running acc 0.696 acc_norm 0.552 | 7965s
[195] Mercury_SC_415418 pred_raw=1 pred_norm=1 gold=1 nll=[19.417588,13.174595,19.400124,22.382935] | running acc 0.697 acc_norm 0.554 | 7993s
[196] Mercury_SC_400150 pred_raw=0 pred_norm=2 gold=0 nll=[10.246281,20.249136,11.200729,14.909240] | running acc 0.699 acc_norm 0.551 | 8022s
[197] Mercury_SC_413138 pred_raw=1 pred_norm=1 gold=1 nll=[5.780609,1.123273,4.054070,8.110104] | running acc 0.701 acc_norm 0.553 | 8056s
[198] Mercury_7114940 pred_raw=0 pred_norm=3 gold=0 nll=[17.554286,18.593342,29.939415,22.641653] | running acc 0.702 acc_norm 0.551 | 8083s
[199] MDSA_2008_5_41 pred_raw=3 pred_norm=3 gold=3 nll=[14.174728,6.119323,6.500104,5.512526] | running acc 0.704 acc_norm 0.553 | 8174s
[200] MCAS_2002_8_2 pred_raw=2 pred_norm=3 gold=3 nll=[7.296007,5.509170,3.065802,3.231332] | running acc 0.700 acc_norm 0.555 | 8208s
[201] MCAS_2016_5_7 pred_raw=0 pred_norm=0 gold=0 nll=[11.307678,17.472156,22.182198,23.864725] | running acc 0.701 acc_norm 0.557 | 8246s
[202] Mercury_7154490 pred_raw=0 pred_norm=0 gold=0 nll=[6.024440,11.351975,9.998240,10.122257] | running acc 0.703 acc_norm 0.559 | 8320s
[203] Mercury_7177520 pred_raw=3 pred_norm=3 gold=3 nll=[23.849192,20.694474,19.718197,15.991851] | running acc 0.704 acc_norm 0.562 | 8346s
[204] Mercury_7241273 pred_raw=1 pred_norm=3 gold=1 nll=[20.825586,15.499226,18.930437,17.295542] | running acc 0.706 acc_norm 0.559 | 8381s
[205] Mercury_7234185 pred_raw=1 pred_norm=1 gold=0 nll=[7.796830,6.871990,10.917642,11.201814] | running acc 0.702 acc_norm 0.556 | 8414s
[206] Mercury_7074970 pred_raw=2 pred_norm=2 gold=2 nll=[15.577783,15.143857,11.489620,13.570284] | running acc 0.704 acc_norm 0.558 | 8443s
[207] LEAP__7_10350 pred_raw=1 pred_norm=1 gold=2 nll=[21.899863,20.040490,32.583031,36.471144] | running acc 0.700 acc_norm 0.556 | 8496s
[208] NYSEDREGENTS_2014_8_27 pred_raw=1 pred_norm=1 gold=1 nll=[12.068113,8.580841,12.886584,14.268032] | running acc 0.702 acc_norm 0.558 | 8516s
[209] Mercury_7245928 pred_raw=2 pred_norm=2 gold=2 nll=[13.924488,17.697649,10.293304,16.970834] | running acc 0.703 acc_norm 0.560 | 8575s
[210] Mercury_7205380 pred_raw=0 pred_norm=3 gold=0 nll=[11.586503,11.909236,12.674056,12.112740] | running acc 0.705 acc_norm 0.557 | 8599s
[211] Mercury_7072415 pred_raw=3 pred_norm=3 gold=3 nll=[28.805499,21.695985,17.595178,10.255838] | running acc 0.706 acc_norm 0.559 | 8654s
[212] Mercury_7008943 pred_raw=0 pred_norm=3 gold=0 nll=[14.319436,23.200694,14.963732,16.740084] | running acc 0.708 acc_norm 0.557 | 8702s
[213] NYSEDREGENTS_2014_8_9 pred_raw=1 pred_norm=1 gold=1 nll=[13.716403,6.278820,10.462773,13.293175] | running acc 0.709 acc_norm 0.559 | 8736s
[214] Mercury_7220238 pred_raw=1 pred_norm=2 gold=1 nll=[14.602571,9.512179,14.533106,25.380022] | running acc 0.710 acc_norm 0.556 | 8789s
[215] ACTAAP_2010_7_11 pred_raw=3 pred_norm=3 gold=1 nll=[18.373371,20.881622,28.270628,16.169043] | running acc 0.707 acc_norm 0.553 | 8846s
[216] MEAP_2005_8_34 pred_raw=0 pred_norm=0 gold=1 nll=[12.899559,16.031656,21.568106,29.570774] | running acc 0.704 acc_norm 0.551 | 8948s
[217] Mercury_7010815 pred_raw=0 pred_norm=3 gold=3 nll=[11.607497,18.757888,38.315262,22.295109] | running acc 0.700 acc_norm 0.553 | 8981s
[218] Mercury_7270410 pred_raw=3 pred_norm=3 gold=3 nll=[33.667444,33.425643,25.666553,19.731866] | running acc 0.702 acc_norm 0.555 | 9105s
[219] Mercury_7168648 pred_raw=0 pred_norm=3 gold=3 nll=[9.543777,14.443429,15.284269,13.777035] | running acc 0.699 acc_norm 0.557 | 9179s
[220] Mercury_7082793 pred_raw=3 pred_norm=0 gold=3 nll=[10.725812,11.914209,13.592317,8.583342] | running acc 0.700 acc_norm 0.555 | 9211s
[221] Mercury_7270060 pred_raw=3 pred_norm=1 gold=1 nll=[6.337279,5.334238,8.177995,4.846393] | running acc 0.697 acc_norm 0.557 | 9249s
[222] Mercury_7085190 pred_raw=2 pred_norm=2 gold=2 nll=[13.130022,17.092003,8.689717,12.486345] | running acc 0.698 acc_norm 0.559 | 9289s
[223] AKDE&ED_2012_4_4 pred_raw=2 pred_norm=2 gold=2 nll=[9.453940,8.851642,3.251049,8.522668] | running acc 0.700 acc_norm 0.561 | 9350s
[224] Mercury_7213885 pred_raw=1 pred_norm=2 gold=1 nll=[13.336406,10.758924,15.526012,15.423584] | running acc 0.701 acc_norm 0.558 | 9388s
[225] Mercury_SC_415425 pred_raw=1 pred_norm=1 gold=1 nll=[4.982407,4.619332,5.985003,6.789972] | running acc 0.702 acc_norm 0.560 | 9420s
[226] Mercury_7142030 pred_raw=2 pred_norm=2 gold=2 nll=[15.209496,10.965152,9.608766,25.398090] | running acc 0.704 acc_norm 0.562 | 9454s
[227] Mercury_183733 pred_raw=2 pred_norm=2 gold=0 nll=[11.432354,10.278820,7.956696,14.433498] | running acc 0.700 acc_norm 0.559 | 9478s
[228] Mercury_7014070 pred_raw=0 pred_norm=1 gold=0 nll=[7.350034,10.200024,9.461295,9.949477] | running acc 0.702 acc_norm 0.557 | 9526s
[229] Mercury_SC_408452 pred_raw=1 pred_norm=1 gold=1 nll=[9.109264,4.018951,10.895646,13.513713] | running acc 0.703 acc_norm 0.559 | 9563s
[230] Mercury_178990 pred_raw=0 pred_norm=0 gold=0 nll=[10.072333,15.107749,11.907929,17.075526] | running acc 0.704 acc_norm 0.561 | 9584s
[231] Mercury_7027615 pred_raw=2 pred_norm=1 gold=2 nll=[10.679720,8.079158,7.200153,14.575923] | running acc 0.706 acc_norm 0.558 | 9648s
[232] Mercury_SC_LBS10920 pred_raw=2 pred_norm=2 gold=2 nll=[6.219777,5.212736,4.339679,8.732288] | running acc 0.707 acc_norm 0.560 | 9681s
[233] NYSEDREGENTS_2014_8_40 pred_raw=1 pred_norm=1 gold=1 nll=[9.127413,6.489320,10.496853,13.179879] | running acc 0.708 acc_norm 0.562 | 9704s
[234] MDSA_2010_8_1 pred_raw=0 pred_norm=3 gold=0 nll=[7.704230,11.020790,11.388134,10.026901] | running acc 0.709 acc_norm 0.560 | 9740s
[235] VASoL_2011_5_14 pred_raw=0 pred_norm=0 gold=0 nll=[6.137678,17.768223,14.277298,9.116756] | running acc 0.711 acc_norm 0.562 | 9776s
[236] Mercury_7168315 pred_raw=1 pred_norm=1 gold=1 nll=[6.160219,4.309907,5.585576,10.402775] | running acc 0.712 acc_norm 0.564 | 9825s
[237] Mercury_SC_400201 pred_raw=0 pred_norm=0 gold=0 nll=[8.706609,16.093557,18.172837,17.574582] | running acc 0.713 acc_norm 0.565 | 9852s
[238] NAEP_2000_4_S21+2 pred_raw=1 pred_norm=1 gold=3 nll=[4.988949,4.857695,16.520238,13.897045] | running acc 0.710 acc_norm 0.563 | 9900s
[239] Mercury_7227763 pred_raw=0 pred_norm=1 gold=2 nll=[15.115241,42.947018,18.938494,34.748258] | running acc 0.707 acc_norm 0.561 | 9950s
[240] TIMSS_2011_8_pg121 pred_raw=0 pred_norm=0 gold=0 nll=[6.875668,11.693067,12.227297,12.464255] | running acc 0.708 acc_norm 0.562 | 9977s
[241] Mercury_7212520 pred_raw=2 pred_norm=2 gold=2 nll=[8.152178,4.717440,3.840963,6.166727] | running acc 0.710 acc_norm 0.564 | 10035s
[242] Mercury_7168753 pred_raw=0 pred_norm=3 gold=3 nll=[13.202099,18.766837,16.835035,16.608611] | running acc 0.707 acc_norm 0.566 | 10079s
[243] NYSEDREGENTS_2014_8_3 pred_raw=0 pred_norm=0 gold=0 nll=[8.008809,9.904616,10.790803,11.795441] | running acc 0.708 acc_norm 0.568 | 10117s
[244] Mercury_7056508 pred_raw=1 pred_norm=1 gold=1 nll=[9.778371,4.116367,8.010859,10.659912] | running acc 0.709 acc_norm 0.570 | 10163s
[245] MCAS_2012_8_23647 pred_raw=1 pred_norm=1 gold=0 nll=[17.923672,14.211156,17.878951,21.818321] | running acc 0.706 acc_norm 0.567 | 10212s
[246] Mercury_7081813 pred_raw=1 pred_norm=3 gold=1 nll=[8.554515,5.958106,8.047927,9.088348] | running acc 0.707 acc_norm 0.565 | 10232s
[247] Mercury_7107433 pred_raw=2 pred_norm=0 gold=1 nll=[22.661250,19.213132,18.451582,18.596182] | running acc 0.704 acc_norm 0.563 | 10288s
[248] Mercury_7090528 pred_raw=0 pred_norm=0 gold=0 nll=[10.921235,16.034597,12.277476,16.995236] | running acc 0.706 acc_norm 0.565 | 10319s
[249] Mercury_7008400 pred_raw=2 pred_norm=2 gold=0 nll=[26.559924,29.890726,25.507007,26.158147] | running acc 0.703 acc_norm 0.562 | 10343s
[250] NYSEDREGENTS_2014_4_3 pred_raw=3 pred_norm=3 gold=3 nll=[11.404186,9.560485,12.433779,9.351450] | running acc 0.704 acc_norm 0.564 | 10370s
[251] Mercury_7176190 pred_raw=1 pred_norm=1 gold=1 nll=[17.641328,11.851127,28.780778,30.496296] | running acc 0.705 acc_norm 0.566 | 10478s
[252] Mercury_7135433 pred_raw=2 pred_norm=2 gold=2 nll=[13.039472,14.711520,6.416516,13.831768] | running acc 0.706 acc_norm 0.567 | 10518s
[253] Mercury_7030678 pred_raw=0 pred_norm=3 gold=0 nll=[6.658969,11.447872,10.408238,11.320413] | running acc 0.708 acc_norm 0.565 | 10556s
[254] MCAS_2003_5_35 pred_raw=1 pred_norm=1 gold=1 nll=[27.107307,11.300506,29.394210,32.116758] | running acc 0.709 acc_norm 0.567 | 10587s
[255] Mercury_SC_402280 pred_raw=1 pred_norm=1 gold=1 nll=[20.696477,13.057049,17.936838,19.779672] | running acc 0.710 acc_norm 0.569 | 10640s
[256] Mercury_7223475 pred_raw=1 pred_norm=1 gold=1 nll=[20.783555,15.991172,24.614599,30.891169] | running acc 0.711 acc_norm 0.570 | 10692s
[257] Mercury_SC_416172 pred_raw=3 pred_norm=3 gold=3 nll=[15.700978,14.596876,18.242331,7.348607] | running acc 0.712 acc_norm 0.572 | 10717s
[258] Mercury_7056945 pred_raw=0 pred_norm=2 gold=2 nll=[17.444472,23.720156,19.218137,19.155582] | running acc 0.709 acc_norm 0.574 | 10740s
[259] Mercury_SC_405887 pred_raw=1 pred_norm=2 gold=2 nll=[11.983940,11.321522,12.837323,14.801582] | running acc 0.707 acc_norm 0.575 | 10776s
[260] MCAS_2013_5_29396 pred_raw=2 pred_norm=3 gold=2 nll=[30.157603,34.454989,26.377294,31.081870] | running acc 0.708 acc_norm 0.573 | 10816s
[261] Mercury_7001785 pred_raw=1 pred_norm=2 gold=2 nll=[24.920100,21.286055,26.906886,37.415699] | running acc 0.705 acc_norm 0.575 | 10873s
[262] Mercury_7012775 pred_raw=3 pred_norm=3 gold=0 nll=[15.803710,17.384599,16.243260,13.593579] | running acc 0.702 acc_norm 0.573 | 10916s
[263] Mercury_7221883 pred_raw=3 pred_norm=0 gold=3 nll=[9.891716,11.945459,13.108890,8.666091] | running acc 0.703 acc_norm 0.570 | 10945s
[264] NYSEDREGENTS_2014_4_27 pred_raw=0 pred_norm=0 gold=0 nll=[9.923106,11.576455,16.124125,16.291366] | running acc 0.705 acc_norm 0.572 | 10988s
[265] Mercury_179533 pred_raw=2 pred_norm=2 gold=2 nll=[16.099487,16.093925,9.266727,12.041728] | running acc 0.706 acc_norm 0.574 | 11014s
[266] NYSEDREGENTS_2014_8_23 pred_raw=3 pred_norm=3 gold=3 nll=[19.366369,15.029172,17.503264,6.493934] | running acc 0.707 acc_norm 0.575 | 11039s
[267] Mercury_7110933 pred_raw=0 pred_norm=0 gold=0 nll=[21.357521,29.851420,22.228321,38.676659] | running acc 0.708 acc_norm 0.577 | 11075s
[268] Mercury_7227728 pred_raw=1 pred_norm=0 gold=1 nll=[20.714109,13.507422,21.113182,18.202932] | running acc 0.709 acc_norm 0.575 | 11125s
[269] Mercury_7220500 pred_raw=1 pred_norm=1 gold=2 nll=[8.461291,6.726764,6.898711,6.807412] | running acc 0.706 acc_norm 0.572 | 11183s
[270] NYSEDREGENTS_2014_4_11 pred_raw=3 pred_norm=3 gold=3 nll=[14.812506,14.324343,31.331489,12.831850] | running acc 0.707 acc_norm 0.574 | 11212s
[271] AKDE&ED_2012_8_18 pred_raw=1 pred_norm=1 gold=1 nll=[15.603958,7.239593,14.006144,14.120033] | running acc 0.708 acc_norm 0.576 | 11241s
[272] Mercury_SC_401146 pred_raw=0 pred_norm=3 gold=2 nll=[16.491413,18.253192,23.858972,20.224066] | running acc 0.706 acc_norm 0.574 | 11264s
[273] Mercury_7080553 pred_raw=0 pred_norm=0 gold=0 nll=[20.263796,22.489641,29.548085,25.938155] | running acc 0.707 acc_norm 0.575 | 11289s
[274] Mercury_7098193 pred_raw=0 pred_norm=3 gold=0 nll=[10.464120,16.367906,20.932589,23.835300] | running acc 0.708 acc_norm 0.573 | 11313s
[275] MCAS_2000_8_6 pred_raw=2 pred_norm=1 gold=2 nll=[14.072819,12.377279,11.480464,18.891906] | running acc 0.709 acc_norm 0.571 | 11342s
[276] Mercury_7004848 pred_raw=0 pred_norm=3 gold=0 nll=[16.168764,32.954543,30.444605,21.590019] | running acc 0.710 acc_norm 0.569 | 11362s
[277] Mercury_7056753 pred_raw=3 pred_norm=1 gold=3 nll=[9.171015,7.931897,9.642370,7.280216] | running acc 0.711 acc_norm 0.567 | 11385s
[278] VASoL_2008_3_26 pred_raw=1 pred_norm=2 gold=2 nll=[18.986469,17.772615,20.106697,18.894982] | running acc 0.709 acc_norm 0.568 | 11405s
[279] Mercury_7211085 pred_raw=0 pred_norm=0 gold=0 nll=[6.135164,17.210573,12.614504,17.177075] | running acc 0.710 acc_norm 0.570 | 11430s
[280] Mercury_7007963 pred_raw=1 pred_norm=3 gold=1 nll=[22.600359,20.481544,27.791641,26.735554] | running acc 0.711 acc_norm 0.568 | 11461s
[281] Mercury_7075233 pred_raw=1 pred_norm=1 gold=1 nll=[14.166695,7.666211,13.349710,15.254397] | running acc 0.712 acc_norm 0.569 | 11493s
[282] Mercury_175648 pred_raw=1 pred_norm=1 gold=1 nll=[6.145347,4.113218,6.291661,6.944627] | running acc 0.713 acc_norm 0.571 | 11518s
[283] MCAS_2005_8_30 pred_raw=0 pred_norm=0 gold=0 nll=[6.701358,8.314240,10.724761,13.665391] | running acc 0.714 acc_norm 0.572 | 11546s
[284] MDSA_2012_8_23 pred_raw=0 pred_norm=2 gold=2 nll=[23.262115,33.604450,29.630798,45.948879] | running acc 0.711 acc_norm 0.574 | 11584s
[285] Mercury_7099015 pred_raw=1 pred_norm=0 gold=1 nll=[17.944952,14.851089,19.361682,21.389398] | running acc 0.712 acc_norm 0.572 | 11628s
[286] AKDE&ED_2012_8_31 pred_raw=0 pred_norm=2 gold=1 nll=[22.355370,36.308099,38.071645,49.564650] | running acc 0.710 acc_norm 0.570 | 11658s
[287] Mercury_7235865 pred_raw=1 pred_norm=1 gold=1 nll=[8.503067,5.101497,7.993770,6.743548] | running acc 0.711 acc_norm 0.571 | 11710s
[288] NYSEDREGENTS_2014_4_10 pred_raw=2 pred_norm=2 gold=2 nll=[9.828981,15.462561,5.880140,10.203408] | running acc 0.712 acc_norm 0.573 | 11739s
[289] TIMSS_2007_8_pg96 pred_raw=0 pred_norm=0 gold=0 nll=[7.741679,10.915939,8.647152,12.116966] | running acc 0.713 acc_norm 0.574 | 11757s
[290] Mercury_7025165 pred_raw=0 pred_norm=0 gold=2 nll=[6.483263,10.361871,8.224929,11.501563] | running acc 0.710 acc_norm 0.572 | 11779s
[291] MCAS_2013_8_29415 pred_raw=2 pred_norm=2 gold=1 nll=[20.600157,23.150107,18.766827,32.319534] | running acc 0.708 acc_norm 0.570 | 11823s
[292] NYSEDREGENTS_2014_8_11 pred_raw=1 pred_norm=3 gold=2 nll=[23.621901,21.364394,27.449531,22.113024] | running acc 0.705 acc_norm 0.568 | 11848s
[293] Mercury_7029698 pred_raw=3 pred_norm=3 gold=3 nll=[18.767880,23.924644,23.619084,16.515305] | running acc 0.706 acc_norm 0.570 | 11876s
[294] Mercury_SC_408287 pred_raw=2 pred_norm=2 gold=2 nll=[9.363976,12.864532,7.228550,10.646323] | running acc 0.707 acc_norm 0.571 | 11913s
[295] MEAP_2005_5_27 pred_raw=2 pred_norm=3 gold=2 nll=[26.063427,25.199331,23.645637,33.171058] | running acc 0.708 acc_norm 0.569 | 11985s
[296] Mercury_7213448 pred_raw=0 pred_norm=3 gold=0 nll=[10.765844,15.479504,18.234884,14.133700] | running acc 0.709 acc_norm 0.568 | 12028s
[297] Mercury_7083388 pred_raw=1 pred_norm=1 gold=1 nll=[12.628155,3.947999,12.358003,14.254700] | running acc 0.710 acc_norm 0.569 | 12053s
[298] Mercury_7014455 pred_raw=1 pred_norm=3 gold=0 nll=[13.906114,13.631826,19.441726,14.942617] | running acc 0.708 acc_norm 0.567 | 12077s
[299] Mercury_SC_400179 pred_raw=3 pred_norm=2 gold=0 nll=[10.021657,13.697924,15.978109,9.593307] | running acc 0.706 acc_norm 0.565 | 12100s
[300] Mercury_7235708 pred_raw=0 pred_norm=1 gold=1 nll=[15.348253,16.811681,46.606003,49.452413] | running acc 0.703 acc_norm 0.567 | 12140s
[301] NYSEDREGENTS_2014_8_19 pred_raw=0 pred_norm=2 gold=0 nll=[7.340847,11.549466,12.682181,9.217164] | running acc 0.704 acc_norm 0.565 | 12159s
[302] Mercury_7242918 pred_raw=2 pred_norm=2 gold=3 nll=[17.111570,12.195092,5.295831,6.223258] | running acc 0.702 acc_norm 0.563 | 12216s
[303] Mercury_7205450 pred_raw=0 pred_norm=3 gold=3 nll=[19.999343,26.226975,21.742392,23.153026] | running acc 0.700 acc_norm 0.564 | 12244s
[304] TIMSS_2007_8_pg52 pred_raw=1 pred_norm=0 gold=1 nll=[2.194167,2.163300,3.234717,5.814371] | running acc 0.701 acc_norm 0.562 | 12269s
[305] Mercury_SC_415764 pred_raw=0 pred_norm=3 gold=0 nll=[11.899142,15.107877,17.301063,20.607256] | running acc 0.702 acc_norm 0.561 | 12292s
[306] NYSEDREGENTS_2014_8_4 pred_raw=1 pred_norm=1 gold=1 nll=[8.807970,7.092115,23.858282,16.128727] | running acc 0.703 acc_norm 0.562 | 12311s
[307] Mercury_SC_408040 pred_raw=2 pred_norm=2 gold=2 nll=[7.145245,3.285844,2.739447,5.137324] | running acc 0.704 acc_norm 0.564 | 12359s
[308] Mercury_184748 pred_raw=0 pred_norm=0 gold=0 nll=[10.543772,10.800396,12.338127,11.270859] | running acc 0.705 acc_norm 0.565 | 12389s
[309] Mercury_7176155 pred_raw=3 pred_norm=3 gold=3 nll=[31.364821,33.623102,26.623976,23.316183] | running acc 0.706 acc_norm 0.566 | 12478s
[310] Mercury_SC_400004 pred_raw=0 pred_norm=0 gold=0 nll=[9.376133,28.025131,24.888978,22.253689] | running acc 0.706 acc_norm 0.568 | 12507s
[311] Mercury_7172008 pred_raw=1 pred_norm=1 gold=2 nll=[12.993732,11.336604,11.558608,12.609016] | running acc 0.704 acc_norm 0.566 | 12551s
[312] MCAS_2003_5_26 pred_raw=2 pred_norm=2 gold=2 nll=[19.535497,22.837804,18.874898,23.778072] | running acc 0.705 acc_norm 0.567 | 12577s
[313] ACTAAP_2011_5_7 pred_raw=2 pred_norm=2 gold=2 nll=[9.257077,9.391941,2.958614,5.504840] | running acc 0.706 acc_norm 0.569 | 12637s
[314] Mercury_7068828 pred_raw=2 pred_norm=2 gold=2 nll=[20.472242,22.320607,6.793271,16.223612] | running acc 0.707 acc_norm 0.570 | 12704s
[315] Mercury_7158865 pred_raw=3 pred_norm=0 gold=3 nll=[31.674051,33.678082,37.658226,30.066477] | running acc 0.708 acc_norm 0.568 | 12782s
[316] Mercury_180128 pred_raw=2 pred_norm=2 gold=2 nll=[5.765172,4.127580,3.463800,11.317825] | running acc 0.709 acc_norm 0.570 | 12846s
[317] Mercury_7263463 pred_raw=1 pred_norm=1 gold=0 nll=[23.967723,22.741737,23.557797,30.327954] | running acc 0.707 acc_norm 0.568 | 12892s
[318] Mercury_7024518 pred_raw=1 pred_norm=1 gold=1 nll=[24.653512,12.240383,29.392411,31.250736] | running acc 0.708 acc_norm 0.569 | 12919s
[319] Mercury_7084193 pred_raw=0 pred_norm=1 gold=1 nll=[16.229408,16.325565,23.958977,18.412969] | running acc 0.705 acc_norm 0.571 | 12955s
[320] NCEOGA_2013_5_45 pred_raw=1 pred_norm=1 gold=1 nll=[34.761806,20.019036,32.249399,32.764012] | running acc 0.706 acc_norm 0.572 | 13021s
[321] Mercury_7213640 pred_raw=3 pred_norm=3 gold=3 nll=[10.143566,13.618937,9.914873,4.056328] | running acc 0.707 acc_norm 0.573 | 13045s
[322] Mercury_7032673 pred_raw=3 pred_norm=3 gold=3 nll=[10.500444,17.293039,9.675976,5.644760] | running acc 0.708 acc_norm 0.575 | 13086s
[323] CSZ_2007_5_CSZ10148 pred_raw=0 pred_norm=0 gold=0 nll=[8.026252,13.525509,15.578079,11.143255] | running acc 0.709 acc_norm 0.576 | 13140s
[324] Mercury_SC_400924 pred_raw=2 pred_norm=2 gold=2 nll=[24.695560,24.641849,17.566169,20.753808] | running acc 0.710 acc_norm 0.577 | 13175s
[325] MEA_2014_5_4 pred_raw=3 pred_norm=3 gold=1 nll=[22.408557,26.404904,25.456409,21.066823] | running acc 0.708 acc_norm 0.575 | 13202s
[326] Mercury_7027318 pred_raw=0 pred_norm=0 gold=0 nll=[2.556755,5.447895,9.476577,4.948660] | running acc 0.709 acc_norm 0.577 | 13238s
[327] Mercury_SC_400054 pred_raw=3 pred_norm=3 gold=1 nll=[32.551539,28.943169,20.933957,18.979593] | running acc 0.706 acc_norm 0.575 | 13274s
[328] TIMSS_2011_4_pg76 pred_raw=3 pred_norm=0 gold=3 nll=[14.234316,16.678214,19.009397,13.735606] | running acc 0.707 acc_norm 0.573 | 13297s
[329] Mercury_7034930 pred_raw=2 pred_norm=2 gold=2 nll=[15.772720,15.930951,7.079188,10.997627] | running acc 0.708 acc_norm 0.574 | 13344s
[330] Mercury_7064663 pred_raw=2 pred_norm=2 gold=2 nll=[10.608955,8.751921,5.738118,11.441467] | running acc 0.709 acc_norm 0.576 | 13395s
[331] Mercury_7100415 pred_raw=0 pred_norm=0 gold=0 nll=[5.818579,8.997926,12.847674,9.272751] | running acc 0.710 acc_norm 0.577 | 13420s
[332] NAEP_2009_8_S10+1 pred_raw=2 pred_norm=2 gold=2 nll=[12.824111,16.796958,7.202385,14.325542] | running acc 0.711 acc_norm 0.578 | 13475s
[333] Mercury_7223073 pred_raw=3 pred_norm=3 gold=3 nll=[27.704264,21.165764,27.025858,14.309307] | running acc 0.712 acc_norm 0.580 | 13542s
[334] NYSEDREGENTS_2014_8_6 pred_raw=2 pred_norm=2 gold=2 nll=[16.322085,17.582725,11.646784,16.218580] | running acc 0.713 acc_norm 0.581 | 13573s
[335] Mercury_SC_400037 pred_raw=1 pred_norm=2 gold=1 nll=[10.979908,8.876716,12.769772,9.357408] | running acc 0.713 acc_norm 0.579 | 13604s
[336] Mercury_185203 pred_raw=1 pred_norm=1 gold=1 nll=[16.688364,10.597990,15.117889,15.546968] | running acc 0.714 acc_norm 0.580 | 13625s
[337] ACTAAP_2011_5_10 pred_raw=3 pred_norm=3 gold=3 nll=[38.301339,33.877503,34.683780,28.222497] | running acc 0.715 acc_norm 0.582 | 13683s
[338] Mercury_SC_400303 pred_raw=2 pred_norm=2 gold=2 nll=[12.094683,13.410924,6.727455,14.671597] | running acc 0.716 acc_norm 0.583 | 13708s
[339] Mercury_7140088 pred_raw=1 pred_norm=1 gold=1 nll=[21.988043,10.889031,30.933839,34.314678] | running acc 0.717 acc_norm 0.584 | 13793s
[340] Mercury_7011025 pred_raw=2 pred_norm=2 gold=2 nll=[14.288652,13.818066,6.356729,11.556492] | running acc 0.718 acc_norm 0.585 | 13815s
[341] Mercury_7201915 pred_raw=0 pred_norm=0 gold=0 nll=[8.136609,17.947193,16.092117,17.015612] | running acc 0.718 acc_norm 0.587 | 13849s
[342] Mercury_SC_405442 pred_raw=3 pred_norm=3 gold=3 nll=[12.574487,9.819964,15.199880,7.554666] | running acc 0.719 acc_norm 0.588 | 13875s
[343] Mercury_7082740 pred_raw=2 pred_norm=2 gold=2 nll=[10.459888,6.234020,4.654704,11.430050] | running acc 0.720 acc_norm 0.589 | 13895s
[344] Mercury_SC_402278 pred_raw=0 pred_norm=0 gold=0 nll=[9.262413,12.806289,16.749775,15.389982] | running acc 0.721 acc_norm 0.590 | 13935s
[345] Mercury_SC_417580 pred_raw=0 pred_norm=0 gold=3 nll=[9.589041,12.528808,17.781670,19.465101] | running acc 0.719 acc_norm 0.588 | 13966s
[346] Mercury_SC_410870 pred_raw=1 pred_norm=1 gold=3 nll=[24.404604,17.591287,32.703759,28.847005] | running acc 0.717 acc_norm 0.587 | 14008s
[347] Mercury_7211978 pred_raw=0 pred_norm=0 gold=0 nll=[5.049507,7.952373,19.664451,23.242906] | running acc 0.718 acc_norm 0.588 | 14138s
[348] Mercury_7282030 pred_raw=0 pred_norm=3 gold=3 nll=[25.896275,29.272678,39.431987,30.853325] | running acc 0.716 acc_norm 0.589 | 14162s
[349] Mercury_7008803 pred_raw=0 pred_norm=0 gold=0 nll=[13.371757,24.506210,20.740738,23.088734] | running acc 0.716 acc_norm 0.590 | 14184s
[350] Mercury_190138 pred_raw=1 pred_norm=2 gold=2 nll=[19.185763,14.187945,14.295832,21.260960] | running acc 0.714 acc_norm 0.591 | 14209s
[351] Mercury_7173513 pred_raw=0 pred_norm=2 gold=2 nll=[13.805959,15.093612,14.185678,17.700479] | running acc 0.712 acc_norm 0.593 | 14256s
[352] Mercury_SC_400391 pred_raw=1 pred_norm=0 gold=2 nll=[23.108880,22.081320,26.577280,25.064968] | running acc 0.710 acc_norm 0.591 | 14288s
[353] Mercury_179393 pred_raw=0 pred_norm=0 gold=0 nll=[26.365109,27.533547,26.398698,29.926561] | running acc 0.711 acc_norm 0.592 | 14313s
[354] Mercury_SC_405526 pred_raw=1 pred_norm=1 gold=2 nll=[19.084459,18.394280,25.718070,28.221508] | running acc 0.709 acc_norm 0.590 | 14348s
[355] MCAS_1999_4_3 pred_raw=0 pred_norm=0 gold=0 nll=[12.614517,21.267499,35.067972,29.743481] | running acc 0.710 acc_norm 0.592 | 14383s
[356] Mercury_SC_400862 pred_raw=3 pred_norm=3 gold=3 nll=[12.123045,20.868898,15.115843,11.885382] | running acc 0.711 acc_norm 0.593 | 14425s
[357] Mercury_7203508 pred_raw=3 pred_norm=1 gold=1 nll=[35.504602,24.431443,30.522555,17.741996] | running acc 0.709 acc_norm 0.594 | 14521s
[358] Mercury_7016573 pred_raw=0 pred_norm=3 gold=1 nll=[7.460711,9.137119,12.084457,12.658237] | running acc 0.707 acc_norm 0.592 | 14565s
[359] Mercury_SC_415772 pred_raw=1 pred_norm=1 gold=1 nll=[12.880003,4.893779,11.500853,5.949878] | running acc 0.708 acc_norm 0.593 | 14605s
[360] Mercury_7057540 pred_raw=3 pred_norm=3 gold=3 nll=[21.973672,29.273776,23.612953,21.816077] | running acc 0.708 acc_norm 0.594 | 14656s
[361] Mercury_417570 pred_raw=2 pred_norm=0 gold=2 nll=[27.903291,27.406313,25.252740,29.594078] | running acc 0.709 acc_norm 0.593 | 14771s
[362] Mercury_7064523 pred_raw=1 pred_norm=1 gold=1 nll=[11.461688,4.320454,15.857924,17.069645] | running acc 0.710 acc_norm 0.594 | 14801s
[363] Mercury_SC_401367 pred_raw=0 pred_norm=0 gold=0 nll=[5.948299,9.941828,12.012966,11.663464] | running acc 0.711 acc_norm 0.595 | 14825s
[364] Mercury_7090650 pred_raw=1 pred_norm=0 gold=1 nll=[12.303038,12.115691,13.583796,13.549531] | running acc 0.712 acc_norm 0.593 | 14856s
[365] NCEOGA_2013_5_48 pred_raw=3 pred_norm=0 gold=2 nll=[16.059330,16.288263,15.278610,15.136629] | running acc 0.710 acc_norm 0.592 | 14907s
[366] MDSA_2010_4_13 pred_raw=1 pred_norm=2 gold=2 nll=[14.885323,11.230635,11.781283,20.335728] | running acc 0.708 acc_norm 0.593 | 14942s
[367] Mercury_7247905 pred_raw=2 pred_norm=1 gold=2 nll=[13.383643,9.335509,6.944070,12.303319] | running acc 0.708 acc_norm 0.591 | 14963s
[368] WASL_2005_5_11 pred_raw=1 pred_norm=1 gold=1 nll=[34.463259,10.103700,31.584522] | running acc 0.709 acc_norm 0.592 | 14987s
[369] Mercury_7188265 pred_raw=2 pred_norm=2 gold=3 nll=[22.106243,33.152496,21.428932,26.280996] | running acc 0.707 acc_norm 0.591 | 15052s
[370] Mercury_401035 pred_raw=1 pred_norm=1 gold=1 nll=[13.226405,8.981063,23.499973,20.165224] | running acc 0.708 acc_norm 0.592 | 15094s
[371] Mercury_7213080 pred_raw=3 pred_norm=3 gold=3 nll=[7.383292,6.439427,6.895106,5.439263] | running acc 0.709 acc_norm 0.593 | 15124s
[372] Mercury_7233783 pred_raw=1 pred_norm=1 gold=1 nll=[16.359884,3.627430,11.349067,14.045542] | running acc 0.710 acc_norm 0.594 | 15157s
[373] MDSA_2008_5_39 pred_raw=2 pred_norm=3 gold=2 nll=[14.391484,15.608557,12.290856,15.355987] | running acc 0.710 acc_norm 0.592 | 15194s
[374] AKDE&ED_2008_4_22 pred_raw=3 pred_norm=3 gold=3 nll=[11.133078,8.723046,8.690229,4.234233] | running acc 0.711 acc_norm 0.594 | 15227s
[375] Mercury_7026600 pred_raw=1 pred_norm=3 gold=1 nll=[17.784580,14.271302,27.207972,17.848144] | running acc 0.712 acc_norm 0.592 | 15282s
[376] Mercury_7166740 pred_raw=0 pred_norm=0 gold=0 nll=[5.335069,17.491268,7.406858,10.324595] | running acc 0.713 acc_norm 0.593 | 15366s
[377] Mercury_7123480 pred_raw=1 pred_norm=1 gold=1 nll=[19.084025,12.569638,23.903732,24.534968] | running acc 0.714 acc_norm 0.594 | 15394s
[378] Mercury_SC_413454 pred_raw=2 pred_norm=2 gold=1 nll=[33.578877,20.482126,17.634706,32.012798] | running acc 0.712 acc_norm 0.593 | 15425s
[379] TIMSS_2011_4_pg90 pred_raw=0 pred_norm=0 gold=3 nll=[6.331372,11.589416,10.866050,12.709826] | running acc 0.710 acc_norm 0.591 | 15459s
[380] Mercury_7003710 pred_raw=0 pred_norm=0 gold=0 nll=[3.738974,8.679232,8.524400,7.859823] | running acc 0.711 acc_norm 0.592 | 15482s
[381] Mercury_SC_409254 pred_raw=3 pred_norm=0 gold=0 nll=[29.524168,30.675108,36.213026,24.920642] | running acc 0.709 acc_norm 0.593 | 15535s
[382] MDSA_2010_4_24 pred_raw=0 pred_norm=0 gold=0 nll=[3.034597,11.453243,15.415515,13.005601] | running acc 0.709 acc_norm 0.594 | 15581s
[383] TIMSS_2007_4_pg35 pred_raw=3 pred_norm=3 gold=2 nll=[17.685353,15.937359,15.849425,15.483113] | running acc 0.708 acc_norm 0.593 | 15602s
[384] Mercury_7064383 pred_raw=3 pred_norm=2 gold=3 nll=[23.479122,22.192923,17.369144,16.995249] | running acc 0.708 acc_norm 0.591 | 15627s
[385] MCAS_2013_8_29420 pred_raw=1 pred_norm=1 gold=1 nll=[43.539074,19.199601,42.426052,27.200801] | running acc 0.709 acc_norm 0.592 | 15709s
[386] Mercury_7248133 pred_raw=0 pred_norm=2 gold=1 nll=[6.914068,9.899060,9.065839,8.412940] | running acc 0.707 acc_norm 0.591 | 15762s
[387] Mercury_SC_413544 pred_raw=0 pred_norm=2 gold=2 nll=[16.142921,22.337401,16.720401,24.325863] | running acc 0.705 acc_norm 0.592 | 15833s
[388] Mercury_7041825 pred_raw=1 pred_norm=1 gold=1 nll=[10.833676,5.415733,9.255169,12.035117] | running acc 0.706 acc_norm 0.593 | 15865s
[389] Mercury_177380 pred_raw=0 pred_norm=2 gold=0 nll=[10.383800,16.672737,11.710585,18.752898] | running acc 0.707 acc_norm 0.591 | 15893s
[390] Mercury_7069528 pred_raw=0 pred_norm=0 gold=0 nll=[4.506415,7.836678,7.468626,10.302967] | running acc 0.708 acc_norm 0.592 | 15914s
[391] Mercury_SC_401245 pred_raw=1 pred_norm=3 gold=3 nll=[18.494644,16.905724,22.943648,18.169548] | running acc 0.706 acc_norm 0.593 | 15948s
[392] VASoL_2011_5_19 pred_raw=2 pred_norm=2 gold=2 nll=[8.902040,8.593940,4.701044,9.655424] | running acc 0.707 acc_norm 0.594 | 15969s
[393] Mercury_SC_400206 pred_raw=2 pred_norm=2 gold=2 nll=[34.299230,38.094455,28.864295,29.733237] | running acc 0.707 acc_norm 0.595 | 15996s
[394] Mercury_7215408 pred_raw=1 pred_norm=1 gold=1 nll=[7.680955,4.295715,9.176240,7.181085] | running acc 0.708 acc_norm 0.596 | 16021s
[395] Mercury_7205538 pred_raw=0 pred_norm=3 gold=0 nll=[16.959566,33.252204,18.951960,20.379514] | running acc 0.709 acc_norm 0.595 | 16061s
[396] WASL_2004_8_16 pred_raw=3 pred_norm=3 gold=3 nll=[21.154113,32.710644,22.391806,18.541504] | running acc 0.710 acc_norm 0.596 | 16122s
[397] Mercury_7210735 pred_raw=3 pred_norm=1 gold=3 nll=[28.478423,29.380182,29.530355,26.371988] | running acc 0.710 acc_norm 0.594 | 16175s
[398] Mercury_SC_400171 pred_raw=1 pred_norm=1 gold=1 nll=[26.231850,19.327573,25.942192,20.962804] | running acc 0.711 acc_norm 0.595 | 16209s
[399] Mercury_7084508 pred_raw=3 pred_norm=0 gold=1 nll=[22.058890,26.828315,19.804023,17.775186] | running acc 0.709 acc_norm 0.594 | 16227s
[400] Mercury_7027370 pred_raw=1 pred_norm=3 gold=3 nll=[5.589571,2.452612,7.405727,3.077825] | running acc 0.708 acc_norm 0.595 | 16277s
[401] MDSA_2011_5_6 pred_raw=1 pred_norm=1 gold=1 nll=[11.655057,11.350861,15.737811,16.193907] | running acc 0.708 acc_norm 0.596 | 16317s
[402] MCAS_1998_4_25 pred_raw=0 pred_norm=2 gold=2 nll=[5.171979,14.261627,5.987962,8.979544] | running acc 0.706 acc_norm 0.597 | 16390s
[403] Mercury_7014245 pred_raw=3 pred_norm=3 gold=3 nll=[31.507141,35.220920,34.933318,28.339292] | running acc 0.707 acc_norm 0.598 | 16473s
[404] Mercury_7271653 pred_raw=1 pred_norm=1 gold=0 nll=[22.822671,12.797508,41.739808,47.034880] | running acc 0.705 acc_norm 0.597 | 16543s
[405] MDSA_2011_4_36 pred_raw=1 pred_norm=1 gold=1 nll=[22.569615,12.222399,15.659182,14.925978] | running acc 0.706 acc_norm 0.598 | 16584s
[406] Mercury_7177940 pred_raw=2 pred_norm=1 gold=2 nll=[32.629939,15.673958,13.523930,15.336040] | running acc 0.707 acc_norm 0.596 | 16621s
[407] MCAS_2005_5_27 pred_raw=0 pred_norm=0 gold=0 nll=[5.123954,12.716450,9.765588,12.430324] | running acc 0.708 acc_norm 0.597 | 16641s
[408] TIMSS_2007_8_pg105 pred_raw=0 pred_norm=0 gold=0 nll=[6.078240,12.048187,31.939971,19.458229] | running acc 0.708 acc_norm 0.598 | 16668s
[409] Mercury_SC_401178 pred_raw=0 pred_norm=0 gold=0 nll=[14.957532,22.299752,30.492291,27.973137] | running acc 0.709 acc_norm 0.599 | 16695s
[410] Mercury_7186918 pred_raw=1 pred_norm=3 gold=1 nll=[14.711366,14.043206,18.346314,17.038277] | running acc 0.710 acc_norm 0.598 | 16755s
[411] Mercury_7245140 pred_raw=0 pred_norm=0 gold=0 nll=[21.327126,38.370834,36.545699,51.673054] | running acc 0.710 acc_norm 0.599 | 16791s
[412] NYSEDREGENTS_2014_8_5 pred_raw=1 pred_norm=1 gold=1 nll=[11.838636,6.198773,13.517629,11.174048] | running acc 0.711 acc_norm 0.600 | 16811s
[413] Mercury_7012968 pred_raw=0 pred_norm=3 gold=3 nll=[19.227149,20.406793,21.484222,22.719474] | running acc 0.709 acc_norm 0.600 | 16872s
[414] Mercury_7183225 pred_raw=1 pred_norm=3 gold=3 nll=[7.915115,4.796956,11.848344,5.137367] | running acc 0.708 acc_norm 0.601 | 16958s
[415] Mercury_SC_LBS10789 pred_raw=3 pred_norm=3 gold=3 nll=[9.077833,10.952905,11.234558,7.626625] | running acc 0.708 acc_norm 0.602 | 16977s
[416] Mercury_7080500 pred_raw=0 pred_norm=3 gold=3 nll=[24.932565,28.363930,34.054986,25.074825] | running acc 0.707 acc_norm 0.603 | 17031s
[417] Mercury_7007893 pred_raw=3 pred_norm=3 gold=3 nll=[13.302358,23.615491,15.254518,8.293141] | running acc 0.707 acc_norm 0.604 | 17051s
[418] Mercury_7163748 pred_raw=2 pred_norm=2 gold=2 nll=[15.653031,18.941354,11.109143,19.223808] | running acc 0.708 acc_norm 0.605 | 17115s
[419] Mercury_7222933 pred_raw=2 pred_norm=2 gold=2 nll=[31.406514,32.542133,28.781036,54.014794] | running acc 0.709 acc_norm 0.606 | 17145s
[420] VASoL_2010_3_5 pred_raw=2 pred_norm=2 gold=2 nll=[4.796928,6.632137,4.012686,10.574441] | running acc 0.710 acc_norm 0.607 | 17178s
[421] Mercury_SC_409390 pred_raw=3 pred_norm=3 gold=1 nll=[27.266111,37.187047,43.627590,26.983043] | running acc 0.708 acc_norm 0.606 | 17216s
[422] Mercury_7252648 pred_raw=0 pred_norm=0 gold=0 nll=[10.177371,13.956811,17.598743,21.526448] | running acc 0.709 acc_norm 0.607 | 17243s
[423] Mercury_7218558 pred_raw=0 pred_norm=3 gold=0 nll=[24.867784,27.843172,38.629533,43.238010] | running acc 0.709 acc_norm 0.605 | 17309s
[424] NYSEDREGENTS_2014_4_18 pred_raw=0 pred_norm=0 gold=0 nll=[5.872882,8.167771,14.960716,11.590592] | running acc 0.710 acc_norm 0.606 | 17372s
[425] NYSEDREGENTS_2014_8_22 pred_raw=2 pred_norm=2 gold=2 nll=[8.896204,8.380445,3.857244,9.590960] | running acc 0.711 acc_norm 0.607 | 17386s
[426] Mercury_SC_400049 pred_raw=3 pred_norm=3 gold=3 nll=[21.287403,21.634198,22.703192,15.360202] | running acc 0.711 acc_norm 0.608 | 17403s
[427] Mercury_7188475 pred_raw=1 pred_norm=1 gold=1 nll=[18.841269,11.624325,24.026127,16.970618] | running acc 0.712 acc_norm 0.609 | 17442s
[428] NYSEDREGENTS_2014_4_21 pred_raw=3 pred_norm=3 gold=3 nll=[13.025298,13.588408,9.860568,8.277637] | running acc 0.713 acc_norm 0.610 | 17496s
[429] Mercury_SC_400058 pred_raw=0 pred_norm=0 gold=3 nll=[18.432128,22.529385,20.003191,18.884593] | running acc 0.711 acc_norm 0.608 | 17534s
[430] Mercury_SC_406155 pred_raw=0 pred_norm=0 gold=1 nll=[14.518007,25.723537,26.260732,24.291306] | running acc 0.709 acc_norm 0.607 | 17570s
[431] Mercury_400813 pred_raw=0 pred_norm=0 gold=0 nll=[7.088864,27.528269,29.690032,18.779046] | running acc 0.710 acc_norm 0.608 | 17620s
[432] LEAP__5_10316 pred_raw=2 pred_norm=2 gold=2 nll=[18.689436,21.491649,18.479061,23.730198] | running acc 0.711 acc_norm 0.609 | 17645s
[433] MCAS_2009_8_4 pred_raw=3 pred_norm=3 gold=2 nll=[19.311316,20.977997,16.303872,13.763296] | running acc 0.709 acc_norm 0.607 | 17673s
[434] MDSA_2010_8_17 pred_raw=1 pred_norm=1 gold=1 nll=[14.488674,9.440358,24.929648,25.925010] | running acc 0.710 acc_norm 0.608 | 17727s
[435] Mercury_7170835 pred_raw=3 pred_norm=0 gold=2 nll=[18.912911,22.141683,19.998930,16.599404] | running acc 0.708 acc_norm 0.607 | 17794s
[436] Mercury_7107398 pred_raw=2 pred_norm=2 gold=1 nll=[27.413472,30.895735,19.809961,27.272702] | running acc 0.706 acc_norm 0.606 | 17863s
[437] ACTAAP_2011_5_12 pred_raw=2 pred_norm=3 gold=2 nll=[16.210230,21.208317,13.359785,15.065100] | running acc 0.707 acc_norm 0.604 | 17917s
[438] Mercury_SC_405721 pred_raw=0 pred_norm=0 gold=0 nll=[7.002035,19.143481,15.369405,24.980073] | running acc 0.708 acc_norm 0.605 | 17990s
[439] TIMSS_2003_4_pg29 pred_raw=2 pred_norm=2 gold=2 nll=[26.736877,21.335169,11.819769,13.189418,17.340889] | running acc 0.708 acc_norm 0.606 | 18057s
[440] Mercury_7103338 pred_raw=3 pred_norm=3 gold=0 nll=[9.481906,12.862164,14.759002,7.952327] | running acc 0.707 acc_norm 0.605 | 18083s
[441] Mercury_7030590 pred_raw=3 pred_norm=3 gold=3 nll=[18.799091,21.273830,19.734650,13.649187] | running acc 0.707 acc_norm 0.605 | 18203s
[442] NYSEDREGENTS_2014_8_7 pred_raw=0 pred_norm=0 gold=0 nll=[21.638403,27.981824,40.120173,24.580814] | running acc 0.708 acc_norm 0.606 | 18238s
[443] Mercury_7269063 pred_raw=3 pred_norm=3 gold=3 nll=[9.060881,9.460594,14.632827,8.333658] | running acc 0.709 acc_norm 0.607 | 18300s
[444] MEA_2010_8_14-v1 pred_raw=1 pred_norm=1 gold=1 nll=[15.389401,11.899067,15.031127,16.993086] | running acc 0.709 acc_norm 0.608 | 18326s
[445] MCAS_2004_5_26 pred_raw=0 pred_norm=3 gold=3 nll=[10.338331,10.811146,15.773311,12.850830] | running acc 0.708 acc_norm 0.609 | 18364s
[446] Mercury_SC_401256 pred_raw=0 pred_norm=0 gold=0 nll=[7.724137,15.520367,17.194676,14.769858] | running acc 0.709 acc_norm 0.610 | 18383s
[447] Mercury_7180968 pred_raw=1 pred_norm=1 gold=3 nll=[18.236286,11.132508,22.201446,17.155842] | running acc 0.707 acc_norm 0.609 | 18469s
[448] Mercury_7083948 pred_raw=3 pred_norm=1 gold=1 nll=[15.449179,8.753327,14.850621,6.286218] | running acc 0.705 acc_norm 0.609 | 18496s
[449] Mercury_SC_401622 pred_raw=0 pred_norm=3 gold=2 nll=[10.768935,13.096768,13.091982,10.960497] | running acc 0.704 acc_norm 0.608 | 18533s
[450] Mercury_188773 pred_raw=3 pred_norm=3 gold=3 nll=[19.416837,17.119995,15.683254,11.133999] | running acc 0.704 acc_norm 0.609 | 18574s
[451] Mercury_7233363 pred_raw=1 pred_norm=0 gold=1 nll=[7.622997,5.376956,10.516318,11.318478] | running acc 0.705 acc_norm 0.608 | 18625s
[452] MCAS_2009_8_18 pred_raw=3 pred_norm=3 gold=3 nll=[11.551931,13.857158,12.121390,11.090660] | running acc 0.706 acc_norm 0.608 | 18693s
[453] Mercury_7212013 pred_raw=3 pred_norm=3 gold=3 nll=[18.360215,19.227747,20.234172,12.995095] | running acc 0.706 acc_norm 0.609 | 18780s
[454] Mercury_SC_LBS10689 pred_raw=2 pred_norm=2 gold=2 nll=[14.061604,13.510908,7.997606,15.514898] | running acc 0.707 acc_norm 0.610 | 18798s
[455] MCAS_2004_9_6 pred_raw=2 pred_norm=2 gold=1 nll=[12.445473,10.969867,8.707224,11.705663] | running acc 0.705 acc_norm 0.609 | 18905s
[456] AKDE&ED_2012_8_53 pred_raw=3 pred_norm=3 gold=2 nll=[9.073622,7.221375,6.826480,6.314179] | running acc 0.704 acc_norm 0.607 | 18973s
[457] Mercury_7032550 pred_raw=0 pred_norm=2 gold=2 nll=[14.933702,17.224136,15.541789,25.232195] | running acc 0.702 acc_norm 0.608 | 19004s
[458] Mercury_7172673 pred_raw=3 pred_norm=3 gold=3 nll=[25.088474,25.349438,19.986661,19.756197] | running acc 0.703 acc_norm 0.609 | 19050s
[459] Mercury_7016783 pred_raw=1 pred_norm=1 gold=0 nll=[12.503563,11.087533,17.757210,18.667682] | running acc 0.702 acc_norm 0.608 | 19075s
[460] Mercury_409399 pred_raw=1 pred_norm=1 gold=1 nll=[8.977433,6.687548,13.661293,12.195003] | running acc 0.702 acc_norm 0.609 | 19141s
[461] Mercury_7207253 pred_raw=3 pred_norm=3 gold=3 nll=[26.065288,28.104001,29.267529,19.886734] | running acc 0.703 acc_norm 0.610 | 19169s
[462] Mercury_7227990 pred_raw=3 pred_norm=3 gold=3 nll=[8.915711,8.002246,9.315201,3.306034] | running acc 0.703 acc_norm 0.610 | 19198s
[463] Mercury_SC_402253 pred_raw=2 pred_norm=3 gold=0 nll=[9.714799,6.934384,5.800464,6.508160] | running acc 0.702 acc_norm 0.609 | 19222s
[464] Mercury_SC_400194 pred_raw=0 pred_norm=2 gold=1 nll=[14.172558,19.434321,16.289348,22.835241] | running acc 0.700 acc_norm 0.608 | 19249s
[465] Mercury_7032568 pred_raw=1 pred_norm=1 gold=0 nll=[11.459450,7.069587,19.752784,23.903878] | running acc 0.699 acc_norm 0.606 | 19272s
[466] Mercury_SC_LBS10612 pred_raw=0 pred_norm=0 gold=0 nll=[7.660618,17.409598,19.479792,12.363433] | running acc 0.700 acc_norm 0.607 | 19302s
[467] Mercury_7008330 pred_raw=2 pred_norm=2 gold=2 nll=[18.866929,14.965889,12.303483,14.939134] | running acc 0.700 acc_norm 0.608 | 19322s
[468] Mercury_7108413 pred_raw=2 pred_norm=2 gold=2 nll=[10.469227,10.906421,5.647251,9.650765] | running acc 0.701 acc_norm 0.609 | 19376s
[469] Mercury_7176085 pred_raw=3 pred_norm=3 gold=3 nll=[24.926779,22.435358,11.849292,6.172276] | running acc 0.701 acc_norm 0.610 | 19424s
[470] Mercury_7043593 pred_raw=2 pred_norm=2 gold=2 nll=[15.942634,15.249494,8.751644,17.702482] | running acc 0.702 acc_norm 0.611 | 19475s
[471] Mercury_7033705 pred_raw=2 pred_norm=2 gold=3 nll=[11.285530,10.811929,9.350144,21.252756] | running acc 0.701 acc_norm 0.609 | 19508s
[472] Mercury_7114083 pred_raw=1 pred_norm=3 gold=1 nll=[11.004485,9.291585,13.675781,15.024260] | running acc 0.701 acc_norm 0.608 | 19530s
[473] Mercury_SC_LBS10785 pred_raw=1 pred_norm=1 gold=1 nll=[15.686904,15.397117,17.813273,21.271658] | running acc 0.702 acc_norm 0.609 | 19566s
[474] Mercury_7114013 pred_raw=2 pred_norm=2 gold=0 nll=[22.018729,24.680076,21.620321,34.076637] | running acc 0.700 acc_norm 0.608 | 19590s
[475] Mercury_192903 pred_raw=0 pred_norm=0 gold=0 nll=[8.089112,11.853074,11.740174,11.784823] | running acc 0.701 acc_norm 0.608 | 19618s
[476] Mercury_7082093 pred_raw=0 pred_norm=3 gold=0 nll=[9.279556,14.827000,17.956338,11.243676] | running acc 0.702 acc_norm 0.607 | 19650s
[477] Mercury_7004708 pred_raw=0 pred_norm=0 gold=0 nll=[11.971680,24.321933,27.343387,23.881244] | running acc 0.702 acc_norm 0.608 | 19681s
[478] Mercury_SC_LBS10783 pred_raw=1 pred_norm=1 gold=1 nll=[9.397279,7.435063,16.316849,13.577615] | running acc 0.703 acc_norm 0.609 | 19707s
[479] Mercury_7037433 pred_raw=1 pred_norm=1 gold=1 nll=[10.111733,5.476467,12.198098,10.086114] | running acc 0.704 acc_norm 0.610 | 19745s
[480] Mercury_SC_400033 pred_raw=1 pred_norm=1 gold=1 nll=[42.683311,33.452157,34.474736,38.838309] | running acc 0.704 acc_norm 0.610 | 19778s
[481] NYSEDREGENTS_2014_4_25 pred_raw=1 pred_norm=1 gold=1 nll=[20.368332,16.935322,30.613467,36.930402] | running acc 0.705 acc_norm 0.611 | 19801s
[482] Mercury_SC_402287 pred_raw=0 pred_norm=3 gold=3 nll=[19.817146,22.054371,21.183408,21.901940] | running acc 0.703 acc_norm 0.612 | 19834s
[483] Mercury_SC_414364 pred_raw=0 pred_norm=0 gold=2 nll=[16.592440,28.848895,31.935274,26.880825] | running acc 0.702 acc_norm 0.611 | 19864s
[484] Mercury_7250215 pred_raw=1 pred_norm=1 gold=1 nll=[38.941215,29.909825,49.397929,47.879338] | running acc 0.702 acc_norm 0.612 | 19893s
[485] Mercury_7138898 pred_raw=2 pred_norm=2 gold=2 nll=[22.656609,7.962708,5.846963,16.151303] | running acc 0.703 acc_norm 0.612 | 19945s
[486] Mercury_7010920 pred_raw=0 pred_norm=1 gold=0 nll=[12.925829,16.083012,17.722458,18.744561] | running acc 0.704 acc_norm 0.611 | 19973s
[487] Mercury_403682 pred_raw=1 pred_norm=1 gold=1 nll=[5.068068,3.762155,7.879501,8.236434] | running acc 0.704 acc_norm 0.612 | 20013s
[488] Mercury_7026828 pred_raw=0 pred_norm=0 gold=0 nll=[6.574749,14.429616,19.657389,20.353114] | running acc 0.705 acc_norm 0.613 | 20070s
[489] Mercury_7235760 pred_raw=0 pred_norm=0 gold=0 nll=[24.006759,32.807022,39.692730,35.940697] | running acc 0.706 acc_norm 0.613 | 20102s
[490] Mercury_406772 pred_raw=2 pred_norm=3 gold=2 nll=[15.476643,16.639372,10.930391,13.531533] | running acc 0.706 acc_norm 0.612 | 20131s
[491] Mercury_7217525 pred_raw=0 pred_norm=0 gold=0 nll=[5.504243,13.811668,11.066388,12.583732] | running acc 0.707 acc_norm 0.613 | 20156s
[492] Mercury_SC_405302 pred_raw=2 pred_norm=0 gold=0 nll=[8.165835,7.736052,6.645410,10.264828] | running acc 0.705 acc_norm 0.614 | 20177s
[493] Mercury_7032708 pred_raw=2 pred_norm=2 gold=2 nll=[14.174494,9.967062,6.423863,8.699841] | running acc 0.706 acc_norm 0.615 | 20216s
[494] Mercury_7082583 pred_raw=1 pred_norm=1 gold=1 nll=[8.163925,7.779497,13.920493,11.726339] | running acc 0.706 acc_norm 0.615 | 20245s
[495] Mercury_7245875 pred_raw=1 pred_norm=1 gold=1 nll=[22.240483,15.964275,21.356651,20.824612] | running acc 0.707 acc_norm 0.616 | 20272s
[496] Mercury_7122798 pred_raw=2 pred_norm=2 gold=2 nll=[13.508099,12.447304,8.188606,14.140387] | running acc 0.708 acc_norm 0.617 | 20311s
[497] VASoL_2008_3_39 pred_raw=3 pred_norm=3 gold=3 nll=[9.891208,11.427363,14.176808,7.412950] | running acc 0.708 acc_norm 0.618 | 20352s
[498] MSA_2015_8_26 pred_raw=3 pred_norm=3 gold=1 nll=[3.560945,2.866156,4.120530,2.631563] | running acc 0.707 acc_norm 0.616 | 20395s
[499] Mercury_177013 pred_raw=0 pred_norm=0 gold=0 nll=[10.785195,29.527831,15.561893,33.007875] | running acc 0.707 acc_norm 0.617 | 20458s
[500] Mercury_SC_400185 pred_raw=3 pred_norm=3 gold=0 nll=[18.627469,21.077209,21.313254,17.716936] | running acc 0.706 acc_norm 0.616 | 20484s
[501] Mercury_SC_402159 pred_raw=0 pred_norm=2 gold=2 nll=[13.457772,16.199979,17.421046,32.931783] | running acc 0.705 acc_norm 0.617 | 20523s
[502] VASoL_2009_5_31 pred_raw=3 pred_norm=3 gold=3 nll=[34.630577,31.303327,25.520203,18.102090] | running acc 0.705 acc_norm 0.618 | 20551s
[503] Mercury_SC_401598 pred_raw=0 pred_norm=2 gold=2 nll=[17.190354,18.926494,20.516970,23.805691] | running acc 0.704 acc_norm 0.618 | 20575s
[504] MCAS_2004_8_24 pred_raw=1 pred_norm=3 gold=2 nll=[8.133020,6.492836,7.676858,8.550008] | running acc 0.702 acc_norm 0.617 | 20607s
[505] Mercury_SC_413081 pred_raw=0 pred_norm=0 gold=0 nll=[15.582624,26.485937,22.551296,22.824509] | running acc 0.703 acc_norm 0.618 | 20631s
[506] CSZ_2008_5_CSZ50776 pred_raw=2 pred_norm=2 gold=2 nll=[31.652419,25.439366,23.468784,36.224665] | running acc 0.704 acc_norm 0.619 | 20666s
[507] MCAS_1998_4_22 pred_raw=2 pred_norm=2 gold=3 nll=[46.839918,54.443331,44.903975,52.898293] | running acc 0.702 acc_norm 0.617 | 20729s
[508] Mercury_7267785 pred_raw=0 pred_norm=0 gold=3 nll=[1.370222,2.120278,4.205772,1.808896] | running acc 0.701 acc_norm 0.616 | 20767s
[509] Mercury_SC_405035 pred_raw=1 pred_norm=1 gold=1 nll=[17.943190,13.156857,16.618973,17.259049] | running acc 0.701 acc_norm 0.617 | 20826s
[510] TIMSS_2003_4_pg85 pred_raw=0 pred_norm=2 gold=1 nll=[9.327401,9.971962,15.015264,22.970824] | running acc 0.700 acc_norm 0.616 | 20853s
[511] Mercury_7032200 pred_raw=3 pred_norm=3 gold=3 nll=[14.256730,27.080946,19.663598,11.786710] | running acc 0.701 acc_norm 0.616 | 20894s
[512] Mercury_SC_408374 pred_raw=3 pred_norm=3 gold=3 nll=[4.059902,5.230169,6.995497,3.233118] | running acc 0.701 acc_norm 0.617 | 20948s
[513] LEAP_2009_8_10431 pred_raw=1 pred_norm=1 gold=1 nll=[27.947492,18.530322,24.528909,27.810596] | running acc 0.702 acc_norm 0.618 | 20975s
[514] Mercury_7082460 pred_raw=3 pred_norm=1 gold=1 nll=[43.733827,40.557072,46.728008,38.055086] | running acc 0.700 acc_norm 0.619 | 21008s
[515] Mercury_7143150 pred_raw=1 pred_norm=3 gold=3 nll=[16.576303,13.193367,13.412749,13.233435] | running acc 0.699 acc_norm 0.619 | 21036s
[516] Mercury_7103373 pred_raw=3 pred_norm=3 gold=3 nll=[12.886063,10.469031,18.088800,7.997105] | running acc 0.700 acc_norm 0.620 | 21073s
[517] Mercury_SC_407720 pred_raw=3 pred_norm=3 gold=1 nll=[13.635039,12.843603,24.044925,11.559207] | running acc 0.698 acc_norm 0.619 | 21100s
[518] MCAS_2002_8_19 pred_raw=3 pred_norm=3 gold=3 nll=[6.961310,5.475087,10.306932,4.865708] | running acc 0.699 acc_norm 0.620 | 21138s
[519] Mercury_7009940 pred_raw=0 pred_norm=0 gold=1 nll=[23.710415,28.921637,34.524908,26.856260] | running acc 0.697 acc_norm 0.618 | 21168s
[520] Mercury_7239645 pred_raw=1 pred_norm=1 gold=0 nll=[3.601713,2.692863,7.716583,8.004058] | running acc 0.696 acc_norm 0.617 | 21231s
[521] Mercury_7026268 pred_raw=1 pred_norm=1 gold=1 nll=[16.819421,7.103250,13.299511,15.701809] | running acc 0.697 acc_norm 0.618 | 21310s
[522] Mercury_7057610 pred_raw=1 pred_norm=1 gold=1 nll=[14.023614,9.645319,14.071964,10.955858] | running acc 0.697 acc_norm 0.619 | 21366s
[523] VASoL_2009_5_14 pred_raw=1 pred_norm=1 gold=1 nll=[21.213675,15.923869,20.537055,23.157751] | running acc 0.698 acc_norm 0.620 | 21391s
[524] Mercury_SC_400589 pred_raw=3 pred_norm=3 gold=2 nll=[15.941437,12.367000,11.516384,10.433333] | running acc 0.697 acc_norm 0.618 | 21420s
[525] TIMSS_1995_8_I11 pred_raw=0 pred_norm=0 gold=2 nll=[53.010871,53.558536,53.165064,53.877539] | running acc 0.695 acc_norm 0.617 | 21451s
[526] MCAS_2000_8_30 pred_raw=1 pred_norm=1 gold=2 nll=[43.672015,27.542968,38.349683,35.934937] | running acc 0.694 acc_norm 0.616 | 21479s
[527] Mercury_7171553 pred_raw=3 pred_norm=0 gold=0 nll=[11.927836,12.691431,9.815352,9.211621] | running acc 0.693 acc_norm 0.617 | 21513s
[528] Mercury_7190015 pred_raw=3 pred_norm=3 gold=3 nll=[13.154218,12.259822,12.100005,10.684478] | running acc 0.693 acc_norm 0.617 | 21574s
[529] Mercury_7032830 pred_raw=0 pred_norm=3 gold=0 nll=[8.416410,12.170051,10.843110,16.328768] | running acc 0.694 acc_norm 0.616 | 21608s
[530] AIMS_2008_4_17 pred_raw=2 pred_norm=3 gold=2 nll=[11.784530,11.871700,9.729937,11.507022] | running acc 0.694 acc_norm 0.615 | 21638s
[531] Mercury_7271618 pred_raw=2 pred_norm=2 gold=3 nll=[11.976186,10.084695,9.326890,9.463002] | running acc 0.693 acc_norm 0.614 | 21666s
[532] NCEOGA_2013_8_46 pred_raw=0 pred_norm=2 gold=0 nll=[26.033745,46.203676,34.513034,35.658055] | running acc 0.694 acc_norm 0.613 | 21699s
[533] Mercury_7084560 pred_raw=3 pred_norm=3 gold=3 nll=[10.394323,11.390255,21.479028,8.930418] | running acc 0.694 acc_norm 0.614 | 21733s
[534] MCAS_2005_8_35 pred_raw=0 pred_norm=0 gold=0 nll=[6.696764,12.680646,15.477243,12.805942] | running acc 0.695 acc_norm 0.614 | 21813s
[535] Mercury_7202388 pred_raw=0 pred_norm=0 gold=0 nll=[14.618720,18.682948,18.475510,26.843984] | running acc 0.695 acc_norm 0.615 | 21888s
[536] Mercury_7210403 pred_raw=0 pred_norm=0 gold=0 nll=[11.544794,12.930109,14.948630,14.587147] | running acc 0.696 acc_norm 0.616 | 21946s
[537] Mercury_SC_401826 pred_raw=0 pred_norm=0 gold=0 nll=[17.509673,22.759942,42.833290,47.396174] | running acc 0.696 acc_norm 0.616 | 21972s
[538] Mercury_7269028 pred_raw=0 pred_norm=0 gold=0 nll=[6.422297,12.271117,15.532586,16.862892] | running acc 0.697 acc_norm 0.617 | 22003s
[539] Mercury_SC_407784 pred_raw=1 pred_norm=1 gold=1 nll=[10.112780,6.307457,10.900768,28.454689] | running acc 0.698 acc_norm 0.618 | 22031s
[540] Mercury_7042508 pred_raw=1 pred_norm=2 gold=1 nll=[12.957310,12.938272,14.123657,17.377021] | running acc 0.698 acc_norm 0.617 | 22061s
[541] Mercury_7271443 pred_raw=0 pred_norm=0 gold=0 nll=[25.987369,27.458741,28.856391,34.488749] | running acc 0.699 acc_norm 0.617 | 22107s
[542] TIMSS_2003_8_pg98 pred_raw=0 pred_norm=3 gold=3 nll=[4.985905,8.228624,10.903496,9.728211] | running acc 0.697 acc_norm 0.618 | 22139s
[543] Mercury_7029873 pred_raw=2 pred_norm=2 gold=2 nll=[24.042203,31.942625,17.415471,32.176564] | running acc 0.698 acc_norm 0.619 | 22168s
[544] Mercury_7228323 pred_raw=2 pred_norm=2 gold=2 nll=[38.267529,30.842422,28.133628,43.394654] | running acc 0.699 acc_norm 0.619 | 22204s
[545] Mercury_7217140 pred_raw=1 pred_norm=1 gold=2 nll=[36.188826,26.238710,39.990291,46.693993] | running acc 0.697 acc_norm 0.618 | 22247s
[546] Mercury_SC_400515 pred_raw=0 pred_norm=0 gold=0 nll=[18.517627,27.029465,23.634471,28.460288] | running acc 0.698 acc_norm 0.619 | 22280s
[547] MCAS_2003_8_13 pred_raw=3 pred_norm=3 gold=2 nll=[13.405134,12.873115,12.085697,8.723278] | running acc 0.697 acc_norm 0.618 | 22301s
[548] OHAT_2009_5_4 pred_raw=0 pred_norm=0 gold=0 nll=[19.734209,26.555525,24.666516,29.402628] | running acc 0.697 acc_norm 0.619 | 22382s
[549] ACTAAP_2012_7_16 pred_raw=1 pred_norm=1 gold=3 nll=[5.611391,2.392932,5.815006,2.967914] | running acc 0.696 acc_norm 0.617 | 22411s
[550] Mercury_7156800 pred_raw=1 pred_norm=2 gold=2 nll=[12.027206,9.076359,9.714481,15.989498] | running acc 0.695 acc_norm 0.618 | 22524s
[551] VASoL_2007_3_32 pred_raw=1 pred_norm=1 gold=1 nll=[9.947435,4.100005,6.276089,6.492217] | running acc 0.695 acc_norm 0.619 | 22562s
[552] Mercury_SC_416126 pred_raw=1 pred_norm=1 gold=0 nll=[12.550296,11.038023,18.336189,14.901041] | running acc 0.694 acc_norm 0.618 | 22596s
[553] Mercury_SC_416133 pred_raw=1 pred_norm=1 gold=1 nll=[28.032422,25.396510,26.632624,31.238478] | running acc 0.694 acc_norm 0.618 | 22623s
[554] Mercury_7254520 pred_raw=0 pred_norm=0 gold=0 nll=[5.774046,7.557223,9.611089,8.811301] | running acc 0.695 acc_norm 0.619 | 22650s
[555] Mercury_7037415 pred_raw=1 pred_norm=1 gold=1 nll=[7.086959,6.543454,12.116030,12.488032] | running acc 0.695 acc_norm 0.620 | 22695s
[556] Mercury_7221533 pred_raw=3 pred_norm=3 gold=3 nll=[14.551711,7.580553,11.126063,3.359965] | running acc 0.696 acc_norm 0.621 | 22726s
[557] Mercury_SC_410965 pred_raw=2 pred_norm=2 gold=2 nll=[15.368601,15.675219,8.272041,15.770524] | running acc 0.697 acc_norm 0.621 | 22797s
[558] TIMSS_2011_8_pg106 pred_raw=2 pred_norm=2 gold=2 nll=[23.796750,27.538599,19.343685,32.423635] | running acc 0.697 acc_norm 0.622 | 22880s
[559] Mercury_406736 pred_raw=1 pred_norm=1 gold=1 nll=[23.487467,17.462560,27.164137,27.874101] | running acc 0.698 acc_norm 0.623 | 22914s
[560] Mercury_SC_400691 pred_raw=3 pred_norm=3 gold=1 nll=[15.436835,16.137713,18.456299,12.009487] | running acc 0.696 acc_norm 0.621 | 22967s
[561] NYSEDREGENTS_2014_8_18 pred_raw=1 pred_norm=1 gold=0 nll=[10.646278,9.216607,15.831076,20.237829] | running acc 0.695 acc_norm 0.620 | 22991s
[562] Mercury_404901 pred_raw=2 pred_norm=2 gold=2 nll=[9.652437,10.274152,7.409717,12.039257] | running acc 0.696 acc_norm 0.621 | 23016s
[563] Mercury_7006265 pred_raw=1 pred_norm=0 gold=1 nll=[8.797406,7.603464,9.243077,21.975926] | running acc 0.696 acc_norm 0.620 | 23040s
[564] MCAS_2006_9_16 pred_raw=2 pred_norm=2 gold=2 nll=[30.341267,26.984001,23.189325,45.090657] | running acc 0.697 acc_norm 0.621 | 23087s
[565] MCAS_2006_9_9-v1 pred_raw=3 pred_norm=3 gold=3 nll=[21.241941,18.512196,17.346619,10.843957] | running acc 0.697 acc_norm 0.621 | 23136s
[566] MCAS_2011_8_17687 pred_raw=1 pred_norm=3 gold=1 nll=[28.780180,27.189038,33.921060,27.836603] | running acc 0.698 acc_norm 0.620 | 23204s
[567] Mercury_7214480 pred_raw=0 pred_norm=3 gold=3 nll=[3.992959,4.838352,4.721055,4.325951] | running acc 0.697 acc_norm 0.621 | 23246s
[568] Mercury_7094098 pred_raw=1 pred_norm=1 gold=2 nll=[14.172305,9.918306,15.307106,17.302736] | running acc 0.695 acc_norm 0.620 | 23281s
[569] Mercury_SC_401188 pred_raw=0 pred_norm=3 gold=0 nll=[8.346209,13.417127,15.672909,12.424616] | running acc 0.696 acc_norm 0.619 | 23305s
[570] Mercury_7193078 pred_raw=2 pred_norm=2 gold=2 nll=[25.929234,32.855276,10.359050,17.060666] | running acc 0.696 acc_norm 0.619 | 23374s
--------------------------------------------------
MC summary: n=570 acc=0.6965 (397/570) acc_norm=0.6193 (353/570)
tokens forwarded: 92923 | wall 23373.8s (3.98 tok/s)
--------------------------------------------------
NOTE: vocab 32768 tokens (full source vocab; cross-tokenizer PPLs are not comparable).
Report this number only alongside that caveat.
--- PAIRED VERDICT n=570 (computed 2026-07-18, script inline, results m3_{1b,3b}_results_n570.jsonl) ---
raw acc:  1B 0.6965 vs 3B 0.7193 (delta +2.28 pts) | both 351, only-1B 46, only-3B 59, neither 114 | McNemar exact two-sided p=0.2414
acc_norm: 1B 0.6193 vs 3B 0.6316 (delta +1.23 pts) | both 301, only-1B 52, only-3B 59, neither 158 | McNemar exact two-sided p=0.5692
=> 3B trend positive but NOT significant at n=570. The ~9.2% PPL edge still does not
   translate to a statistically measurable ARC-Easy advantage. Detecting +2.3 pts at
   this discordant rate needs n~2000+. M16 finding CONFIRMED at full-validation size.
