=== M3 baseline: Falcon-E-3b ARC-Easy FULL validation n=570 seed42 (launched 2026-07-18T11:01:19Z) ===
==================================================
 A.L.I.C.E. Perplexity Evaluator (measured)
==================================================
Engine online. SIMD level: AVX2+FMA
MC mode: items=model-lab/data/evals/arc_easy/arc_easy_val_n570_seed42.jsonl out=model-lab/data/evals/arc_easy/m3_3b_results_n570.jsonl
Scoring: acc: pred = argmin_k cont_nll[k] (raw sum over continuation tokens); acc_norm: pred = argmax_k(-cont_nll[k] / utf8_byte_len(choice_text_k)); ties -> lower index
[1] MCAS_2000_4_6 pred_raw=1 pred_norm=0 gold=0 nll=[15.890071,10.483845,16.139383,16.938334] | running acc 0.000 acc_norm 1.000 | 34s
[2] Mercury_7057260 pred_raw=1 pred_norm=2 gold=2 nll=[12.058920,11.156092,11.771022,20.175545] | running acc 0.000 acc_norm 1.000 | 112s
[3] ACTAAP_2014_7_6 pred_raw=0 pred_norm=0 gold=0 nll=[1.637273,4.165172,5.962710,4.228051] | running acc 0.333 acc_norm 1.000 | 187s
[4] Mercury_7122448 pred_raw=1 pred_norm=1 gold=1 nll=[11.578856,8.448020,14.901661,15.310013] | running acc 0.500 acc_norm 1.000 | 266s
[5] Mercury_SC_416516 pred_raw=1 pred_norm=1 gold=1 nll=[19.791026,11.951672,15.493717,26.121318] | running acc 0.600 acc_norm 1.000 | 313s
[6] MCAS_2016_8_3 pred_raw=2 pred_norm=2 gold=2 nll=[10.076161,10.124167,7.138161,12.307399] | running acc 0.667 acc_norm 1.000 | 459s
[7] Mercury_7030153 pred_raw=2 pred_norm=2 gold=2 nll=[29.816356,13.828714,7.833567,15.000902] | running acc 0.714 acc_norm 1.000 | 586s
[8] AKDE&ED_2012_8_43 pred_raw=2 pred_norm=2 gold=2 nll=[13.869360,16.423636,7.073747,20.225801] | running acc 0.750 acc_norm 1.000 | 635s
[9] NYSEDREGENTS_2014_8_10 pred_raw=0 pred_norm=2 gold=0 nll=[14.386254,18.778397,16.352931,23.038296] | running acc 0.778 acc_norm 0.889 | 695s
[10] Mercury_SC_LBS10938 pred_raw=0 pred_norm=0 gold=3 nll=[12.603315,22.405573,19.099746,20.949045] | running acc 0.700 acc_norm 0.800 | 734s
[11] ACTAAP_2007_7_19 pred_raw=0 pred_norm=0 gold=0 nll=[5.247289,10.536560,11.621987,16.169845] | running acc 0.727 acc_norm 0.818 | 763s
[12] Mercury_176873 pred_raw=0 pred_norm=0 gold=0 nll=[6.571761,15.920416,8.669758,12.123041] | running acc 0.750 acc_norm 0.833 | 809s
[13] Mercury_SC_LBS10170 pred_raw=2 pred_norm=3 gold=1 nll=[24.000193,18.912360,18.041579,18.980341] | running acc 0.692 acc_norm 0.769 | 845s
[14] Mercury_400978 pred_raw=0 pred_norm=0 gold=0 nll=[1.577158,10.575764,2.745186,11.540941] | running acc 0.714 acc_norm 0.786 | 925s
[15] Mercury_7185220 pred_raw=0 pred_norm=0 gold=0 nll=[3.017653,9.277438,5.040732,8.890172] | running acc 0.733 acc_norm 0.800 | 1009s
[16] Mercury_7213378 pred_raw=2 pred_norm=2 gold=1 nll=[21.396502,20.021513,18.776902,20.687763] | running acc 0.688 acc_norm 0.750 | 1046s
[17] Mercury_7241343 pred_raw=1 pred_norm=1 gold=3 nll=[10.610555,4.354540,11.534936,10.178607] | running acc 0.647 acc_norm 0.706 | 1157s
[18] TIMSS_1995_8_J5 pred_raw=1 pred_norm=1 gold=1 nll=[5.581876,1.004469,5.538398,7.110299,11.067141] | running acc 0.667 acc_norm 0.722 | 1200s
[19] Mercury_7271583 pred_raw=2 pred_norm=2 gold=2 nll=[7.632185,7.543446,4.802056,6.809695] | running acc 0.684 acc_norm 0.737 | 1273s
[20] Mercury_412415 pred_raw=1 pred_norm=1 gold=1 nll=[12.109157,7.227520,12.218346,7.715976] | running acc 0.700 acc_norm 0.750 | 1353s
[21] Mercury_SC_400175 pred_raw=1 pred_norm=1 gold=1 nll=[7.724371,6.905811,17.726011,9.458611] | running acc 0.714 acc_norm 0.762 | 1410s
[22] Mercury_7006213 pred_raw=3 pred_norm=3 gold=0 nll=[9.891855,11.142703,13.747027,9.354320] | running acc 0.682 acc_norm 0.727 | 1464s
[23] NCEOGA_2013_5_28 pred_raw=1 pred_norm=1 gold=0 nll=[4.712917,3.434736,7.437428,5.204943] | running acc 0.652 acc_norm 0.696 | 1556s
[24] Mercury_SC_407569 pred_raw=0 pred_norm=0 gold=0 nll=[9.074968,12.172042,15.514462,13.324069] | running acc 0.667 acc_norm 0.708 | 1631s
[25] MCAS_1999_8_35 pred_raw=2 pred_norm=3 gold=1 nll=[28.007012,20.928838,18.956876,19.351399] | running acc 0.640 acc_norm 0.680 | 1674s
[26] ACTAAP_2009_5_14 pred_raw=0 pred_norm=3 gold=0 nll=[10.217160,14.544107,19.199759,18.742531] | running acc 0.654 acc_norm 0.654 | 1778s
[27] Mercury_7112788 pred_raw=1 pred_norm=2 gold=1 nll=[15.491327,12.051733,14.326545,18.590567] | running acc 0.667 acc_norm 0.630 | 1898s
[28] Mercury_7137463 pred_raw=0 pred_norm=0 gold=0 nll=[14.759195,23.935472,17.845264,20.137714] | running acc 0.679 acc_norm 0.643 | 2018s
[29] Mercury_7008435 pred_raw=3 pred_norm=3 gold=3 nll=[20.058793,16.632864,13.054981,8.329451] | running acc 0.690 acc_norm 0.655 | 2050s
[30] Mercury_SC_401208 pred_raw=0 pred_norm=0 gold=0 nll=[4.487171,12.794161,21.229551,17.678871] | running acc 0.700 acc_norm 0.667 | 2111s
[31] Mercury_7057925 pred_raw=0 pred_norm=0 gold=0 nll=[9.757184,14.575010,17.716359,20.289077] | running acc 0.710 acc_norm 0.677 | 2154s
[32] OHAT_2008_5_13 pred_raw=0 pred_norm=0 gold=3 nll=[15.135665,20.220279,27.614323,30.614599] | running acc 0.688 acc_norm 0.656 | 2366s
[33] Mercury_7013073 pred_raw=2 pred_norm=2 gold=2 nll=[11.074476,12.876134,8.874763,15.165920] | running acc 0.697 acc_norm 0.667 | 2422s
[34] ACTAAP_2013_5_16 pred_raw=0 pred_norm=0 gold=0 nll=[13.210820,24.598680,17.103514,36.719040] | running acc 0.706 acc_norm 0.676 | 2465s
[35] Mercury_SC_415396 pred_raw=0 pred_norm=0 gold=0 nll=[11.457687,14.398147,17.740086,17.956721] | running acc 0.714 acc_norm 0.686 | 2504s
[36] Mercury_7179638 pred_raw=3 pred_norm=2 gold=3 nll=[27.655479,24.149794,23.381994,21.645311] | running acc 0.722 acc_norm 0.667 | 2606s
[37] ACTAAP_2011_5_2 pred_raw=3 pred_norm=3 gold=3 nll=[18.326326,11.286047,15.860687,5.317011] | running acc 0.730 acc_norm 0.676 | 2649s
[38] Mercury_7249970 pred_raw=1 pred_norm=3 gold=0 nll=[19.195953,16.688802,22.289875,22.778914] | running acc 0.711 acc_norm 0.658 | 2712s
[39] Mercury_7092418 pred_raw=0 pred_norm=2 gold=0 nll=[11.028720,16.002235,15.956643,20.448391] | running acc 0.718 acc_norm 0.641 | 2788s
[40] MCAS_2012_8_23641 pred_raw=1 pred_norm=1 gold=1 nll=[15.518228,13.524676,35.979921,33.713912] | running acc 0.725 acc_norm 0.650 | 2869s
[41] MEA_2010_8_12 pred_raw=2 pred_norm=1 gold=1 nll=[28.578097,24.865044,20.076246,36.042914] | running acc 0.707 acc_norm 0.659 | 2952s
[42] Mercury_SC_401158 pred_raw=1 pred_norm=1 gold=1 nll=[11.133467,2.697577,6.612551,14.812670] | running acc 0.714 acc_norm 0.667 | 2992s
[43] Mercury_7091928 pred_raw=3 pred_norm=0 gold=2 nll=[15.389477,16.709347,13.750950,13.439670] | running acc 0.698 acc_norm 0.651 | 3071s
[44] Mercury_7112735 pred_raw=2 pred_norm=2 gold=2 nll=[6.011078,8.771249,3.232448,5.725119] | running acc 0.705 acc_norm 0.659 | 3182s
[45] Mercury_7040863 pred_raw=2 pred_norm=3 gold=2 nll=[13.627498,12.773965,10.671584,15.020505] | running acc 0.711 acc_norm 0.644 | 3235s
[46] Mercury_7268818 pred_raw=2 pred_norm=1 gold=3 nll=[13.710537,14.963468,12.630874,14.978600] | running acc 0.696 acc_norm 0.630 | 3283s
[47] VASoL_2007_3_33 pred_raw=1 pred_norm=1 gold=1 nll=[13.889009,6.508795,20.347304,14.078291] | running acc 0.702 acc_norm 0.638 | 3339s
[48] LEAP_2001_4_10239 pred_raw=0 pred_norm=0 gold=0 nll=[2.894016,11.667410,4.196800,12.127104] | running acc 0.708 acc_norm 0.646 | 3427s
[49] Mercury_SC_400840 pred_raw=0 pred_norm=0 gold=0 nll=[9.986172,17.241218,25.166544,21.763184] | running acc 0.714 acc_norm 0.653 | 3482s
[50] AIMS_2008_8_9 pred_raw=2 pred_norm=2 gold=3 nll=[31.963302,33.330186,28.310978,41.636562] | running acc 0.700 acc_norm 0.640 | 3540s
[51] Mercury_7263305 pred_raw=0 pred_norm=3 gold=0 nll=[5.315861,14.787517,15.638962,12.681246] | running acc 0.706 acc_norm 0.627 | 3584s
[52] TIMSS_2011_8_pg139 pred_raw=2 pred_norm=2 gold=2 nll=[15.581110,12.843380,9.810748,19.978440] | running acc 0.712 acc_norm 0.635 | 3660s
[53] Mercury_7173845 pred_raw=3 pred_norm=3 gold=0 nll=[12.926671,13.673468,16.748707,12.086131] | running acc 0.698 acc_norm 0.623 | 3765s
[54] Mercury_7239208 pred_raw=1 pred_norm=3 gold=1 nll=[26.901542,26.109675,32.748295,28.073123] | running acc 0.704 acc_norm 0.611 | 3830s
[55] Mercury_7064050 pred_raw=3 pred_norm=3 gold=3 nll=[6.933305,7.513090,16.236343,5.937209] | running acc 0.709 acc_norm 0.618 | 3918s
[56] Mercury_400540 pred_raw=2 pred_norm=2 gold=2 nll=[40.821211,42.886115,32.806175,35.391110] | running acc 0.714 acc_norm 0.625 | 3982s
[57] ACTAAP_2010_7_15 pred_raw=1 pred_norm=1 gold=1 nll=[21.034643,14.950714,31.195017,28.442745] | running acc 0.719 acc_norm 0.632 | 4148s
[58] Mercury_7137673 pred_raw=2 pred_norm=2 gold=2 nll=[10.091245,8.951343,4.508448,10.906042] | running acc 0.724 acc_norm 0.638 | 4276s
[59] MCAS_2013_5_29401 pred_raw=1 pred_norm=3 gold=3 nll=[21.366178,16.990315,25.189507,17.924841] | running acc 0.712 acc_norm 0.644 | 4435s
[60] NYSEDREGENTS_2014_4_24 pred_raw=3 pred_norm=3 gold=3 nll=[14.163373,15.661132,15.478467,6.448425] | running acc 0.717 acc_norm 0.650 | 4504s
[61] Mercury_7194425 pred_raw=2 pred_norm=2 gold=3 nll=[11.867465,12.392122,6.435019,10.629045] | running acc 0.705 acc_norm 0.639 | 4565s
[62] Mercury_7004165 pred_raw=0 pred_norm=0 gold=0 nll=[4.779354,10.869534,15.796655,19.155403] | running acc 0.710 acc_norm 0.645 | 4608s
[63] Mercury_7086205 pred_raw=0 pred_norm=0 gold=0 nll=[5.609835,13.127007,9.820710,20.486109] | running acc 0.714 acc_norm 0.651 | 4649s
[64] NYSEDREGENTS_2014_8_8 pred_raw=1 pred_norm=1 gold=1 nll=[13.372725,7.610680,17.602139,19.872082] | running acc 0.719 acc_norm 0.656 | 4687s
[65] Mercury_7041948 pred_raw=0 pred_norm=0 gold=0 nll=[4.472027,7.276383,15.129704,15.096653] | running acc 0.723 acc_norm 0.662 | 4753s
[66] Mercury_7092348 pred_raw=0 pred_norm=0 gold=3 nll=[12.007484,28.348545,25.505110,41.912862] | running acc 0.712 acc_norm 0.652 | 4845s
[67] VASoL_2009_5_25 pred_raw=3 pred_norm=3 gold=1 nll=[14.346499,15.282183,22.226728,14.081563] | running acc 0.701 acc_norm 0.642 | 4908s
[68] Mercury_7212713 pred_raw=0 pred_norm=0 gold=1 nll=[20.636196,35.948223,25.041422,24.372756] | running acc 0.691 acc_norm 0.632 | 5013s
[69] Mercury_SC_406661 pred_raw=2 pred_norm=2 gold=3 nll=[29.726056,26.080913,13.273178,16.093360] | running acc 0.681 acc_norm 0.623 | 5066s
[70] NCEOGA_2013_5_51 pred_raw=3 pred_norm=2 gold=2 nll=[17.197687,12.393067,14.192398,12.339095] | running acc 0.671 acc_norm 0.629 | 5158s
[71] Mercury_7163940 pred_raw=3 pred_norm=3 gold=3 nll=[5.990906,8.389938,10.486557,2.490329] | running acc 0.676 acc_norm 0.634 | 5240s
[72] Mercury_7164658 pred_raw=2 pred_norm=2 gold=2 nll=[11.572092,10.827807,4.021245,9.739661] | running acc 0.681 acc_norm 0.639 | 5336s
[73] Mercury_7197908 pred_raw=2 pred_norm=1 gold=2 nll=[9.766886,4.275907,3.702771,12.647199] | running acc 0.685 acc_norm 0.630 | 5403s
[74] Mercury_7080448 pred_raw=3 pred_norm=2 gold=3 nll=[6.140665,5.273568,2.796460,2.575050] | running acc 0.689 acc_norm 0.622 | 5539s
[75] Mercury_7130498 pred_raw=0 pred_norm=2 gold=2 nll=[6.966153,8.786536,8.788103,11.515364] | running acc 0.680 acc_norm 0.627 | 5630s
[76] MCAS_2013_5_17 pred_raw=0 pred_norm=0 gold=0 nll=[5.223687,6.756377,6.299145,5.680843] | running acc 0.684 acc_norm 0.632 | 5728s
[77] Mercury_7136623 pred_raw=2 pred_norm=2 gold=2 nll=[31.521840,28.670240,15.032484,27.620387] | running acc 0.688 acc_norm 0.636 | 5801s
[78] Mercury_7014508 pred_raw=1 pred_norm=2 gold=1 nll=[28.571475,22.019916,33.146220,34.886393] | running acc 0.692 acc_norm 0.628 | 5879s
[79] Mercury_SC_401652 pred_raw=0 pred_norm=0 gold=0 nll=[22.800301,30.836813,35.631720,33.792397] | running acc 0.696 acc_norm 0.633 | 5939s
[80] Mercury_7069003 pred_raw=0 pred_norm=1 gold=1 nll=[14.958535,19.184030,25.549833,20.906600] | running acc 0.688 acc_norm 0.637 | 5983s
[81] TIMSS_2007_4_pg110 pred_raw=2 pred_norm=2 gold=2 nll=[11.784701,15.812420,10.076381,16.532272] | running acc 0.691 acc_norm 0.642 | 6056s
[82] Mercury_183190 pred_raw=2 pred_norm=3 gold=2 nll=[23.714255,26.603635,19.058806,22.796965] | running acc 0.695 acc_norm 0.634 | 6104s
[83] Mercury_SC_416137 pred_raw=2 pred_norm=2 gold=2 nll=[13.541045,16.977097,4.968433,15.801653] | running acc 0.699 acc_norm 0.639 | 6149s
[84] Mercury_SC_401592 pred_raw=2 pred_norm=2 gold=0 nll=[16.782619,17.004291,15.957350,16.432823] | running acc 0.690 acc_norm 0.631 | 6191s
[85] Mercury_7032288 pred_raw=2 pred_norm=2 gold=2 nll=[7.268126,7.355988,5.070760,5.785522] | running acc 0.694 acc_norm 0.635 | 6328s
[86] Mercury_7007630 pred_raw=1 pred_norm=3 gold=1 nll=[20.577387,11.628824,16.172299,11.999825] | running acc 0.698 acc_norm 0.628 | 6366s
[87] NYSEDREGENTS_2014_8_25 pred_raw=1 pred_norm=1 gold=1 nll=[13.545517,6.473794,13.320251,12.156020] | running acc 0.701 acc_norm 0.632 | 6414s
[88] Mercury_182665 pred_raw=2 pred_norm=2 gold=1 nll=[24.418191,21.739235,9.787965,20.608440] | running acc 0.693 acc_norm 0.625 | 6457s
[89] Mercury_189018 pred_raw=1 pred_norm=1 gold=1 nll=[8.490456,5.541592,10.883988,9.139184] | running acc 0.697 acc_norm 0.629 | 6523s
[90] Mercury_SC_405304 pred_raw=1 pred_norm=1 gold=3 nll=[6.807654,3.717215,9.159866,4.558037] | running acc 0.689 acc_norm 0.622 | 6620s
[91] MCAS_2004_5_12 pred_raw=2 pred_norm=2 gold=1 nll=[11.181003,12.141082,10.014944,10.409732] | running acc 0.681 acc_norm 0.615 | 6802s
[92] MCAS_2004_9_16 pred_raw=0 pred_norm=0 gold=0 nll=[9.892577,36.117277,25.876366,23.158755] | running acc 0.685 acc_norm 0.620 | 6946s
[93] Mercury_7107363 pred_raw=1 pred_norm=2 gold=1 nll=[34.018505,23.880196,24.650740,28.380540] | running acc 0.688 acc_norm 0.613 | 7201s
[94] Mercury_7083965 pred_raw=2 pred_norm=3 gold=2 nll=[16.484622,16.844210,15.619778,18.687294] | running acc 0.691 acc_norm 0.606 | 7251s
[95] Mercury_SC_416156 pred_raw=1 pred_norm=0 gold=1 nll=[11.924600,9.520890,13.630530,15.456052] | running acc 0.695 acc_norm 0.600 | 7284s
[96] Mercury_7082688 pred_raw=0 pred_norm=0 gold=0 nll=[8.932998,16.222740,14.299055,18.443965] | running acc 0.698 acc_norm 0.604 | 7349s
[97] CSZ20680 pred_raw=1 pred_norm=1 gold=3 nll=[13.661670,9.555367,16.571952,16.239040] | running acc 0.691 acc_norm 0.598 | 7418s
[98] Mercury_7228568 pred_raw=2 pred_norm=2 gold=2 nll=[16.536030,14.753605,6.925694,15.721249] | running acc 0.694 acc_norm 0.602 | 7476s
[99] Mercury_7269220 pred_raw=0 pred_norm=2 gold=0 nll=[7.278513,11.071012,17.216457,17.571787] | running acc 0.697 acc_norm 0.596 | 7595s
[100] AKDE&ED_2012_4_35 pred_raw=1 pred_norm=1 gold=1 nll=[32.028142,26.857933,43.729906,47.425435] | running acc 0.700 acc_norm 0.600 | 7715s
[101] VASoL_2007_5_26 pred_raw=1 pred_norm=1 gold=1 nll=[5.573903,2.493891,12.666186,7.003756] | running acc 0.703 acc_norm 0.604 | 7756s
[102] TIMSS_2003_8_pg96 pred_raw=2 pred_norm=2 gold=2 nll=[24.301472,16.935109,10.788950,11.742054] | running acc 0.706 acc_norm 0.608 | 7814s
[103] Mercury_7119805 pred_raw=2 pred_norm=2 gold=2 nll=[10.249432,8.149148,4.498925,7.996943] | running acc 0.709 acc_norm 0.612 | 7899s
[104] Mercury_SC_402067 pred_raw=1 pred_norm=3 gold=2 nll=[27.149705,12.184217,20.137089,37.268231] | running acc 0.702 acc_norm 0.606 | 7954s
[105] Mercury_189770 pred_raw=0 pred_norm=3 gold=3 nll=[10.219517,12.115060,32.354607,15.100618] | running acc 0.695 acc_norm 0.610 | 8018s
[106] Mercury_SC_403016 pred_raw=3 pred_norm=3 gold=3 nll=[14.001629,17.340673,12.247587,2.843639] | running acc 0.698 acc_norm 0.613 | 8056s
[107] Mercury_7044730 pred_raw=2 pred_norm=2 gold=2 nll=[5.876753,11.732720,4.077989,10.847851] | running acc 0.701 acc_norm 0.617 | 8137s
[108] Mercury_7270025 pred_raw=2 pred_norm=2 gold=2 nll=[33.307203,22.206684,15.947220,16.988510] | running acc 0.704 acc_norm 0.620 | 8188s
[109] Mercury_7252683 pred_raw=0 pred_norm=3 gold=3 nll=[11.063509,25.520870,15.589123,18.028854] | running acc 0.697 acc_norm 0.624 | 8245s
[110] Mercury_7017080 pred_raw=2 pred_norm=2 gold=2 nll=[11.883573,6.650678,4.616861,8.871260] | running acc 0.700 acc_norm 0.627 | 8287s
[111] MCAS_2011_5_17662 pred_raw=0 pred_norm=0 gold=0 nll=[22.987869,37.799546,41.303110,37.513066] | running acc 0.703 acc_norm 0.631 | 8388s
[112] Mercury_7041580 pred_raw=1 pred_norm=3 gold=1 nll=[11.483607,10.352331,12.147206,11.104382] | running acc 0.705 acc_norm 0.625 | 8429s
[113] Mercury_7204050 pred_raw=3 pred_norm=0 gold=3 nll=[16.126662,12.796094,15.100959,12.272656] | running acc 0.708 acc_norm 0.619 | 8563s
[114] Mercury_7024378 pred_raw=0 pred_norm=2 gold=0 nll=[13.388911,25.642983,18.002750,25.054287] | running acc 0.711 acc_norm 0.614 | 8617s
[115] Mercury_7251755 pred_raw=3 pred_norm=2 gold=1 nll=[10.591212,7.427278,9.833995,6.581801] | running acc 0.704 acc_norm 0.609 | 8710s
[116] Mercury_SC_LBS10682 pred_raw=3 pred_norm=2 gold=1 nll=[16.611294,15.892640,15.949692,15.603407] | running acc 0.698 acc_norm 0.603 | 8769s
[117] NYSEDREGENTS_2014_8_42 pred_raw=2 pred_norm=1 gold=2 nll=[18.141318,15.012270,12.442421,15.411934] | running acc 0.701 acc_norm 0.598 | 8822s
[118] OHAT_2011_5_20 pred_raw=0 pred_norm=0 gold=0 nll=[21.710451,28.416906,38.864426,32.277717] | running acc 0.703 acc_norm 0.602 | 8935s
[119] NYSEDREGENTS_2014_8_24 pred_raw=0 pred_norm=0 gold=0 nll=[13.039423,16.470010,16.730093,20.845901] | running acc 0.706 acc_norm 0.605 | 8983s
[120] Mercury_7084123 pred_raw=1 pred_norm=1 gold=2 nll=[9.086655,3.754439,4.764769,6.655991] | running acc 0.700 acc_norm 0.600 | 9092s
[121] Mercury_7038098 pred_raw=0 pred_norm=3 gold=0 nll=[6.472578,9.071059,9.143445,10.622729] | running acc 0.702 acc_norm 0.595 | 9225s
[122] MDSA_2010_4_7 pred_raw=1 pred_norm=1 gold=1 nll=[10.557651,6.112940,7.728662,10.220394] | running acc 0.705 acc_norm 0.598 | 9284s
[123] Mercury_7175700 pred_raw=1 pred_norm=1 gold=1 nll=[10.992181,10.100245,15.440058,16.688580] | running acc 0.707 acc_norm 0.602 | 9370s
[124] Mercury_7206448 pred_raw=2 pred_norm=3 gold=1 nll=[34.789326,30.945026,30.552226,31.087883] | running acc 0.702 acc_norm 0.597 | 9461s
[125] Mercury_7007665 pred_raw=3 pred_norm=3 gold=3 nll=[6.528034,13.163313,5.777472,5.360552] | running acc 0.704 acc_norm 0.600 | 9509s
[126] Mercury_408929 pred_raw=3 pred_norm=3 gold=3 nll=[5.502625,5.013946,4.068798,1.872733] | running acc 0.706 acc_norm 0.603 | 9643s
[127] Mercury_7094080 pred_raw=0 pred_norm=0 gold=0 nll=[17.036861,20.214782,21.760319,20.310734] | running acc 0.709 acc_norm 0.606 | 9687s
[128] Mercury_7068495 pred_raw=2 pred_norm=2 gold=2 nll=[9.860434,12.086764,7.717100,18.305195] | running acc 0.711 acc_norm 0.609 | 9739s
[129] TIMSS_2007_4_pg81 pred_raw=2 pred_norm=2 gold=2 nll=[15.316989,14.485832,8.264986,21.921635] | running acc 0.713 acc_norm 0.612 | 9790s
[130] AKDE&ED_2008_4_12 pred_raw=0 pred_norm=0 gold=0 nll=[9.882501,19.469496,26.041602,19.032039] | running acc 0.715 acc_norm 0.615 | 9865s
[131] TIMSS_2011_4_pg72 pred_raw=0 pred_norm=0 gold=0 nll=[5.126962,16.874962,15.502357,24.043565] | running acc 0.718 acc_norm 0.618 | 9928s
[132] LEAP_2011_8_10435 pred_raw=1 pred_norm=1 gold=1 nll=[20.748947,8.954381,15.558269,28.086634] | running acc 0.720 acc_norm 0.621 | 9993s
[133] Mercury_SC_407391 pred_raw=0 pred_norm=0 gold=1 nll=[13.285135,15.728827,19.034089,21.187271] | running acc 0.714 acc_norm 0.617 | 10041s
[134] Mercury_SC_401340 pred_raw=2 pred_norm=2 gold=2 nll=[9.303210,7.940358,7.738574,12.989472] | running acc 0.716 acc_norm 0.619 | 10070s
[135] NYSEDREGENTS_2014_8_21 pred_raw=2 pred_norm=2 gold=2 nll=[6.395621,8.930288,3.595239,11.921789] | running acc 0.719 acc_norm 0.622 | 10140s
[136] Mercury_178728 pred_raw=3 pred_norm=3 gold=3 nll=[7.875100,7.925022,9.188613,4.353987] | running acc 0.721 acc_norm 0.625 | 10199s
[137] Mercury_416365 pred_raw=1 pred_norm=1 gold=2 nll=[5.343461,4.924016,10.603976,12.782228] | running acc 0.715 acc_norm 0.620 | 10307s
[138] Mercury_411424 pred_raw=1 pred_norm=1 gold=1 nll=[15.927163,11.927343,12.054101,16.671873] | running acc 0.717 acc_norm 0.623 | 10436s
[139] Mercury_7015715 pred_raw=2 pred_norm=2 gold=2 nll=[16.679502,16.416121,9.895906,14.466547] | running acc 0.719 acc_norm 0.626 | 10485s
[140] Mercury_7172218 pred_raw=3 pred_norm=3 gold=2 nll=[16.998888,19.943402,22.736533,15.882275] | running acc 0.714 acc_norm 0.621 | 10618s
[141] Mercury_7094185 pred_raw=1 pred_norm=3 gold=2 nll=[15.176964,14.203669,14.579877,15.459480] | running acc 0.709 acc_norm 0.617 | 10677s
[142] Mercury_7161053 pred_raw=0 pred_norm=0 gold=0 nll=[4.376555,9.605248,13.600368,16.546766] | running acc 0.711 acc_norm 0.620 | 10785s
[143] MCAS_2002_5_12 pred_raw=0 pred_norm=0 gold=0 nll=[5.734890,12.001273,11.172706,16.556341] | running acc 0.713 acc_norm 0.622 | 10888s
[144] Mercury_7248378 pred_raw=0 pred_norm=0 gold=0 nll=[5.503283,20.444779,13.398762,29.502651] | running acc 0.715 acc_norm 0.625 | 10940s
[145] Mercury_7134698 pred_raw=0 pred_norm=0 gold=1 nll=[10.916006,13.889779,20.003735,14.113304] | running acc 0.710 acc_norm 0.621 | 11046s
[146] Mercury_7213553 pred_raw=3 pred_norm=3 gold=3 nll=[21.503831,16.657974,20.932348,14.868754] | running acc 0.712 acc_norm 0.623 | 11093s
[147] NCEOGA_2013_5_15 pred_raw=3 pred_norm=3 gold=3 nll=[12.116325,14.318042,14.570226,9.088803] | running acc 0.714 acc_norm 0.626 | 11135s
[148] Mercury_SC_400370 pred_raw=0 pred_norm=0 gold=0 nll=[18.376503,25.217718,37.088756,24.808554] | running acc 0.716 acc_norm 0.628 | 11190s
[149] Mercury_SC_401137 pred_raw=3 pred_norm=3 gold=3 nll=[8.997376,14.378526,8.498876,6.064528] | running acc 0.718 acc_norm 0.631 | 11258s
[150] Mercury_7107030 pred_raw=3 pred_norm=3 gold=3 nll=[30.639411,30.242386,34.512547,18.637316] | running acc 0.720 acc_norm 0.633 | 11313s
[151] Mercury_7018200 pred_raw=0 pred_norm=1 gold=0 nll=[18.457767,20.026727,20.099066,19.660733] | running acc 0.722 acc_norm 0.629 | 11353s
[152] Mercury_7092138 pred_raw=1 pred_norm=3 gold=0 nll=[18.557687,18.001564,24.541150,20.899103] | running acc 0.717 acc_norm 0.625 | 11398s
[153] Mercury_7139685 pred_raw=0 pred_norm=0 gold=0 nll=[13.036675,20.779655,24.532253,13.109022] | running acc 0.719 acc_norm 0.627 | 11441s
[154] NYSEDREGENTS_2014_8_2 pred_raw=3 pred_norm=2 gold=3 nll=[16.854808,13.957160,14.409256,11.682663] | running acc 0.721 acc_norm 0.623 | 11481s
[155] Mercury_7233538 pred_raw=0 pred_norm=1 gold=0 nll=[7.473160,9.453618,8.755735,10.487745] | running acc 0.723 acc_norm 0.619 | 11531s
[156] Mercury_7236128 pred_raw=3 pred_norm=3 gold=3 nll=[12.596275,8.936111,6.348238,3.431030] | running acc 0.724 acc_norm 0.622 | 11644s
[157] Mercury_182683 pred_raw=3 pred_norm=3 gold=1 nll=[12.377332,7.414665,21.725755,5.882129] | running acc 0.720 acc_norm 0.618 | 11781s
[158] Mercury_7216755 pred_raw=0 pred_norm=0 gold=0 nll=[4.525040,9.664688,5.150255,18.089871] | running acc 0.722 acc_norm 0.620 | 11862s
[159] Mercury_7013090 pred_raw=1 pred_norm=1 gold=1 nll=[5.532311,4.796940,7.179555,7.663776] | running acc 0.723 acc_norm 0.623 | 11924s
[160] Mercury_7248273 pred_raw=1 pred_norm=2 gold=1 nll=[8.932436,4.935501,8.925704,9.383750] | running acc 0.725 acc_norm 0.619 | 12003s
[161] Mercury_7187215 pred_raw=2 pred_norm=2 gold=2 nll=[27.209488,25.929234,11.235444,13.700168] | running acc 0.727 acc_norm 0.621 | 12115s
[162] Mercury_7206500 pred_raw=0 pred_norm=0 gold=0 nll=[9.047097,18.643831,12.775171,21.533032] | running acc 0.728 acc_norm 0.623 | 12261s
[163] Mercury_7141348 pred_raw=3 pred_norm=3 gold=3 nll=[22.139680,27.359348,21.549359,11.085269] | running acc 0.730 acc_norm 0.626 | 12324s
[164] Mercury_7044783 pred_raw=0 pred_norm=2 gold=0 nll=[7.905921,10.427198,10.732824,9.513825] | running acc 0.732 acc_norm 0.622 | 12371s
[165] Mercury_SC_400002 pred_raw=0 pred_norm=0 gold=0 nll=[21.545681,28.043930,40.882945,40.756415] | running acc 0.733 acc_norm 0.624 | 12430s
[166] Mercury_7227973 pred_raw=1 pred_norm=2 gold=1 nll=[22.855200,5.017754,17.635878,14.567578] | running acc 0.735 acc_norm 0.620 | 12487s
[167] Mercury_7026863 pred_raw=0 pred_norm=2 gold=1 nll=[17.811297,19.453591,18.666478,30.153625] | running acc 0.731 acc_norm 0.617 | 12541s
[168] Mercury_7068565 pred_raw=0 pred_norm=0 gold=0 nll=[7.792514,14.351643,13.384402,8.535526] | running acc 0.732 acc_norm 0.619 | 12582s
[169] NYSEDREGENTS_2014_8_39 pred_raw=3 pred_norm=3 gold=3 nll=[10.450987,8.706544,11.541007,4.133431] | running acc 0.734 acc_norm 0.621 | 12633s
[170] Mercury_SC_415696 pred_raw=0 pred_norm=3 gold=3 nll=[27.362041,41.018337,41.338230,29.544692] | running acc 0.729 acc_norm 0.624 | 12683s
[171] Mercury_7227850 pred_raw=0 pred_norm=0 gold=0 nll=[14.819094,22.979615,20.532167,21.382287] | running acc 0.731 acc_norm 0.626 | 12727s
[172] Mercury_7228515 pred_raw=1 pred_norm=1 gold=1 nll=[22.266861,11.410162,26.096485,23.751731] | running acc 0.733 acc_norm 0.628 | 12789s
[173] AIMS_2008_8_8 pred_raw=1 pred_norm=1 gold=2 nll=[19.760553,19.129726,45.332262,44.765028] | running acc 0.728 acc_norm 0.624 | 12885s
[174] Mercury_SC_405215 pred_raw=1 pred_norm=3 gold=1 nll=[13.652795,8.125780,12.727059,12.809528] | running acc 0.730 acc_norm 0.621 | 12951s
[175] NYSEDREGENTS_2014_4_8 pred_raw=0 pred_norm=3 gold=3 nll=[3.542593,8.948795,9.150548,4.403222] | running acc 0.726 acc_norm 0.623 | 13020s
[176] Mercury_7013668 pred_raw=2 pred_norm=3 gold=2 nll=[10.184888,17.395339,7.852942,10.332228] | running acc 0.727 acc_norm 0.619 | 13081s
[177] MCAS_2011_8_17695 pred_raw=0 pred_norm=0 gold=0 nll=[16.311050,28.370183,27.358096,27.461376] | running acc 0.729 acc_norm 0.621 | 13138s
[178] Mercury_SC_416526 pred_raw=2 pred_norm=3 gold=2 nll=[10.285275,10.416926,8.275302,9.927829] | running acc 0.730 acc_norm 0.618 | 13178s
[179] VASoL_2011_5_3 pred_raw=1 pred_norm=1 gold=1 nll=[15.069093,7.121404,18.668088,15.157558] | running acc 0.732 acc_norm 0.620 | 13236s
[180] Mercury_7100713 pred_raw=3 pred_norm=3 gold=3 nll=[11.401350,7.251719,11.181400,4.275356] | running acc 0.733 acc_norm 0.622 | 13285s
[181] Mercury_7122553 pred_raw=0 pred_norm=3 gold=1 nll=[5.746365,5.937354,7.932981,6.873636] | running acc 0.729 acc_norm 0.619 | 13349s
[182] Mercury_7037590 pred_raw=0 pred_norm=3 gold=0 nll=[22.629771,28.036800,37.748878,36.629606] | running acc 0.731 acc_norm 0.615 | 13394s
[183] Mercury_SC_400061 pred_raw=0 pred_norm=1 gold=2 nll=[21.207789,22.368885,27.597362,36.299990] | running acc 0.727 acc_norm 0.612 | 13431s
[184] MDSA_2011_4_8 pred_raw=2 pred_norm=3 gold=2 nll=[16.777596,15.303997,10.685662,10.873769] | running acc 0.728 acc_norm 0.609 | 13528s
[185] MEAP_2005_8_43 pred_raw=2 pred_norm=2 gold=2 nll=[14.337089,20.371446,10.633902,21.571443] | running acc 0.730 acc_norm 0.611 | 13584s
[186] Mercury_184695 pred_raw=3 pred_norm=3 gold=3 nll=[29.984714,26.130750,33.629634,13.370565] | running acc 0.731 acc_norm 0.613 | 13646s
[187] LEAP_2011_8_10436 pred_raw=3 pred_norm=3 gold=3 nll=[26.781943,34.410327,26.094213,18.739981] | running acc 0.733 acc_norm 0.615 | 13720s
[188] Mercury_SC_400989 pred_raw=2 pred_norm=2 gold=2 nll=[17.056225,28.387771,14.652517,25.868380] | running acc 0.734 acc_norm 0.617 | 13772s
[189] VASoL_2010_5_39 pred_raw=0 pred_norm=0 gold=0 nll=[2.051283,4.866455,7.266926,8.038245] | running acc 0.735 acc_norm 0.619 | 13822s
[190] VASoL_2009_5_10 pred_raw=3 pred_norm=3 gold=0 nll=[23.983876,26.049697,23.763634,18.251213] | running acc 0.732 acc_norm 0.616 | 13914s
[191] Mercury_SC_405952 pred_raw=1 pred_norm=3 gold=1 nll=[9.346239,8.121714,12.059244,10.880005] | running acc 0.733 acc_norm 0.613 | 13943s
[192] Mercury_SC_401111 pred_raw=0 pred_norm=2 gold=0 nll=[6.516796,9.921166,10.710093,12.572782] | running acc 0.734 acc_norm 0.609 | 14000s
[193] Mercury_7203245 pred_raw=0 pred_norm=1 gold=0 nll=[4.447361,8.334123,17.899934,12.219892] | running acc 0.736 acc_norm 0.606 | 14155s
[194] Mercury_7042858 pred_raw=0 pred_norm=2 gold=0 nll=[12.271131,20.077676,14.828938,22.093322] | running acc 0.737 acc_norm 0.603 | 14199s
[195] Mercury_SC_415418 pred_raw=1 pred_norm=1 gold=1 nll=[19.685042,5.833972,14.364776,18.069616] | running acc 0.738 acc_norm 0.605 | 14248s
[196] Mercury_SC_400150 pred_raw=0 pred_norm=2 gold=0 nll=[7.828519,17.110646,8.421345,14.915627] | running acc 0.740 acc_norm 0.602 | 14300s
[197] Mercury_SC_413138 pred_raw=1 pred_norm=1 gold=1 nll=[4.440842,1.906950,7.380747,11.448403] | running acc 0.741 acc_norm 0.604 | 14360s
[198] Mercury_7114940 pred_raw=1 pred_norm=3 gold=0 nll=[17.574003,15.368248,27.387818,22.917390] | running acc 0.737 acc_norm 0.601 | 14411s
[199] MDSA_2008_5_41 pred_raw=1 pred_norm=1 gold=3 nll=[13.390010,5.070899,5.234276,5.696455] | running acc 0.734 acc_norm 0.598 | 14577s
[200] MCAS_2002_8_2 pred_raw=2 pred_norm=2 gold=3 nll=[11.669555,12.037569,8.056806,9.270267] | running acc 0.730 acc_norm 0.595 | 14639s
[201] MCAS_2016_5_7 pred_raw=0 pred_norm=0 gold=0 nll=[8.984917,15.889829,17.705764,17.962498] | running acc 0.731 acc_norm 0.597 | 14706s
[202] Mercury_7154490 pred_raw=0 pred_norm=0 gold=0 nll=[5.988641,10.593886,9.519958,10.685052] | running acc 0.733 acc_norm 0.599 | 14839s
[203] Mercury_7177520 pred_raw=3 pred_norm=3 gold=3 nll=[27.641941,25.428568,24.145669,19.651682] | running acc 0.734 acc_norm 0.601 | 14886s
[204] Mercury_7241273 pred_raw=1 pred_norm=1 gold=1 nll=[15.049150,11.939930,18.664861,18.448845] | running acc 0.735 acc_norm 0.603 | 14949s
[205] Mercury_7234185 pred_raw=0 pred_norm=0 gold=0 nll=[7.183397,7.862674,14.216722,12.909761] | running acc 0.737 acc_norm 0.605 | 15008s
[206] Mercury_7074970 pred_raw=2 pred_norm=2 gold=2 nll=[16.736097,12.952097,6.895688,14.973614] | running acc 0.738 acc_norm 0.607 | 15058s
[207] LEAP__7_10350 pred_raw=1 pred_norm=1 gold=2 nll=[21.053924,20.757097,29.882609,33.523013] | running acc 0.734 acc_norm 0.604 | 15152s
[208] NYSEDREGENTS_2014_8_27 pred_raw=1 pred_norm=1 gold=1 nll=[11.618712,8.604977,14.990823,16.224048] | running acc 0.736 acc_norm 0.606 | 15190s
[209] Mercury_7245928 pred_raw=2 pred_norm=2 gold=2 nll=[12.510431,14.903281,5.633871,12.620940] | running acc 0.737 acc_norm 0.608 | 15294s
[210] Mercury_7205380 pred_raw=0 pred_norm=2 gold=0 nll=[14.794107,19.830826,17.238149,18.379624] | running acc 0.738 acc_norm 0.605 | 15338s
[211] Mercury_7072415 pred_raw=3 pred_norm=3 gold=3 nll=[25.731483,25.064292,13.437466,8.355741] | running acc 0.739 acc_norm 0.607 | 15436s
[212] Mercury_7008943 pred_raw=0 pred_norm=3 gold=0 nll=[11.778359,21.311225,19.898502,18.628533] | running acc 0.741 acc_norm 0.604 | 15523s
[213] NYSEDREGENTS_2014_8_9 pred_raw=1 pred_norm=1 gold=1 nll=[10.481652,6.640317,7.449346,11.368413] | running acc 0.742 acc_norm 0.606 | 15584s
[214] Mercury_7220238 pred_raw=1 pred_norm=2 gold=1 nll=[16.370200,9.774527,17.235808,25.070856] | running acc 0.743 acc_norm 0.603 | 15678s
[215] ACTAAP_2010_7_11 pred_raw=0 pred_norm=3 gold=1 nll=[12.582103,15.445183,26.193808,13.337533] | running acc 0.740 acc_norm 0.600 | 15780s
[216] MEAP_2005_8_34 pred_raw=0 pred_norm=0 gold=1 nll=[13.158087,15.605978,18.163638,25.389061] | running acc 0.736 acc_norm 0.597 | 15964s
[217] Mercury_7010815 pred_raw=0 pred_norm=0 gold=3 nll=[10.522373,18.192888,34.579427,23.142483] | running acc 0.733 acc_norm 0.594 | 16023s
[218] Mercury_7270410 pred_raw=3 pred_norm=3 gold=3 nll=[34.278791,31.990018,22.690246,15.512002] | running acc 0.734 acc_norm 0.596 | 16243s
[219] Mercury_7168648 pred_raw=3 pred_norm=3 gold=3 nll=[11.057701,14.281663,13.753078,10.644675] | running acc 0.735 acc_norm 0.598 | 16375s
[220] Mercury_7082793 pred_raw=3 pred_norm=0 gold=3 nll=[12.518707,12.713305,16.647346,11.621763] | running acc 0.736 acc_norm 0.595 | 16432s
[221] Mercury_7270060 pred_raw=3 pred_norm=1 gold=1 nll=[5.735966,6.270795,7.017515,5.540611] | running acc 0.733 acc_norm 0.597 | 16501s
[222] Mercury_7085190 pred_raw=2 pred_norm=2 gold=2 nll=[12.338931,16.704707,7.188178,12.115098] | running acc 0.734 acc_norm 0.599 | 16574s
[223] AKDE&ED_2012_4_4 pred_raw=2 pred_norm=2 gold=2 nll=[10.481155,8.987168,3.646536,11.036494] | running acc 0.735 acc_norm 0.601 | 16681s
[224] Mercury_7213885 pred_raw=1 pred_norm=2 gold=1 nll=[16.772446,8.229430,15.133468,17.049903] | running acc 0.737 acc_norm 0.598 | 16750s
[225] Mercury_SC_415425 pred_raw=1 pred_norm=1 gold=1 nll=[5.077223,3.301060,4.753424,9.533221] | running acc 0.738 acc_norm 0.600 | 16806s
[226] Mercury_7142030 pred_raw=2 pred_norm=2 gold=2 nll=[12.438734,11.448618,7.466246,27.071101] | running acc 0.739 acc_norm 0.602 | 16867s
[227] Mercury_183733 pred_raw=2 pred_norm=0 gold=0 nll=[9.928856,11.591007,9.794995,14.319809] | running acc 0.736 acc_norm 0.604 | 16910s
[228] Mercury_7014070 pred_raw=0 pred_norm=1 gold=0 nll=[7.629704,9.546459,10.306733,8.912998] | running acc 0.737 acc_norm 0.601 | 16996s
[229] Mercury_SC_408452 pred_raw=1 pred_norm=1 gold=1 nll=[8.149927,2.667771,10.191019,13.742870] | running acc 0.738 acc_norm 0.603 | 17064s
[230] Mercury_178990 pred_raw=0 pred_norm=0 gold=0 nll=[6.915005,10.669950,15.920701,14.988371] | running acc 0.739 acc_norm 0.604 | 17103s
[231] Mercury_7027615 pred_raw=2 pred_norm=2 gold=2 nll=[10.484724,9.906270,5.155790,13.780818] | running acc 0.740 acc_norm 0.606 | 17218s
[232] Mercury_SC_LBS10920 pred_raw=1 pred_norm=1 gold=2 nll=[6.800095,5.202744,5.846904,9.987559] | running acc 0.737 acc_norm 0.603 | 17277s
[233] NYSEDREGENTS_2014_8_40 pred_raw=1 pred_norm=1 gold=1 nll=[9.363676,6.192529,13.198134,13.689240] | running acc 0.738 acc_norm 0.605 | 17320s
[234] MDSA_2010_8_1 pred_raw=0 pred_norm=2 gold=0 nll=[6.415777,11.244928,10.324117,11.812958] | running acc 0.739 acc_norm 0.603 | 17385s
[235] VASoL_2011_5_14 pred_raw=0 pred_norm=0 gold=0 nll=[3.944142,16.950363,17.709270,8.135233] | running acc 0.740 acc_norm 0.604 | 17451s
[236] Mercury_7168315 pred_raw=1 pred_norm=1 gold=1 nll=[7.808118,1.899652,4.048468,12.051664] | running acc 0.742 acc_norm 0.606 | 17539s
[237] Mercury_SC_400201 pred_raw=0 pred_norm=0 gold=0 nll=[7.690612,13.195732,18.066462,15.260066] | running acc 0.743 acc_norm 0.608 | 17588s
[238] NAEP_2000_4_S21+2 pred_raw=0 pred_norm=0 gold=3 nll=[6.137728,6.991047,16.687325,14.704313] | running acc 0.739 acc_norm 0.605 | 17676s
[239] Mercury_7227763 pred_raw=0 pred_norm=1 gold=2 nll=[15.208756,38.280728,16.731409,32.737905] | running acc 0.736 acc_norm 0.603 | 17766s
[240] TIMSS_2011_8_pg121 pred_raw=0 pred_norm=0 gold=0 nll=[6.863132,11.448308,13.891910,15.342762] | running acc 0.738 acc_norm 0.604 | 17816s
[241] Mercury_7212520 pred_raw=2 pred_norm=2 gold=2 nll=[8.371652,5.741914,2.976500,5.379948] | running acc 0.739 acc_norm 0.606 | 17922s
[242] Mercury_7168753 pred_raw=3 pred_norm=3 gold=3 nll=[13.981067,16.318811,15.922853,12.219181] | running acc 0.740 acc_norm 0.607 | 18002s
[243] NYSEDREGENTS_2014_8_3 pred_raw=0 pred_norm=0 gold=0 nll=[8.684702,11.226450,10.921437,13.548614] | running acc 0.741 acc_norm 0.609 | 18074s
[244] Mercury_7056508 pred_raw=1 pred_norm=1 gold=1 nll=[10.177806,2.656266,9.313772,10.722091] | running acc 0.742 acc_norm 0.611 | 18161s
[245] MCAS_2012_8_23647 pred_raw=1 pred_norm=1 gold=0 nll=[15.864193,12.495795,17.573793,21.911298] | running acc 0.739 acc_norm 0.608 | 18252s
[246] Mercury_7081813 pred_raw=0 pred_norm=3 gold=1 nll=[15.355193,15.388935,15.662954,15.687331] | running acc 0.736 acc_norm 0.606 | 18289s
[247] Mercury_7107433 pred_raw=1 pred_norm=1 gold=1 nll=[20.649484,14.838013,15.651130,16.391003] | running acc 0.737 acc_norm 0.607 | 18391s
[248] Mercury_7090528 pred_raw=0 pred_norm=0 gold=0 nll=[8.997977,16.796686,9.706041,20.363737] | running acc 0.738 acc_norm 0.609 | 18447s
[249] Mercury_7008400 pred_raw=3 pred_norm=3 gold=0 nll=[25.144463,27.884258,24.572709,19.593305] | running acc 0.735 acc_norm 0.606 | 18492s
[250] NYSEDREGENTS_2014_4_3 pred_raw=3 pred_norm=3 gold=3 nll=[12.983377,7.238768,13.734911,5.120580] | running acc 0.736 acc_norm 0.608 | 18541s
[251] Mercury_7176190 pred_raw=1 pred_norm=1 gold=1 nll=[20.445235,17.058820,25.063672,26.235024] | running acc 0.737 acc_norm 0.610 | 18731s
[252] Mercury_7135433 pred_raw=2 pred_norm=2 gold=2 nll=[9.935234,12.290597,3.977143,11.742747] | running acc 0.738 acc_norm 0.611 | 18802s
[253] Mercury_7030678 pred_raw=1 pred_norm=3 gold=0 nll=[14.484356,14.357452,15.018013,19.590815] | running acc 0.735 acc_norm 0.609 | 18870s
[254] MCAS_2003_5_35 pred_raw=1 pred_norm=1 gold=1 nll=[24.381119,9.396614,26.629791,29.250688] | running acc 0.736 acc_norm 0.610 | 18926s
[255] Mercury_SC_402280 pred_raw=1 pred_norm=1 gold=1 nll=[16.646174,10.161726,14.184217,17.341753] | running acc 0.737 acc_norm 0.612 | 19024s
[256] Mercury_7223475 pred_raw=1 pred_norm=1 gold=1 nll=[22.816376,17.222229,25.838959,28.745676] | running acc 0.738 acc_norm 0.613 | 19117s
[257] Mercury_SC_416172 pred_raw=3 pred_norm=1 gold=3 nll=[18.623354,15.294256,20.696321,9.064811] | running acc 0.739 acc_norm 0.611 | 19162s
[258] Mercury_7056945 pred_raw=2 pred_norm=2 gold=2 nll=[15.414218,23.335808,15.105533,17.339373] | running acc 0.740 acc_norm 0.612 | 19205s
[259] Mercury_SC_405887 pred_raw=2 pred_norm=2 gold=2 nll=[17.358619,18.407930,16.523093,19.607755] | running acc 0.741 acc_norm 0.614 | 19269s
[260] MCAS_2013_5_29396 pred_raw=2 pred_norm=2 gold=2 nll=[25.709020,24.722650,15.041294,26.902274] | running acc 0.742 acc_norm 0.615 | 19341s
[261] Mercury_7001785 pred_raw=0 pred_norm=2 gold=2 nll=[30.210249,30.831215,33.300246,45.221744] | running acc 0.739 acc_norm 0.617 | 19445s
[262] Mercury_7012775 pred_raw=0 pred_norm=3 gold=0 nll=[15.125610,20.220223,16.696093,17.010889] | running acc 0.740 acc_norm 0.615 | 19525s
[263] Mercury_7221883 pred_raw=3 pred_norm=1 gold=3 nll=[11.768224,10.284549,16.348040,7.190358] | running acc 0.741 acc_norm 0.612 | 19577s
[264] NYSEDREGENTS_2014_4_27 pred_raw=0 pred_norm=0 gold=0 nll=[6.000154,9.023133,18.241733,17.212065] | running acc 0.742 acc_norm 0.614 | 19656s
[265] Mercury_179533 pred_raw=2 pred_norm=1 gold=2 nll=[13.075730,10.743551,9.840620,12.650510] | running acc 0.743 acc_norm 0.611 | 19703s
[266] NYSEDREGENTS_2014_8_23 pred_raw=3 pred_norm=3 gold=3 nll=[24.904109,17.894262,18.481480,10.072125] | running acc 0.744 acc_norm 0.613 | 19748s
[267] Mercury_7110933 pred_raw=2 pred_norm=0 gold=0 nll=[22.544468,30.546088,21.473332,36.194000] | running acc 0.742 acc_norm 0.614 | 19812s
[268] Mercury_7227728 pred_raw=1 pred_norm=0 gold=1 nll=[20.504234,15.210312,21.011053,23.406986] | running acc 0.743 acc_norm 0.612 | 19904s
[269] Mercury_7220500 pred_raw=2 pred_norm=2 gold=2 nll=[4.778578,6.900269,3.502071,4.507764] | running acc 0.743 acc_norm 0.613 | 20007s
[270] NYSEDREGENTS_2014_4_11 pred_raw=3 pred_norm=3 gold=3 nll=[19.029663,21.162677,31.777480,18.559371] | running acc 0.744 acc_norm 0.615 | 20060s
[271] AKDE&ED_2012_8_18 pred_raw=1 pred_norm=1 gold=1 nll=[12.241027,5.058198,12.327335,10.737216] | running acc 0.745 acc_norm 0.616 | 20113s
[272] Mercury_SC_401146 pred_raw=1 pred_norm=3 gold=2 nll=[20.059157,19.494784,27.204512,20.937806] | running acc 0.743 acc_norm 0.614 | 20154s
[273] Mercury_7080553 pred_raw=1 pred_norm=1 gold=0 nll=[28.527675,27.288972,28.290546,31.014606] | running acc 0.740 acc_norm 0.612 | 20200s
[274] Mercury_7098193 pred_raw=0 pred_norm=3 gold=0 nll=[13.235372,17.493306,20.326205,19.386901] | running acc 0.741 acc_norm 0.609 | 20244s
[275] MCAS_2000_8_6 pred_raw=2 pred_norm=1 gold=2 nll=[18.664638,14.945620,14.225965,22.941547] | running acc 0.742 acc_norm 0.607 | 20298s
[276] Mercury_7004848 pred_raw=0 pred_norm=3 gold=0 nll=[17.194567,35.885666,31.181975,21.541402] | running acc 0.743 acc_norm 0.605 | 20334s
[277] Mercury_7056753 pred_raw=3 pred_norm=3 gold=3 nll=[9.256449,10.987851,12.352865,5.499856] | running acc 0.744 acc_norm 0.606 | 20377s
[278] VASoL_2008_3_26 pred_raw=0 pred_norm=0 gold=2 nll=[15.168582,17.706890,20.680405,16.802969] | running acc 0.741 acc_norm 0.604 | 20412s
[279] Mercury_7211085 pred_raw=0 pred_norm=0 gold=0 nll=[4.776760,14.629369,9.803343,14.557435] | running acc 0.742 acc_norm 0.606 | 20457s
[280] Mercury_7007963 pred_raw=1 pred_norm=1 gold=1 nll=[24.117697,16.495722,24.962179,26.755664] | running acc 0.743 acc_norm 0.607 | 20515s
[281] Mercury_7075233 pred_raw=1 pred_norm=3 gold=1 nll=[16.685349,15.468308,18.241450,20.050297] | running acc 0.744 acc_norm 0.605 | 20572s
[282] Mercury_175648 pred_raw=1 pred_norm=1 gold=1 nll=[7.290976,6.205004,6.555220,7.724912] | running acc 0.745 acc_norm 0.606 | 20619s
[283] MCAS_2005_8_30 pred_raw=0 pred_norm=0 gold=0 nll=[7.007727,11.776062,12.810175,17.401872] | running acc 0.746 acc_norm 0.608 | 20673s
[284] MDSA_2012_8_23 pred_raw=0 pred_norm=2 gold=2 nll=[20.139962,31.554579,23.284088,42.435698] | running acc 0.743 acc_norm 0.609 | 20749s
[285] Mercury_7099015 pred_raw=1 pred_norm=1 gold=1 nll=[15.456992,11.864658,15.611729,18.795752] | running acc 0.744 acc_norm 0.611 | 20839s
[286] AKDE&ED_2012_8_31 pred_raw=0 pred_norm=2 gold=1 nll=[22.780103,38.617429,38.134941,45.274207] | running acc 0.741 acc_norm 0.608 | 20901s
[287] Mercury_7235865 pred_raw=1 pred_norm=1 gold=1 nll=[9.111777,5.006373,8.300793,6.968329] | running acc 0.742 acc_norm 0.610 | 21001s
[288] NYSEDREGENTS_2014_4_10 pred_raw=2 pred_norm=2 gold=2 nll=[12.948562,18.746755,9.205369,13.453712] | running acc 0.743 acc_norm 0.611 | 21062s
[289] TIMSS_2007_8_pg96 pred_raw=0 pred_norm=0 gold=0 nll=[6.922712,11.196106,8.195451,12.413885] | running acc 0.744 acc_norm 0.612 | 21096s
[290] Mercury_7025165 pred_raw=2 pred_norm=3 gold=2 nll=[23.049894,21.257320,20.212915,20.790675] | running acc 0.745 acc_norm 0.610 | 21140s
[291] MCAS_2013_8_29415 pred_raw=2 pred_norm=2 gold=1 nll=[19.711988,21.206181,16.188298,32.118105] | running acc 0.742 acc_norm 0.608 | 21222s
[292] NYSEDREGENTS_2014_8_11 pred_raw=3 pred_norm=3 gold=2 nll=[18.993819,18.241822,16.341912,16.220481] | running acc 0.740 acc_norm 0.606 | 21279s
[293] Mercury_7029698 pred_raw=0 pred_norm=3 gold=3 nll=[15.719518,26.898418,24.926286,15.993330] | running acc 0.737 acc_norm 0.608 | 21336s
[294] Mercury_SC_408287 pred_raw=2 pred_norm=2 gold=2 nll=[9.651122,13.769616,6.815583,9.535810] | running acc 0.738 acc_norm 0.609 | 21414s
[295] MEAP_2005_5_27 pred_raw=1 pred_norm=3 gold=2 nll=[23.409878,22.521279,25.221457,28.833150] | running acc 0.736 acc_norm 0.607 | 21549s
[296] Mercury_7213448 pred_raw=0 pred_norm=0 gold=0 nll=[4.312264,9.692033,10.630202,8.255338] | running acc 0.736 acc_norm 0.608 | 21635s
[297] Mercury_7083388 pred_raw=1 pred_norm=1 gold=1 nll=[13.095341,2.648151,13.328972,16.031800] | running acc 0.737 acc_norm 0.609 | 21682s
[298] Mercury_7014455 pred_raw=0 pred_norm=2 gold=0 nll=[16.417004,19.134044,22.351411,23.640882] | running acc 0.738 acc_norm 0.607 | 21728s
[299] Mercury_SC_400179 pred_raw=3 pred_norm=2 gold=0 nll=[9.131433,11.394395,13.627451,8.185402] | running acc 0.736 acc_norm 0.605 | 21772s
[300] Mercury_7235708 pred_raw=0 pred_norm=1 gold=1 nll=[16.527055,17.733155,45.993000,45.567791] | running acc 0.733 acc_norm 0.607 | 21848s
[301] NYSEDREGENTS_2014_8_19 pred_raw=3 pred_norm=2 gold=0 nll=[14.411371,14.884275,17.440187,13.523590] | running acc 0.731 acc_norm 0.605 | 21886s
[302] Mercury_7242918 pred_raw=3 pred_norm=2 gold=3 nll=[15.919476,10.593801,4.004348,3.301567] | running acc 0.732 acc_norm 0.603 | 21991s
[303] Mercury_7205450 pred_raw=2 pred_norm=3 gold=3 nll=[17.045123,22.277293,16.570383,17.930077] | running acc 0.729 acc_norm 0.604 | 22042s
[304] TIMSS_2007_8_pg52 pred_raw=1 pred_norm=0 gold=1 nll=[2.345204,2.028653,3.061166,5.740565] | running acc 0.730 acc_norm 0.602 | 22090s
[305] Mercury_SC_415764 pred_raw=0 pred_norm=2 gold=0 nll=[11.034339,16.998186,15.018636,20.250039] | running acc 0.731 acc_norm 0.600 | 22134s
[306] NYSEDREGENTS_2014_8_4 pred_raw=1 pred_norm=1 gold=1 nll=[9.574038,6.973499,20.260264,16.423578] | running acc 0.732 acc_norm 0.601 | 22173s
[307] Mercury_SC_408040 pred_raw=2 pred_norm=2 gold=2 nll=[7.821837,5.172902,2.284158,4.999457] | running acc 0.733 acc_norm 0.603 | 22264s
[308] Mercury_184748 pred_raw=0 pred_norm=0 gold=0 nll=[7.859302,10.241522,12.117269,11.215152] | running acc 0.734 acc_norm 0.604 | 22322s
[309] Mercury_7176155 pred_raw=3 pred_norm=3 gold=3 nll=[35.029390,34.950420,28.246033,23.679386] | running acc 0.735 acc_norm 0.605 | 22499s
[310] Mercury_SC_400004 pred_raw=0 pred_norm=0 gold=0 nll=[6.630982,18.978392,25.707265,25.292976] | running acc 0.735 acc_norm 0.606 | 22554s
[311] Mercury_7172008 pred_raw=1 pred_norm=1 gold=2 nll=[17.087587,14.082176,15.021372,14.118387] | running acc 0.733 acc_norm 0.605 | 22636s
[312] MCAS_2003_5_26 pred_raw=2 pred_norm=2 gold=2 nll=[22.804747,26.646074,19.155395,26.990256] | running acc 0.734 acc_norm 0.606 | 22681s
[313] ACTAAP_2011_5_7 pred_raw=2 pred_norm=2 gold=2 nll=[8.404567,7.498472,1.400281,5.165456] | running acc 0.735 acc_norm 0.607 | 22789s
[314] Mercury_7068828 pred_raw=2 pred_norm=2 gold=2 nll=[20.248036,21.598437,6.158939,15.358217] | running acc 0.736 acc_norm 0.608 | 22903s
[315] Mercury_7158865 pred_raw=3 pred_norm=3 gold=3 nll=[26.620403,29.798293,30.025696,19.571210] | running acc 0.737 acc_norm 0.610 | 23044s
[316] Mercury_180128 pred_raw=1 pred_norm=0 gold=2 nll=[5.211174,4.196235,6.658164,9.521995] | running acc 0.734 acc_norm 0.608 | 23158s
[317] Mercury_7263463 pred_raw=0 pred_norm=0 gold=0 nll=[18.153748,21.602006,20.048581,30.172801] | running acc 0.735 acc_norm 0.609 | 23240s
[318] Mercury_7024518 pred_raw=1 pred_norm=1 gold=1 nll=[23.899395,13.232166,28.345140,35.546794] | running acc 0.736 acc_norm 0.610 | 23290s
[319] Mercury_7084193 pred_raw=0 pred_norm=1 gold=1 nll=[11.920096,13.160281,23.400162,16.781512] | running acc 0.734 acc_norm 0.611 | 23354s
[320] NCEOGA_2013_5_45 pred_raw=1 pred_norm=1 gold=1 nll=[29.685340,18.658247,25.854530,28.559309] | running acc 0.734 acc_norm 0.613 | 23460s
[321] Mercury_7213640 pred_raw=3 pred_norm=3 gold=3 nll=[15.616057,11.778366,11.717281,5.984354] | running acc 0.735 acc_norm 0.614 | 23498s
[322] Mercury_7032673 pred_raw=3 pred_norm=3 gold=3 nll=[13.607046,17.238298,13.223156,4.490211] | running acc 0.736 acc_norm 0.615 | 23561s
[323] CSZ_2007_5_CSZ10148 pred_raw=0 pred_norm=0 gold=0 nll=[8.714353,13.258154,14.351820,11.651206] | running acc 0.737 acc_norm 0.616 | 23644s
[324] Mercury_SC_400924 pred_raw=3 pred_norm=0 gold=2 nll=[22.644137,20.951084,22.063949,18.438428] | running acc 0.735 acc_norm 0.614 | 23697s
[325] MEA_2014_5_4 pred_raw=0 pred_norm=3 gold=1 nll=[17.313836,24.011173,20.379451,18.611880] | running acc 0.732 acc_norm 0.612 | 23738s
[326] Mercury_7027318 pred_raw=0 pred_norm=0 gold=0 nll=[2.703605,7.077950,9.342550,6.337248] | running acc 0.733 acc_norm 0.613 | 23793s
[327] Mercury_SC_400054 pred_raw=2 pred_norm=2 gold=1 nll=[32.312529,30.339813,21.713879,24.442458] | running acc 0.731 acc_norm 0.612 | 23849s
[328] TIMSS_2011_4_pg76 pred_raw=1 pred_norm=1 gold=3 nll=[16.381865,15.255730,16.630388,16.600057] | running acc 0.729 acc_norm 0.610 | 23883s
[329] Mercury_7034930 pred_raw=2 pred_norm=2 gold=2 nll=[13.553622,15.277190,4.372976,9.534960] | running acc 0.729 acc_norm 0.611 | 23955s
[330] Mercury_7064663 pred_raw=2 pred_norm=2 gold=2 nll=[7.998964,7.344715,2.760671,7.586392] | running acc 0.730 acc_norm 0.612 | 24035s
[331] Mercury_7100415 pred_raw=0 pred_norm=3 gold=0 nll=[14.235646,16.441957,18.673248,15.847738] | running acc 0.731 acc_norm 0.610 | 24073s
[332] NAEP_2009_8_S10+1 pred_raw=2 pred_norm=2 gold=2 nll=[12.647128,14.103264,7.723841,15.393007] | running acc 0.732 acc_norm 0.611 | 24158s
[333] Mercury_7223073 pred_raw=3 pred_norm=3 gold=3 nll=[23.466887,18.018863,25.604074,11.508171] | running acc 0.733 acc_norm 0.613 | 24262s
[334] NYSEDREGENTS_2014_8_6 pred_raw=2 pred_norm=2 gold=2 nll=[16.513769,18.578299,9.677426,18.079756] | running acc 0.734 acc_norm 0.614 | 24309s
[335] Mercury_SC_400037 pred_raw=3 pred_norm=2 gold=1 nll=[19.515177,15.910659,18.796938,15.385406] | running acc 0.731 acc_norm 0.612 | 24356s
[336] Mercury_185203 pred_raw=1 pred_norm=1 gold=1 nll=[13.350596,6.786829,12.651364,15.456326] | running acc 0.732 acc_norm 0.613 | 24389s
[337] ACTAAP_2011_5_10 pred_raw=3 pred_norm=3 gold=3 nll=[39.356896,33.908337,34.221019,30.096835] | running acc 0.733 acc_norm 0.614 | 24477s
[338] Mercury_SC_400303 pred_raw=2 pred_norm=2 gold=2 nll=[10.040029,13.636753,7.115556,16.413348] | running acc 0.734 acc_norm 0.615 | 24517s
[339] Mercury_7140088 pred_raw=1 pred_norm=1 gold=1 nll=[19.098090,9.079408,32.866341,34.329112] | running acc 0.735 acc_norm 0.617 | 24647s
[340] Mercury_7011025 pred_raw=2 pred_norm=2 gold=2 nll=[16.904747,16.986750,9.548241,12.164988] | running acc 0.735 acc_norm 0.618 | 24680s
[341] Mercury_7201915 pred_raw=0 pred_norm=0 gold=0 nll=[8.931441,17.239625,18.422803,16.163517] | running acc 0.736 acc_norm 0.619 | 24732s
[342] Mercury_SC_405442 pred_raw=3 pred_norm=3 gold=3 nll=[11.703181,10.382459,10.081970,6.107413] | running acc 0.737 acc_norm 0.620 | 24772s
[343] Mercury_7082740 pred_raw=2 pred_norm=2 gold=2 nll=[18.622724,16.931716,16.274455,19.027972] | running acc 0.738 acc_norm 0.621 | 24803s
[344] Mercury_SC_402278 pred_raw=0 pred_norm=0 gold=0 nll=[5.197304,9.028599,18.317082,16.232046] | running acc 0.738 acc_norm 0.622 | 24878s
[345] Mercury_SC_417580 pred_raw=0 pred_norm=0 gold=3 nll=[9.684619,10.731138,15.618324,17.890423] | running acc 0.736 acc_norm 0.620 | 24935s
[346] Mercury_SC_410870 pred_raw=1 pred_norm=1 gold=3 nll=[18.877627,15.356169,25.884329,21.770818] | running acc 0.734 acc_norm 0.618 | 25012s
[347] Mercury_7211978 pred_raw=0 pred_norm=0 gold=0 nll=[6.430018,9.507674,23.006682,26.151946] | running acc 0.735 acc_norm 0.620 | 25228s
[348] Mercury_7282030 pred_raw=0 pred_norm=3 gold=3 nll=[26.999542,30.251602,39.888241,28.895454] | running acc 0.733 acc_norm 0.621 | 25266s
[349] Mercury_7008803 pred_raw=0 pred_norm=0 gold=0 nll=[16.416383,24.240017,24.320931,22.526410] | running acc 0.734 acc_norm 0.622 | 25301s
[350] Mercury_190138 pred_raw=1 pred_norm=3 gold=2 nll=[16.976980,13.012027,16.569726,19.278945] | running acc 0.731 acc_norm 0.620 | 25341s
[351] Mercury_7173513 pred_raw=0 pred_norm=3 gold=2 nll=[10.030821,11.292567,13.521879,14.768532] | running acc 0.729 acc_norm 0.618 | 25415s
[352] Mercury_SC_400391 pred_raw=2 pred_norm=0 gold=2 nll=[21.903230,20.507101,19.377561,21.745545] | running acc 0.730 acc_norm 0.616 | 25465s
[353] Mercury_179393 pred_raw=2 pred_norm=2 gold=0 nll=[23.536179,27.546825,22.417993,25.127888] | running acc 0.728 acc_norm 0.615 | 25504s
[354] Mercury_SC_405526 pred_raw=2 pred_norm=2 gold=2 nll=[17.886258,18.738804,15.379228,19.864423] | running acc 0.729 acc_norm 0.616 | 25558s
[355] MCAS_1999_4_3 pred_raw=0 pred_norm=0 gold=0 nll=[15.222050,23.045129,31.643840,29.875481] | running acc 0.730 acc_norm 0.617 | 25615s
[356] Mercury_SC_400862 pred_raw=3 pred_norm=3 gold=3 nll=[16.061200,23.059595,16.619470,15.676336] | running acc 0.730 acc_norm 0.618 | 25679s
[357] Mercury_7203508 pred_raw=3 pred_norm=1 gold=1 nll=[29.363680,19.138943,28.955100,17.563858] | running acc 0.728 acc_norm 0.619 | 25827s
[358] Mercury_7016573 pred_raw=0 pred_norm=3 gold=1 nll=[9.124717,9.494668,16.192198,13.655356] | running acc 0.726 acc_norm 0.617 | 25895s
[359] Mercury_SC_415772 pred_raw=1 pred_norm=1 gold=1 nll=[13.508047,3.814241,12.509685,6.693996] | running acc 0.727 acc_norm 0.618 | 25958s
[360] Mercury_7057540 pred_raw=3 pred_norm=3 gold=3 nll=[16.988713,27.132298,20.403475,16.715478] | running acc 0.728 acc_norm 0.619 | 26038s
[361] Mercury_417570 pred_raw=2 pred_norm=0 gold=2 nll=[20.301923,28.554479,16.130835,26.712223] | running acc 0.729 acc_norm 0.618 | 26218s
[362] Mercury_7064523 pred_raw=1 pred_norm=1 gold=1 nll=[13.295144,4.769802,14.547019,15.763667] | running acc 0.729 acc_norm 0.619 | 26264s
[363] Mercury_SC_401367 pred_raw=0 pred_norm=1 gold=0 nll=[15.994493,16.409896,18.570014,20.133619] | running acc 0.730 acc_norm 0.617 | 26302s
[364] Mercury_7090650 pred_raw=1 pred_norm=1 gold=1 nll=[14.295917,10.030757,12.255251,15.876439] | running acc 0.731 acc_norm 0.618 | 26353s
[365] NCEOGA_2013_5_48 pred_raw=3 pred_norm=0 gold=2 nll=[16.617141,17.980083,17.129488,15.445556] | running acc 0.729 acc_norm 0.616 | 26434s
[366] MDSA_2010_4_13 pred_raw=1 pred_norm=2 gold=2 nll=[12.920194,12.884905,13.195520,20.564570] | running acc 0.727 acc_norm 0.617 | 26490s
[367] Mercury_7247905 pred_raw=2 pred_norm=3 gold=2 nll=[15.003197,9.292383,5.320087,10.561171] | running acc 0.728 acc_norm 0.616 | 26524s
[368] WASL_2005_5_11 pred_raw=1 pred_norm=1 gold=1 nll=[40.867984,9.319632,31.906721] | running acc 0.728 acc_norm 0.617 | 26562s
[369] Mercury_7188265 pred_raw=3 pred_norm=3 gold=3 nll=[18.616908,29.519736,21.963972,17.952183] | running acc 0.729 acc_norm 0.618 | 26664s
[370] Mercury_401035 pred_raw=1 pred_norm=3 gold=1 nll=[23.536987,22.277056,32.720913,27.267184] | running acc 0.730 acc_norm 0.616 | 26729s
[371] Mercury_7213080 pred_raw=1 pred_norm=3 gold=3 nll=[6.977012,4.723790,7.490911,6.235392] | running acc 0.728 acc_norm 0.617 | 26776s
[372] Mercury_7233783 pred_raw=1 pred_norm=1 gold=1 nll=[17.257626,4.420605,12.890350,16.238817] | running acc 0.728 acc_norm 0.618 | 26829s
[373] MDSA_2008_5_39 pred_raw=1 pred_norm=3 gold=2 nll=[14.983679,12.033358,12.826649,14.495904] | running acc 0.727 acc_norm 0.617 | 26886s
[374] AKDE&ED_2008_4_22 pred_raw=3 pred_norm=3 gold=3 nll=[11.561305,10.048552,8.629878,5.951414] | running acc 0.727 acc_norm 0.618 | 26938s
[375] Mercury_7026600 pred_raw=1 pred_norm=3 gold=1 nll=[18.889083,14.434864,28.557931,17.636938] | running acc 0.728 acc_norm 0.616 | 27025s
[376] Mercury_7166740 pred_raw=0 pred_norm=0 gold=0 nll=[4.575197,12.516172,5.263611,13.268507] | running acc 0.729 acc_norm 0.617 | 27158s
[377] Mercury_7123480 pred_raw=1 pred_norm=1 gold=1 nll=[21.407789,14.864168,27.180555,23.655374] | running acc 0.729 acc_norm 0.618 | 27202s
[378] Mercury_SC_413454 pred_raw=2 pred_norm=2 gold=1 nll=[33.591479,16.638141,16.035637,35.892901] | running acc 0.728 acc_norm 0.616 | 27250s
[379] TIMSS_2011_4_pg90 pred_raw=0 pred_norm=0 gold=3 nll=[6.768417,8.571673,10.815305,14.203989] | running acc 0.726 acc_norm 0.615 | 27304s
[380] Mercury_7003710 pred_raw=2 pred_norm=2 gold=0 nll=[15.701759,15.638465,13.123211,13.689937] | running acc 0.724 acc_norm 0.613 | 27340s
[381] Mercury_SC_409254 pred_raw=3 pred_norm=0 gold=0 nll=[30.794411,28.623126,33.479149,25.067243] | running acc 0.722 acc_norm 0.614 | 27423s
[382] MDSA_2010_4_24 pred_raw=0 pred_norm=0 gold=0 nll=[2.900745,10.792442,10.604719,13.782606] | running acc 0.723 acc_norm 0.615 | 27496s
[383] TIMSS_2007_4_pg35 pred_raw=1 pred_norm=3 gold=2 nll=[17.206024,13.109590,15.107098,14.539970] | running acc 0.721 acc_norm 0.614 | 27528s
[384] Mercury_7064383 pred_raw=3 pred_norm=2 gold=3 nll=[32.978566,29.883676,26.208985,24.668602] | running acc 0.721 acc_norm 0.612 | 27568s
[385] MCAS_2013_8_29420 pred_raw=1 pred_norm=1 gold=1 nll=[37.317372,21.049455,35.904606,26.112733] | running acc 0.722 acc_norm 0.613 | 27697s
[386] Mercury_7248133 pred_raw=1 pred_norm=2 gold=1 nll=[8.733162,5.204554,8.119709,10.890225] | running acc 0.723 acc_norm 0.611 | 27780s
[387] Mercury_SC_413544 pred_raw=2 pred_norm=2 gold=2 nll=[18.186818,21.745284,13.477652,21.625342] | running acc 0.724 acc_norm 0.612 | 27891s
[388] Mercury_7041825 pred_raw=1 pred_norm=1 gold=1 nll=[11.712753,7.016200,9.186249,11.188130] | running acc 0.724 acc_norm 0.613 | 27941s
[389] Mercury_177380 pred_raw=2 pred_norm=2 gold=0 nll=[5.377632,11.113097,5.281515,12.399996] | running acc 0.722 acc_norm 0.612 | 27984s
[390] Mercury_7069528 pred_raw=0 pred_norm=0 gold=0 nll=[10.625804,16.363320,14.223763,14.787441] | running acc 0.723 acc_norm 0.613 | 28018s
[391] Mercury_SC_401245 pred_raw=1 pred_norm=3 gold=3 nll=[22.618176,17.344776,26.635542,22.949476] | running acc 0.721 acc_norm 0.614 | 28070s
[392] VASoL_2011_5_19 pred_raw=2 pred_norm=2 gold=2 nll=[7.918812,9.940925,3.626667,9.409730] | running acc 0.722 acc_norm 0.615 | 28103s
[393] Mercury_SC_400206 pred_raw=3 pred_norm=1 gold=2 nll=[32.513167,27.704741,26.445940,25.532453] | running acc 0.720 acc_norm 0.613 | 28145s
[394] Mercury_7215408 pred_raw=1 pred_norm=1 gold=1 nll=[6.861955,2.935508,6.466415,6.660317] | running acc 0.721 acc_norm 0.614 | 28185s
[395] Mercury_7205538 pred_raw=0 pred_norm=3 gold=0 nll=[15.517832,28.401515,17.156188,19.814178] | running acc 0.722 acc_norm 0.613 | 28246s
[396] WASL_2004_8_16 pred_raw=3 pred_norm=3 gold=3 nll=[24.150327,37.490943,21.116654,16.254080] | running acc 0.722 acc_norm 0.614 | 28341s
[397] Mercury_7210735 pred_raw=1 pred_norm=1 gold=3 nll=[28.429495,25.882754,28.153143,26.185155] | running acc 0.720 acc_norm 0.612 | 28425s
[398] Mercury_SC_400171 pred_raw=3 pred_norm=1 gold=1 nll=[31.171539,25.323286,33.610112,22.887160] | running acc 0.719 acc_norm 0.613 | 28472s
[399] Mercury_7084508 pred_raw=3 pred_norm=3 gold=1 nll=[23.199899,20.949330,16.673514,14.491278] | running acc 0.717 acc_norm 0.612 | 28500s
[400] Mercury_7027370 pred_raw=3 pred_norm=3 gold=3 nll=[7.102623,5.643232,8.792848,1.049118] | running acc 0.718 acc_norm 0.613 | 28578s
[401] MDSA_2011_5_6 pred_raw=1 pred_norm=1 gold=1 nll=[9.729912,8.384331,13.396571,13.083809] | running acc 0.718 acc_norm 0.613 | 28643s
[402] MCAS_1998_4_25 pred_raw=0 pred_norm=2 gold=2 nll=[2.434866,9.070067,3.280659,7.844696] | running acc 0.716 acc_norm 0.614 | 28759s
[403] Mercury_7014245 pred_raw=3 pred_norm=3 gold=3 nll=[32.925936,38.020722,32.753815,31.803156] | running acc 0.717 acc_norm 0.615 | 28892s
[404] Mercury_7271653 pred_raw=1 pred_norm=1 gold=0 nll=[19.654484,9.975795,40.495171,45.962255] | running acc 0.715 acc_norm 0.614 | 29002s
[405] MDSA_2011_4_36 pred_raw=1 pred_norm=1 gold=1 nll=[16.899375,8.835999,14.032887,12.624758] | running acc 0.716 acc_norm 0.615 | 29066s
[406] Mercury_7177940 pred_raw=2 pred_norm=2 gold=2 nll=[25.140014,15.305615,10.988643,14.250250] | running acc 0.717 acc_norm 0.616 | 29126s
[407] MCAS_2005_5_27 pred_raw=0 pred_norm=0 gold=0 nll=[10.626752,16.081385,11.727974,15.012310] | running acc 0.717 acc_norm 0.617 | 29159s
[408] TIMSS_2007_8_pg105 pred_raw=0 pred_norm=0 gold=0 nll=[4.131636,10.984708,33.176823,16.202140] | running acc 0.718 acc_norm 0.618 | 29202s
[409] Mercury_SC_401178 pred_raw=0 pred_norm=0 gold=0 nll=[14.565299,25.834546,31.565597,24.255739] | running acc 0.719 acc_norm 0.619 | 29247s
[410] Mercury_7186918 pred_raw=1 pred_norm=3 gold=1 nll=[9.417074,8.261811,12.632886,13.995888] | running acc 0.720 acc_norm 0.617 | 29344s
[411] Mercury_7245140 pred_raw=0 pred_norm=0 gold=0 nll=[27.431297,40.092307,37.705884,50.956634] | running acc 0.720 acc_norm 0.618 | 29403s
[412] NYSEDREGENTS_2014_8_5 pred_raw=1 pred_norm=1 gold=1 nll=[12.096796,3.912322,12.180208,10.156649] | running acc 0.721 acc_norm 0.619 | 29437s
[413] Mercury_7012968 pred_raw=0 pred_norm=3 gold=3 nll=[15.208270,15.212866,22.069076,18.030189] | running acc 0.719 acc_norm 0.620 | 29535s
[414] Mercury_7183225 pred_raw=1 pred_norm=3 gold=3 nll=[9.633793,4.035004,13.765299,4.716384] | running acc 0.717 acc_norm 0.621 | 29675s
[415] Mercury_SC_LBS10789 pred_raw=3 pred_norm=3 gold=3 nll=[10.324992,13.912833,12.272510,10.058179] | running acc 0.718 acc_norm 0.622 | 29704s
[416] Mercury_7080500 pred_raw=3 pred_norm=3 gold=3 nll=[27.870062,28.768311,36.577330,27.804280] | running acc 0.719 acc_norm 0.623 | 29789s
[417] Mercury_7007893 pred_raw=3 pred_norm=3 gold=3 nll=[15.295809,30.009503,12.658081,12.060829] | running acc 0.719 acc_norm 0.624 | 29821s
[418] Mercury_7163748 pred_raw=2 pred_norm=2 gold=2 nll=[14.703117,23.087712,10.904200,25.152558] | running acc 0.720 acc_norm 0.624 | 29920s
[419] Mercury_7222933 pred_raw=2 pred_norm=2 gold=2 nll=[30.408098,36.177144,25.428853,45.507929] | running acc 0.721 acc_norm 0.625 | 29967s
[420] VASoL_2010_3_5 pred_raw=0 pred_norm=2 gold=2 nll=[5.301674,7.503281,5.402393,13.261759] | running acc 0.719 acc_norm 0.626 | 30018s
[421] Mercury_SC_409390 pred_raw=3 pred_norm=3 gold=1 nll=[35.269498,37.688131,44.315752,27.440495] | running acc 0.717 acc_norm 0.625 | 30079s
[422] Mercury_7252648 pred_raw=0 pred_norm=0 gold=0 nll=[11.042321,12.865853,17.773171,19.814202] | running acc 0.718 acc_norm 0.626 | 30120s
[423] Mercury_7218558 pred_raw=0 pred_norm=0 gold=0 nll=[19.466759,26.002810,37.371873,38.575570] | running acc 0.719 acc_norm 0.626 | 30222s
[424] NYSEDREGENTS_2014_4_18 pred_raw=0 pred_norm=0 gold=0 nll=[2.875049,7.758496,10.371692,9.805982] | running acc 0.719 acc_norm 0.627 | 30318s
[425] NYSEDREGENTS_2014_8_22 pred_raw=2 pred_norm=2 gold=2 nll=[11.870412,9.197505,4.899700,9.989763] | running acc 0.720 acc_norm 0.628 | 30340s
[426] Mercury_SC_400049 pred_raw=3 pred_norm=3 gold=3 nll=[17.447281,17.035266,18.748239,11.845477] | running acc 0.721 acc_norm 0.629 | 30367s
[427] Mercury_7188475 pred_raw=1 pred_norm=1 gold=1 nll=[19.820719,10.923304,27.720365,18.018681] | running acc 0.721 acc_norm 0.630 | 30426s
[428] NYSEDREGENTS_2014_4_21 pred_raw=2 pred_norm=2 gold=3 nll=[14.466428,16.189327,12.755809,14.278979] | running acc 0.720 acc_norm 0.629 | 30510s
[429] Mercury_SC_400058 pred_raw=2 pred_norm=1 gold=3 nll=[21.420847,21.349802,19.959272,21.868079] | running acc 0.718 acc_norm 0.627 | 30568s
[430] Mercury_SC_406155 pred_raw=0 pred_norm=0 gold=1 nll=[12.737348,20.224466,21.423722,23.597472] | running acc 0.716 acc_norm 0.626 | 30621s
[431] Mercury_400813 pred_raw=0 pred_norm=0 gold=0 nll=[5.194114,24.841495,29.086655,19.443886] | running acc 0.717 acc_norm 0.626 | 30698s
[432] LEAP__5_10316 pred_raw=2 pred_norm=2 gold=2 nll=[21.271116,22.948906,16.934870,21.247203] | running acc 0.718 acc_norm 0.627 | 30735s
[433] MCAS_2009_8_4 pred_raw=2 pred_norm=2 gold=2 nll=[21.971147,22.303159,13.251498,15.805286] | running acc 0.718 acc_norm 0.628 | 30780s
[434] MDSA_2010_8_17 pred_raw=1 pred_norm=1 gold=1 nll=[13.617290,9.901602,26.630045,26.769459] | running acc 0.719 acc_norm 0.629 | 30862s
[435] Mercury_7170835 pred_raw=2 pred_norm=2 gold=2 nll=[19.837595,25.865067,15.760475,19.974758] | running acc 0.720 acc_norm 0.630 | 30965s
[436] Mercury_7107398 pred_raw=2 pred_norm=2 gold=1 nll=[25.747345,29.484396,18.533713,25.969363] | running acc 0.718 acc_norm 0.628 | 31070s
[437] ACTAAP_2011_5_12 pred_raw=2 pred_norm=3 gold=2 nll=[14.827804,17.805017,12.498799,15.678849] | running acc 0.719 acc_norm 0.627 | 31153s
[438] Mercury_SC_405721 pred_raw=0 pred_norm=0 gold=0 nll=[7.207545,20.900592,20.128860,22.541429] | running acc 0.719 acc_norm 0.628 | 31265s
[439] TIMSS_2003_4_pg29 pred_raw=2 pred_norm=2 gold=2 nll=[26.385931,17.393307,9.038624,9.209212,16.936923] | running acc 0.720 acc_norm 0.629 | 31364s
[440] Mercury_7103338 pred_raw=3 pred_norm=3 gold=0 nll=[10.076171,14.029739,15.736533,9.874852] | running acc 0.718 acc_norm 0.627 | 31404s
[441] Mercury_7030590 pred_raw=3 pred_norm=1 gold=3 nll=[15.816470,20.352650,21.353810,15.584749] | running acc 0.719 acc_norm 0.626 | 31587s
[442] NYSEDREGENTS_2014_8_7 pred_raw=0 pred_norm=0 gold=0 nll=[26.021120,33.420723,40.303469,28.323271] | running acc 0.719 acc_norm 0.627 | 31641s
[443] Mercury_7269063 pred_raw=3 pred_norm=3 gold=3 nll=[8.162172,8.030990,12.239566,3.062485] | running acc 0.720 acc_norm 0.628 | 31736s
[444] MEA_2010_8_14-v1 pred_raw=2 pred_norm=2 gold=1 nll=[18.311764,14.492129,12.362728,18.583379] | running acc 0.718 acc_norm 0.626 | 31778s
[445] MCAS_2004_5_26 pred_raw=3 pred_norm=3 gold=3 nll=[10.595967,13.453096,14.227446,9.487305] | running acc 0.719 acc_norm 0.627 | 31836s
[446] Mercury_SC_401256 pred_raw=0 pred_norm=0 gold=0 nll=[8.299459,15.238239,14.856785,11.339859] | running acc 0.720 acc_norm 0.628 | 31866s
[447] Mercury_7180968 pred_raw=1 pred_norm=1 gold=3 nll=[13.061738,7.490936,19.286692,15.362373] | running acc 0.718 acc_norm 0.626 | 31998s
[448] Mercury_7083948 pred_raw=1 pred_norm=1 gold=1 nll=[17.491618,11.011125,16.228377,15.962262] | running acc 0.719 acc_norm 0.627 | 32040s
[449] Mercury_SC_401622 pred_raw=2 pred_norm=3 gold=2 nll=[9.501200,12.930567,6.896862,8.760267] | running acc 0.719 acc_norm 0.626 | 32100s
[450] Mercury_188773 pred_raw=3 pred_norm=2 gold=3 nll=[14.373042,17.710301,14.079481,12.667784] | running acc 0.720 acc_norm 0.624 | 32165s
[451] Mercury_7233363 pred_raw=0 pred_norm=0 gold=1 nll=[6.717000,7.432669,9.127413,8.027210] | running acc 0.718 acc_norm 0.623 | 32246s
[452] MCAS_2009_8_18 pred_raw=3 pred_norm=3 gold=3 nll=[10.400178,12.323028,12.786376,7.144769] | running acc 0.719 acc_norm 0.624 | 32350s
[453] Mercury_7212013 pred_raw=3 pred_norm=3 gold=3 nll=[20.226498,19.726206,20.734607,15.499987] | running acc 0.720 acc_norm 0.625 | 32489s
[454] Mercury_SC_LBS10689 pred_raw=2 pred_norm=2 gold=2 nll=[14.590493,14.080385,7.961097,15.494410] | running acc 0.720 acc_norm 0.626 | 32517s
[455] MCAS_2004_9_6 pred_raw=1 pred_norm=1 gold=1 nll=[7.554631,6.694161,7.195944,7.221115] | running acc 0.721 acc_norm 0.626 | 32691s
[456] AKDE&ED_2012_8_53 pred_raw=2 pred_norm=2 gold=2 nll=[7.287895,8.354095,5.458438,10.144109] | running acc 0.721 acc_norm 0.627 | 32796s
[457] Mercury_7032550 pred_raw=0 pred_norm=2 gold=2 nll=[23.484530,24.977134,23.708106,34.589058] | running acc 0.720 acc_norm 0.628 | 32844s
[458] Mercury_7172673 pred_raw=2 pred_norm=2 gold=3 nll=[21.904190,24.715167,15.479681,20.304407] | running acc 0.718 acc_norm 0.627 | 32915s
[459] Mercury_7016783 pred_raw=0 pred_norm=1 gold=0 nll=[7.541386,8.250428,12.823434,13.997078] | running acc 0.719 acc_norm 0.625 | 32954s
[460] Mercury_409399 pred_raw=1 pred_norm=1 gold=1 nll=[8.397659,6.098350,12.940793,10.564334] | running acc 0.720 acc_norm 0.626 | 33058s
[461] Mercury_7207253 pred_raw=3 pred_norm=3 gold=3 nll=[32.785875,26.238900,28.767081,17.560395] | running acc 0.720 acc_norm 0.627 | 33102s
[462] Mercury_7227990 pred_raw=3 pred_norm=3 gold=3 nll=[11.233460,7.836980,10.178955,1.179611] | running acc 0.721 acc_norm 0.628 | 33147s
[463] Mercury_SC_402253 pred_raw=1 pred_norm=3 gold=0 nll=[18.135394,17.117745,19.787784,17.669965] | running acc 0.719 acc_norm 0.626 | 33184s
[464] Mercury_SC_400194 pred_raw=0 pred_norm=3 gold=1 nll=[17.855595,22.640583,21.618489,26.179321] | running acc 0.718 acc_norm 0.625 | 33226s
[465] Mercury_7032568 pred_raw=1 pred_norm=1 gold=0 nll=[20.379520,15.636399,23.884822,27.358878] | running acc 0.716 acc_norm 0.624 | 33262s
[466] Mercury_SC_LBS10612 pred_raw=0 pred_norm=0 gold=0 nll=[10.610314,15.860306,19.919125,14.126659] | running acc 0.717 acc_norm 0.624 | 33309s
[467] Mercury_7008330 pred_raw=2 pred_norm=2 gold=2 nll=[21.165657,21.040186,17.484989,18.527536] | running acc 0.717 acc_norm 0.625 | 33340s
[468] Mercury_7108413 pred_raw=2 pred_norm=2 gold=2 nll=[10.840720,14.414801,8.783332,9.257543] | running acc 0.718 acc_norm 0.626 | 33425s
[469] Mercury_7176085 pred_raw=3 pred_norm=3 gold=3 nll=[19.503526,19.007726,10.843683,4.258664] | running acc 0.719 acc_norm 0.627 | 33515s
[470] Mercury_7043593 pred_raw=2 pred_norm=2 gold=2 nll=[17.906552,15.038265,7.222286,18.454099] | running acc 0.719 acc_norm 0.628 | 33618s
[471] Mercury_7033705 pred_raw=2 pred_norm=2 gold=3 nll=[10.602682,11.154200,9.105196,23.551229] | running acc 0.718 acc_norm 0.626 | 33687s
[472] Mercury_7114083 pred_raw=1 pred_norm=3 gold=1 nll=[15.274600,14.970116,17.934456,17.698641] | running acc 0.718 acc_norm 0.625 | 33739s
[473] Mercury_SC_LBS10785 pred_raw=1 pred_norm=1 gold=1 nll=[13.632213,12.743299,15.084752,21.316898] | running acc 0.719 acc_norm 0.626 | 33817s
[474] Mercury_7114013 pred_raw=2 pred_norm=2 gold=0 nll=[22.465781,22.148432,19.680860,29.189627] | running acc 0.717 acc_norm 0.624 | 33869s
[475] Mercury_192903 pred_raw=0 pred_norm=0 gold=0 nll=[6.277548,9.087490,11.693985,13.005853] | running acc 0.718 acc_norm 0.625 | 33926s
[476] Mercury_7082093 pred_raw=0 pred_norm=0 gold=0 nll=[9.032539,14.283257,21.301224,13.573414] | running acc 0.718 acc_norm 0.626 | 33995s
[477] Mercury_7004708 pred_raw=0 pred_norm=0 gold=0 nll=[18.077849,29.384033,29.166562,31.737621] | running acc 0.719 acc_norm 0.627 | 34065s
[478] Mercury_SC_LBS10783 pred_raw=1 pred_norm=1 gold=1 nll=[10.382761,6.134161,16.869904,15.485632] | running acc 0.720 acc_norm 0.628 | 34124s
[479] Mercury_7037433 pred_raw=1 pred_norm=1 gold=1 nll=[10.021901,7.607188,14.259732,10.499083] | running acc 0.720 acc_norm 0.628 | 34216s
[480] Mercury_SC_400033 pred_raw=2 pred_norm=2 gold=1 nll=[39.759913,37.751634,33.620567,43.215270] | running acc 0.719 acc_norm 0.627 | 34290s
[481] NYSEDREGENTS_2014_4_25 pred_raw=1 pred_norm=1 gold=1 nll=[19.910835,16.328448,29.743459,34.955312] | running acc 0.719 acc_norm 0.628 | 34341s
[482] Mercury_SC_402287 pred_raw=3 pred_norm=3 gold=3 nll=[20.214286,21.720722,20.379784,18.682776] | running acc 0.720 acc_norm 0.629 | 34409s
[483] Mercury_SC_414364 pred_raw=0 pred_norm=0 gold=2 nll=[17.871093,24.980516,27.699276,27.272570] | running acc 0.718 acc_norm 0.627 | 34479s
[484] Mercury_7250215 pred_raw=1 pred_norm=1 gold=1 nll=[35.755845,30.803422,46.969792,48.742434] | running acc 0.719 acc_norm 0.628 | 34556s
[485] Mercury_7138898 pred_raw=2 pred_norm=2 gold=2 nll=[26.368984,12.368575,11.688582,17.515957] | running acc 0.720 acc_norm 0.629 | 34679s
[486] Mercury_7010920 pred_raw=0 pred_norm=0 gold=0 nll=[10.647002,16.459949,15.103853,19.119972] | running acc 0.720 acc_norm 0.630 | 34740s
[487] Mercury_403682 pred_raw=0 pred_norm=0 gold=1 nll=[13.557438,15.401001,17.775446,17.047351] | running acc 0.719 acc_norm 0.628 | 34807s
[488] Mercury_7026828 pred_raw=0 pred_norm=0 gold=0 nll=[1.999965,14.515032,17.814873,19.410763] | running acc 0.719 acc_norm 0.629 | 34910s
[489] Mercury_7235760 pred_raw=0 pred_norm=0 gold=0 nll=[18.161231,30.152334,34.904416,31.681724] | running acc 0.720 acc_norm 0.630 | 34968s
[490] Mercury_406772 pred_raw=2 pred_norm=2 gold=2 nll=[13.037807,16.478418,9.585526,14.536326] | running acc 0.720 acc_norm 0.631 | 35019s
[491] Mercury_7217525 pred_raw=0 pred_norm=0 gold=0 nll=[5.618281,12.190455,11.210897,12.736845] | running acc 0.721 acc_norm 0.631 | 35072s
[492] Mercury_SC_405302 pred_raw=2 pred_norm=2 gold=0 nll=[8.446109,7.539330,5.350963,13.499968] | running acc 0.720 acc_norm 0.630 | 35114s
[493] Mercury_7032708 pred_raw=2 pred_norm=2 gold=2 nll=[14.761444,6.995781,3.710559,6.786178] | running acc 0.720 acc_norm 0.631 | 35195s
[494] Mercury_7082583 pred_raw=1 pred_norm=1 gold=1 nll=[10.607841,10.364789,13.997559,14.608946] | running acc 0.721 acc_norm 0.632 | 35252s
[495] Mercury_7245875 pred_raw=1 pred_norm=2 gold=1 nll=[21.072336,16.367665,19.720418,19.530929] | running acc 0.721 acc_norm 0.630 | 35305s
[496] Mercury_7122798 pred_raw=2 pred_norm=2 gold=2 nll=[13.022805,13.470264,10.689143,16.875266] | running acc 0.722 acc_norm 0.631 | 35373s
[497] VASoL_2008_3_39 pred_raw=0 pred_norm=0 gold=3 nll=[7.109293,16.530989,15.724502,9.775324] | running acc 0.720 acc_norm 0.630 | 35446s
[498] MSA_2015_8_26 pred_raw=1 pred_norm=1 gold=1 nll=[3.012632,1.431029,4.519436,2.736057] | running acc 0.721 acc_norm 0.631 | 35518s
[499] Mercury_177013 pred_raw=0 pred_norm=0 gold=0 nll=[14.044375,29.520444,16.742923,38.384818] | running acc 0.721 acc_norm 0.631 | 35623s
[500] Mercury_SC_400185 pred_raw=0 pred_norm=0 gold=0 nll=[13.733940,18.966550,19.885839,23.171037] | running acc 0.722 acc_norm 0.632 | 35667s
[501] Mercury_SC_402159 pred_raw=0 pred_norm=2 gold=2 nll=[12.924604,15.180747,15.541134,27.244139] | running acc 0.721 acc_norm 0.633 | 35731s
[502] VASoL_2009_5_31 pred_raw=3 pred_norm=3 gold=3 nll=[38.896845,29.936218,23.742436,19.677726] | running acc 0.721 acc_norm 0.633 | 35785s
[503] Mercury_SC_401598 pred_raw=2 pred_norm=2 gold=2 nll=[12.595166,12.489520,11.698405,18.559959] | running acc 0.722 acc_norm 0.634 | 35830s
[504] MCAS_2004_8_24 pred_raw=2 pred_norm=3 gold=2 nll=[11.180480,7.852682,6.639523,8.539652] | running acc 0.722 acc_norm 0.633 | 35898s
[505] Mercury_SC_413081 pred_raw=0 pred_norm=0 gold=0 nll=[12.957632,27.285838,23.197976,22.265797] | running acc 0.723 acc_norm 0.634 | 35949s
[506] CSZ_2008_5_CSZ50776 pred_raw=2 pred_norm=2 gold=2 nll=[35.808680,30.137109,21.414693,39.281474] | running acc 0.723 acc_norm 0.634 | 36022s
[507] MCAS_1998_4_22 pred_raw=0 pred_norm=0 gold=3 nll=[43.576159,50.132242,46.701216,45.452215] | running acc 0.722 acc_norm 0.633 | 36150s
[508] Mercury_7267785 pred_raw=1 pred_norm=1 gold=3 nll=[3.066877,1.247404,4.104606,1.629543] | running acc 0.720 acc_norm 0.632 | 36226s
[509] Mercury_SC_405035 pred_raw=1 pred_norm=1 gold=1 nll=[18.970974,10.977626,14.332415,12.720327] | running acc 0.721 acc_norm 0.633 | 36342s
[510] TIMSS_2003_4_pg85 pred_raw=1 pred_norm=2 gold=1 nll=[9.927788,9.517322,16.031639,20.475987] | running acc 0.722 acc_norm 0.631 | 36394s
[511] Mercury_7032200 pred_raw=3 pred_norm=3 gold=3 nll=[11.540148,20.623423,20.506272,10.865484] | running acc 0.722 acc_norm 0.632 | 36472s
[512] Mercury_SC_408374 pred_raw=0 pred_norm=3 gold=3 nll=[2.236938,3.810346,6.624805,3.145501] | running acc 0.721 acc_norm 0.633 | 36579s
[513] LEAP_2009_8_10431 pred_raw=1 pred_norm=1 gold=1 nll=[26.879629,13.971038,25.125239,22.239482] | running acc 0.721 acc_norm 0.634 | 36634s
[514] Mercury_7082460 pred_raw=3 pred_norm=1 gold=1 nll=[42.818443,39.130273,44.225787,36.264857] | running acc 0.720 acc_norm 0.634 | 36699s
[515] Mercury_7143150 pred_raw=3 pred_norm=3 gold=3 nll=[17.173859,16.798818,14.198594,11.804468] | running acc 0.720 acc_norm 0.635 | 36751s
[516] Mercury_7103373 pred_raw=3 pred_norm=3 gold=3 nll=[13.110231,10.421816,16.018289,6.687098] | running acc 0.721 acc_norm 0.636 | 36821s
[517] Mercury_SC_407720 pred_raw=1 pred_norm=1 gold=1 nll=[11.945948,7.885573,25.883134,9.618042] | running acc 0.721 acc_norm 0.636 | 36879s
[518] MCAS_2002_8_19 pred_raw=1 pred_norm=3 gold=3 nll=[13.933636,12.469916,16.141936,14.781123] | running acc 0.720 acc_norm 0.637 | 36958s
[519] Mercury_7009940 pred_raw=3 pred_norm=3 gold=1 nll=[34.524810,34.342166,42.592901,31.610659] | running acc 0.719 acc_norm 0.636 | 37019s
[520] Mercury_7239645 pred_raw=1 pred_norm=1 gold=0 nll=[2.110201,1.151835,4.179644,4.583207] | running acc 0.717 acc_norm 0.635 | 37150s
[521] Mercury_7026268 pred_raw=1 pred_norm=1 gold=1 nll=[24.044559,7.138348,18.540649,13.423396] | running acc 0.718 acc_norm 0.635 | 37288s
[522] Mercury_7057610 pred_raw=1 pred_norm=1 gold=1 nll=[15.036810,9.085390,23.045060,17.837791] | running acc 0.718 acc_norm 0.636 | 37401s
[523] VASoL_2009_5_14 pred_raw=1 pred_norm=1 gold=1 nll=[18.252573,12.076461,13.719594,20.157198] | running acc 0.719 acc_norm 0.637 | 37452s
[524] Mercury_SC_400589 pred_raw=3 pred_norm=3 gold=2 nll=[20.736775,20.165183,19.570812,14.779767] | running acc 0.718 acc_norm 0.635 | 37506s
[525] TIMSS_1995_8_I11 pred_raw=0 pred_norm=0 gold=2 nll=[44.403930,45.097381,45.461648,46.101172] | running acc 0.716 acc_norm 0.634 | 37562s
[526] MCAS_2000_8_30 pred_raw=1 pred_norm=1 gold=2 nll=[44.779588,30.332584,34.301543,36.766544] | running acc 0.715 acc_norm 0.633 | 37612s
[527] Mercury_7171553 pred_raw=2 pred_norm=2 gold=0 nll=[9.173295,9.919001,4.859987,5.607869] | running acc 0.713 acc_norm 0.632 | 37673s
[528] Mercury_7190015 pred_raw=3 pred_norm=3 gold=3 nll=[15.494406,12.950035,15.358359,9.150429] | running acc 0.714 acc_norm 0.633 | 37786s
[529] Mercury_7032830 pred_raw=0 pred_norm=3 gold=0 nll=[7.141263,15.211493,13.360801,17.924301] | running acc 0.715 acc_norm 0.631 | 37843s
[530] AIMS_2008_4_17 pred_raw=2 pred_norm=3 gold=2 nll=[12.901181,11.943241,9.599192,10.840916] | running acc 0.715 acc_norm 0.630 | 37892s
[531] Mercury_7271618 pred_raw=2 pred_norm=2 gold=3 nll=[8.040213,6.496748,6.329973,7.092430] | running acc 0.714 acc_norm 0.629 | 37941s
[532] NCEOGA_2013_8_46 pred_raw=0 pred_norm=0 gold=0 nll=[20.278243,44.159051,30.930353,33.596762] | running acc 0.714 acc_norm 0.630 | 37999s
[533] Mercury_7084560 pred_raw=3 pred_norm=0 gold=3 nll=[20.032833,20.546890,28.605852,19.845574] | running acc 0.715 acc_norm 0.629 | 38058s
[534] MCAS_2005_8_35 pred_raw=0 pred_norm=1 gold=0 nll=[7.781364,9.919273,13.759772,13.735362] | running acc 0.715 acc_norm 0.627 | 38196s
[535] Mercury_7202388 pred_raw=0 pred_norm=0 gold=0 nll=[8.542286,13.033108,12.118070,20.835907] | running acc 0.716 acc_norm 0.628 | 38324s
[536] Mercury_7210403 pred_raw=0 pred_norm=3 gold=0 nll=[10.043733,11.168510,12.959716,11.564446] | running acc 0.716 acc_norm 0.627 | 38427s
[537] Mercury_SC_401826 pred_raw=0 pred_norm=1 gold=0 nll=[17.086699,17.351954,52.498906,44.406801] | running acc 0.717 acc_norm 0.626 | 38475s
[538] Mercury_7269028 pred_raw=0 pred_norm=0 gold=0 nll=[7.493618,13.461730,14.770898,18.573965] | running acc 0.717 acc_norm 0.626 | 38527s
[539] Mercury_SC_407784 pred_raw=1 pred_norm=1 gold=1 nll=[11.749013,5.324559,11.734548,24.793676] | running acc 0.718 acc_norm 0.627 | 38578s
[540] Mercury_7042508 pred_raw=1 pred_norm=1 gold=1 nll=[13.008846,10.675097,17.005755,18.635476] | running acc 0.719 acc_norm 0.628 | 38629s
[541] Mercury_7271443 pred_raw=0 pred_norm=0 gold=0 nll=[22.948538,29.141166,27.136881,34.412727] | running acc 0.719 acc_norm 0.628 | 38709s
[542] TIMSS_2003_8_pg98 pred_raw=0 pred_norm=3 gold=3 nll=[8.264841,9.091482,12.056858,9.095801] | running acc 0.718 acc_norm 0.629 | 38763s
[543] Mercury_7029873 pred_raw=2 pred_norm=2 gold=2 nll=[26.987752,27.287654,15.347059,30.050244] | running acc 0.718 acc_norm 0.630 | 38813s
[544] Mercury_7228323 pred_raw=2 pred_norm=2 gold=2 nll=[33.266998,31.580719,24.819731,38.176324] | running acc 0.719 acc_norm 0.631 | 38874s
[545] Mercury_7217140 pred_raw=1 pred_norm=1 gold=2 nll=[34.664079,26.988346,38.886234,44.024504] | running acc 0.717 acc_norm 0.629 | 38949s
[546] Mercury_SC_400515 pred_raw=0 pred_norm=2 gold=0 nll=[24.632429,32.782673,29.184064,35.001789] | running acc 0.718 acc_norm 0.628 | 39005s
[547] MCAS_2003_8_13 pred_raw=3 pred_norm=2 gold=2 nll=[17.884107,17.024890,18.064101,15.864669] | running acc 0.717 acc_norm 0.629 | 39040s
[548] OHAT_2009_5_4 pred_raw=0 pred_norm=0 gold=0 nll=[17.944726,25.983902,23.441638,26.369737] | running acc 0.717 acc_norm 0.630 | 39175s
[549] ACTAAP_2012_7_16 pred_raw=1 pred_norm=1 gold=3 nll=[6.174550,0.930678,8.905852,1.881266] | running acc 0.716 acc_norm 0.628 | 39224s
[550] Mercury_7156800 pred_raw=2 pred_norm=2 gold=2 nll=[11.109655,9.678230,7.506310,15.679044] | running acc 0.716 acc_norm 0.629 | 39415s
[551] VASoL_2007_3_32 pred_raw=1 pred_norm=1 gold=1 nll=[14.341356,4.638706,9.448420,7.734183] | running acc 0.717 acc_norm 0.630 | 39480s
[552] Mercury_SC_416126 pred_raw=0 pred_norm=0 gold=0 nll=[9.823343,10.290584,17.909772,13.971259] | running acc 0.717 acc_norm 0.630 | 39541s
[553] Mercury_SC_416133 pred_raw=1 pred_norm=3 gold=1 nll=[29.862357,26.499661,27.299258,31.814435] | running acc 0.718 acc_norm 0.629 | 39589s
[554] Mercury_7254520 pred_raw=0 pred_norm=0 gold=0 nll=[8.347115,11.241993,18.857598,11.418108] | running acc 0.718 acc_norm 0.630 | 39638s
[555] Mercury_7037415 pred_raw=0 pred_norm=1 gold=1 nll=[5.021233,5.742593,11.048599,12.066639] | running acc 0.717 acc_norm 0.631 | 39721s
[556] Mercury_7221533 pred_raw=3 pred_norm=3 gold=3 nll=[15.550402,7.534912,14.694790,4.478235] | running acc 0.718 acc_norm 0.631 | 39778s
[557] Mercury_SC_410965 pred_raw=2 pred_norm=2 gold=2 nll=[20.761076,15.292315,7.417552,14.297937] | running acc 0.718 acc_norm 0.632 | 39908s
[558] TIMSS_2011_8_pg106 pred_raw=2 pred_norm=2 gold=2 nll=[24.157151,24.734793,15.061462,28.470544] | running acc 0.719 acc_norm 0.633 | 40061s
[559] Mercury_406736 pred_raw=0 pred_norm=0 gold=1 nll=[18.650944,20.125338,25.966391,26.885589] | running acc 0.717 acc_norm 0.631 | 40121s
[560] Mercury_SC_400691 pred_raw=0 pred_norm=3 gold=1 nll=[14.827610,18.518290,22.059158,14.919231] | running acc 0.716 acc_norm 0.630 | 40219s
[561] NYSEDREGENTS_2014_8_18 pred_raw=0 pred_norm=1 gold=0 nll=[10.034294,11.788081,18.537871,22.732897] | running acc 0.717 acc_norm 0.629 | 40263s
[562] Mercury_404901 pred_raw=2 pred_norm=2 gold=2 nll=[11.003363,8.785381,5.308711,12.017093] | running acc 0.717 acc_norm 0.630 | 40309s
[563] Mercury_7006265 pred_raw=1 pred_norm=1 gold=1 nll=[10.461235,5.578529,8.848804,19.780287] | running acc 0.718 acc_norm 0.631 | 40353s
[564] MCAS_2006_9_16 pred_raw=2 pred_norm=2 gold=2 nll=[30.037263,25.939600,20.347147,43.415739] | running acc 0.718 acc_norm 0.631 | 40435s
[565] MCAS_2006_9_9-v1 pred_raw=3 pred_norm=3 gold=3 nll=[23.899113,16.061709,21.122486,11.801705] | running acc 0.719 acc_norm 0.632 | 40524s
[566] MCAS_2011_8_17687 pred_raw=1 pred_norm=1 gold=1 nll=[29.525764,24.024917,27.726859,29.472803] | running acc 0.719 acc_norm 0.633 | 40648s
[567] Mercury_7214480 pred_raw=3 pred_norm=3 gold=3 nll=[6.361671,7.364069,5.498354,3.902398] | running acc 0.720 acc_norm 0.633 | 40725s
[568] Mercury_7094098 pred_raw=1 pred_norm=3 gold=2 nll=[26.849582,20.152982,25.490260,24.560953] | running acc 0.718 acc_norm 0.632 | 40788s
[569] Mercury_SC_401188 pred_raw=0 pred_norm=3 gold=0 nll=[10.908966,12.012674,14.721371,11.949793] | running acc 0.719 acc_norm 0.631 | 40831s
[570] Mercury_7193078 pred_raw=2 pred_norm=2 gold=2 nll=[22.707614,30.224202,9.764018,17.449890] | running acc 0.719 acc_norm 0.632 | 40958s
--------------------------------------------------
MC summary: n=570 acc=0.7193 (410/570) acc_norm=0.6316 (360/570)
tokens forwarded: 92923 | wall 40958.0s (2.27 tok/s)
--------------------------------------------------
NOTE: vocab 32768 tokens (full source vocab; cross-tokenizer PPLs are not comparable).
Report this number only alongside that caveat.
--- PAIRED VERDICT n=570 (computed 2026-07-18, script inline, results m3_{1b,3b}_results_n570.jsonl) ---
raw acc:  1B 0.6965 vs 3B 0.7193 (delta +2.28 pts) | both 351, only-1B 46, only-3B 59, neither 114 | McNemar exact two-sided p=0.2414
acc_norm: 1B 0.6193 vs 3B 0.6316 (delta +1.23 pts) | both 301, only-1B 52, only-3B 59, neither 158 | McNemar exact two-sided p=0.5692
=> 3B trend positive but NOT significant at n=570. The ~9.2% PPL edge still does not
   translate to a statistically measurable ARC-Easy advantage. Detecting +2.3 pts at
   this discordant rate needs n~2000+. M16 finding CONFIRMED at full-validation size.
