[{"stream_name":"stdout","time":8.325755601000001,"data":"removed torchvision/torchaudio (compiled against torch 2.10, poison imports under 2.6)\n"}
,{"stream_name":"stdout","time":8.325853579,"data":"pip install torch==2.6.0\n"}
,{"stream_name":"stdout","time":25.886476185,"data":"   ━━━━━━━━━━━━━━━━━━━━━━━━━━━━━━━━━━━━━━━━ 766.6/766.6 MB 2.4 MB/s eta 0:00:00\n"}
,{"stream_name":"stdout","time":32.118273652,"data":"   ━━━━━━━━━━━━━━━━━━━━━━━━━━━━━━━━━━━━━━━━ 363.4/363.4 MB 5.0 MB/s eta 0:00:00\n"}
,{"stream_name":"stdout","time":32.334499839,"data":"   ━━━━━━━━━━━━━━━━━━━━━━━━━━━━━━━━━━━━━━━━ 13.8/13.8 MB 62.0 MB/s eta 0:00:00\n"}
,{"stream_name":"stdout","time":32.692519104,"data":"   ━━━━━━━━━━━━━━━━━━━━━━━━━━━━━━━━━━━━━━━━ 24.6/24.6 MB 52.0 MB/s eta 0:00:00\n"}
,{"stream_name":"stdout","time":32.734674528,"data":"   ━━━━━━━━━━━━━━━━━━━━━━━━━━━━━━━━━━━━━━━━ 883.7/883.7 kB 40.3 MB/s eta 0:00:00\n"}
,{"stream_name":"stdout","time":42.91397268,"data":"   ━━━━━━━━━━━━━━━━━━━━━━━━━━━━━━━━━━━━━━━━ 664.8/664.8 MB 2.3 MB/s eta 0:00:00\n"}
,{"stream_name":"stdout","time":51.907839209,"data":"   ━━━━━━━━━━━━━━━━━━━━━━━━━━━━━━━━━━━━━━━━ 211.5/211.5 MB 2.6 MB/s eta 0:00:00\n"}
,{"stream_name":"stdout","time":53.986694362,"data":"   ━━━━━━━━━━━━━━━━━━━━━━━━━━━━━━━━━━━━━━━━ 56.3/56.3 MB 18.9 MB/s eta 0:00:00\n"}
,{"stream_name":"stdout","time":57.594344938,"data":"   ━━━━━━━━━━━━━━━━━━━━━━━━━━━━━━━━━━━━━━━━ 127.9/127.9 MB 12.1 MB/s eta 0:00:00\n"}
,{"stream_name":"stdout","time":62.796597966,"data":"   ━━━━━━━━━━━━━━━━━━━━━━━━━━━━━━━━━━━━━━━━ 207.5/207.5 MB 5.5 MB/s eta 0:00:00\n"}
,{"stream_name":"stdout","time":68.044539842,"data":"   ━━━━━━━━━━━━━━━━━━━━━━━━━━━━━━━━━━━━━━━━ 150.1/150.1 MB 3.7 MB/s eta 0:00:00\n"}
,{"stream_name":"stdout","time":71.773872971,"data":"   ━━━━━━━━━━━━━━━━━━━━━━━━━━━━━━━━━━━━━━━━ 188.7/188.7 MB 9.1 MB/s eta 0:00:00\n"}
,{"stream_name":"stdout","time":72.208194348,"data":"   ━━━━━━━━━━━━━━━━━━━━━━━━━━━━━━━━━━━━━━━━ 21.1/21.1 MB 38.0 MB/s eta 0:00:00\n"}
,{"stream_name":"stdout","time":72.237492917,"data":"   ━━━━━━━━━━━━━━━━━━━━━━━━━━━━━━━━━━━━━━━━ 99.1/99.1 kB 7.8 MB/s eta 0:00:00\n"}
,{"stream_name":"stdout","time":72.411894245,"data":"   ━━━━━━━━━━━━━━━━━━━━━━━━━━━━━━━━━━━━━━━━ 6.2/6.2 MB 39.2 MB/s eta 0:00:00\n"}
,{"stream_name":"stdout","time":85.322686352,"data":"   ━━━━━━━━━━━━━━━━━━━━━━━━━━━━━━━━━━━━━━━━ 253.2/253.2 MB 2.3 MB/s eta 0:00:00\n"}
,{"stream_name":"stderr","time":272.027335016,"data":"ERROR: pip's dependency resolver does not currently take into account all the packages that are installed. This behaviour is the source of the following dependency conflicts.\n"}
,{"stream_name":"stderr","time":272.027381623,"data":"easyocr 1.7.2 requires torchvision\u003e=0.5, which is not installed.\n"}
,{"stream_name":"stderr","time":272.02738677,"data":"timm 1.0.26 requires torchvision, which is not installed.\n"}
,{"stream_name":"stderr","time":272.027390349,"data":"fastai 2.8.7 requires torchvision\u003e=0.11, which is not installed.\n"}
,{"stream_name":"stdout","time":272.634102431,"data":"-\u003e rc 0 271s\n"}
,{"stream_name":"stdout","time":272.634166779,"data":"pip install onebitllms\n"}
,{"stream_name":"stdout","time":276.815008324,"data":"-\u003e rc 0 275s\n"}
,{"stream_name":"stdout","time":276.815044778,"data":"pip install transformers==4.52.4 trl==0.18.2 peft bitsandbytes\n"}
,{"stream_name":"stdout","time":280.538905417,"data":"   ━━━━━━━━━━━━━━━━━━━━━━━━━━━━━━━━━━━━━━━━ 10.5/10.5 MB 11.0 MB/s eta 0:00:00\n"}
,{"stream_name":"stdout","time":280.574279268,"data":"   ━━━━━━━━━━━━━━━━━━━━━━━━━━━━━━━━━━━━━━━━ 366.4/366.4 kB 23.7 MB/s eta 0:00:00\n"}
,{"stream_name":"stdout","time":281.220465888,"data":"   ━━━━━━━━━━━━━━━━━━━━━━━━━━━━━━━━━━━━━━━━ 60.7/60.7 MB 29.2 MB/s eta 0:00:00\n"}
,{"stream_name":"stdout","time":281.263018632,"data":"   ━━━━━━━━━━━━━━━━━━━━━━━━━━━━━━━━━━━━━━━━ 566.4/566.4 kB 24.4 MB/s eta 0:00:00\n"}
,{"stream_name":"stdout","time":281.336540426,"data":"   ━━━━━━━━━━━━━━━━━━━━━━━━━━━━━━━━━━━━━━━━ 3.1/3.1 MB 55.5 MB/s eta 0:00:00\n"}
,{"stream_name":"stderr","time":297.039954898,"data":"ERROR: pip's dependency resolver does not currently take into account all the packages that are installed. This behaviour is the source of the following dependency conflicts.\n"}
,{"stream_name":"stderr","time":297.039985005,"data":"timm 1.0.26 requires torchvision, which is not installed.\n"}
,{"stream_name":"stdout","time":297.16012161,"data":"-\u003e rc 0 295s\n"}
,{"stream_name":"stdout","time":297.162605695,"data":"bf16-\u003efp16 patched files: ['utils/quantization_utils.py']\n"}
,{"stream_name":"stdout","time":309.952031488,"data":"ENV torch 2.6.0+cu124 | triton 3.2.0 | transformers 4.52.4 | trl 0.18.2 | onebitllms 0.0.4 | cuda True Tesla T4\n"}
,{"stream_name":"stdout","time":309.952074857,"data":"onebitllms API: ['BitNetLinear', 'activation_quant_triton', 'convert_to_bf16', 'kernels', 'layers', 'quantize_to_1bit', 'replace_linear_with_bitnet_linear', 'utils', 'weight_quant_triton']\n"}
,{"stream_name":"stdout","time":372.989281796,"data":"replaced linears via replace_linear_with_bitnet_linear\n"}
,{"stream_name":"stdout","time":374.198731837,"data":"model ready 1.72B 372s\n"}
,{"stream_name":"stderr","time":376.114852065,"data":"\rGenerating train split:   0%|          | 0/2260 [00:00\u003c?, ? examples/s]\rGenerating train split:  44%|████▍     | 1000/2260 [00:00\u003c00:00, 9348.85 examples/s]\rGenerating train split: 100%|██████████| 2260/2260 [00:00\u003c00:00, 20321.15 examples/s]\n"}
,{"stream_name":"stderr","time":376.118213778,"data":"\rGenerating test split:   0%|          | 0/119 [00:00\u003c?, ? examples/s]\rGenerating test split: 100%|██████████| 119/119 [00:00\u003c00:00, 40915.01 examples/s]\n"}
,{"stream_name":"stderr","time":376.242371749,"data":"\rMap:   0%|          | 0/600 [00:00\u003c?, ? examples/s]\rMap: 100%|██████████| 600/600 [00:00\u003c00:00, 6023.82 examples/s]\n"}
,{"stream_name":"stderr","time":377.08688385,"data":"\rConverting train dataset to ChatML:   0%|          | 0/600 [00:00\u003c?, ? examples/s]\rConverting train dataset to ChatML: 100%|██████████| 600/600 [00:00\u003c00:00, 39046.44 examples/s]\n"}
,{"stream_name":"stderr","time":377.109400012,"data":"\rAdding EOS to train dataset:   0%|          | 0/600 [00:00\u003c?, ? examples/s]\rAdding EOS to train dataset: 100%|██████████| 600/600 [00:00\u003c00:00, 29314.74 examples/s]\n"}
,{"stream_name":"stderr","time":377.715043105,"data":"\rTokenizing train dataset:   0%|          | 0/600 [00:00\u003c?, ? examples/s]\rTokenizing train dataset:  20%|██        | 122/600 [00:00\u003c00:00, 1200.84 examples/s]\rTokenizing train dataset:  41%|████      | 245/600 [00:00\u003c00:00, 1212.11 examples/s]\rTokenizing train dataset:  72%|███████▏  | 430/600 [00:00\u003c00:00, 1217.01 examples/s]\rTokenizing train dataset:  93%|█████████▎| 559/600 [00:00\u003c00:00, 1238.61 examples/s]\rTokenizing train dataset: 100%|██████████| 600/600 [00:00\u003c00:00, 1026.67 examples/s]\n"}
,{"stream_name":"stderr","time":377.725260518,"data":"\rTruncating train dataset:   0%|          | 0/600 [00:00\u003c?, ? examples/s]\rTruncating train dataset: 100%|██████████| 600/600 [00:00\u003c00:00, 80685.55 examples/s]\n"}
,{"stream_name":"stdout","time":430.461530401,"data":"{'loss': 9.6782, 'grad_norm': nan, 'learning_rate': 4e-05, 'num_tokens': 8646.0, 'mean_token_accuracy': 0.06932373046875, 'epoch': 0.07}\n"}
,{"stream_name":"stdout","time":473.923809827,"data":"{'loss': 0.0, 'grad_norm': nan, 'learning_rate': 9e-05, 'num_tokens': 16882.0, 'mean_token_accuracy': 0.0, 'epoch': 0.13}\n"}
,{"stream_name":"stdout","time":517.473302805,"data":"{'loss': 0.0, 'grad_norm': nan, 'learning_rate': 9.951340343707852e-05, 'num_tokens': 24906.0, 'mean_token_accuracy': 0.0, 'epoch': 0.2}\n"}
,{"stream_name":"stdout","time":561.730309845,"data":"{'loss': 0.0, 'grad_norm': nan, 'learning_rate': 9.755282581475769e-05, 'num_tokens': 33800.0, 'mean_token_accuracy': 0.0, 'epoch': 0.27}\n"}
,{"stream_name":"stdout","time":605.456178055,"data":"{'loss': 0.0, 'grad_norm': nan, 'learning_rate': 9.414737964294636e-05, 'num_tokens': 42179.0, 'mean_token_accuracy': 0.0, 'epoch': 0.33}\n"}
,{"stream_name":"stdout","time":649.015491962,"data":"{'loss': 0.0, 'grad_norm': nan, 'learning_rate': 8.940053768033609e-05, 'num_tokens': 50735.0, 'mean_token_accuracy': 0.0, 'epoch': 0.4}\n"}
,{"stream_name":"stdout","time":692.517519722,"data":"{'loss': 0.0, 'grad_norm': nan, 'learning_rate': 8.345653031794292e-05, 'num_tokens': 58815.0, 'mean_token_accuracy': 0.0, 'epoch': 0.47}\n"}
,{"stream_name":"stdout","time":736.207554885,"data":"{'loss': 0.0, 'grad_norm': nan, 'learning_rate': 7.649596321166024e-05, 'num_tokens': 67506.0, 'mean_token_accuracy': 0.0, 'epoch': 0.53}\n"}
,{"stream_name":"stdout","time":779.754629071,"data":"{'loss': 0.0, 'grad_norm': nan, 'learning_rate': 6.873032967079561e-05, 'num_tokens': 75930.0, 'mean_token_accuracy': 0.0, 'epoch': 0.6}\n"}
,{"stream_name":"stdout","time":823.379799529,"data":"{'loss': 0.0, 'grad_norm': nan, 'learning_rate': 6.0395584540887963e-05, 'num_tokens': 84146.0, 'mean_token_accuracy': 0.0, 'epoch': 0.67}\n"}
,{"stream_name":"stdout","time":866.997580375,"data":"{'loss': 0.0, 'grad_norm': nan, 'learning_rate': 5.174497483512506e-05, 'num_tokens': 92398.0, 'mean_token_accuracy': 0.0, 'epoch': 0.73}\n"}
,{"stream_name":"stdout","time":910.497533136,"data":"{'loss': 0.0, 'grad_norm': nan, 'learning_rate': 4.3041344951996746e-05, 'num_tokens': 100623.0, 'mean_token_accuracy': 0.0, 'epoch': 0.8}\n"}
,{"stream_name":"stdout","time":954.186326733,"data":"{'loss': 0.0, 'grad_norm': nan, 'learning_rate': 3.4549150281252636e-05, 'num_tokens': 109415.0, 'mean_token_accuracy': 0.0, 'epoch': 0.87}\n"}
,{"stream_name":"stdout","time":997.790362605,"data":"{'loss': 0.0, 'grad_norm': nan, 'learning_rate': 2.6526421860705473e-05, 'num_tokens': 117655.0, 'mean_token_accuracy': 0.0, 'epoch': 0.93}\n"}
,{"stream_name":"stdout","time":1041.272688267,"data":"{'loss': 0.0, 'grad_norm': nan, 'learning_rate': 1.9216926233717085e-05, 'num_tokens': 125799.0, 'mean_token_accuracy': 0.0, 'epoch': 1.0}\n"}
,{"stream_name":"stdout","time":1084.945443271,"data":"{'loss': 0.0, 'grad_norm': nan, 'learning_rate': 1.2842758726130283e-05, 'num_tokens': 134411.0, 'mean_token_accuracy': 0.0, 'epoch': 1.07}\n"}
,{"stream_name":"stdout","time":1128.530226966,"data":"{'loss': 0.0, 'grad_norm': nan, 'learning_rate': 7.597595192178702e-06, 'num_tokens': 142671.0, 'mean_token_accuracy': 0.0, 'epoch': 1.13}\n"}
,{"stream_name":"stdout","time":1172.056561067,"data":"{'loss': 0.0, 'grad_norm': nan, 'learning_rate': 3.6408072716606346e-06, 'num_tokens': 150729.0, 'mean_token_accuracy': 0.0, 'epoch': 1.2}\n"}
,{"stream_name":"stdout","time":1215.621497741,"data":"{'loss': 0.0, 'grad_norm': nan, 'learning_rate': 1.0926199633097157e-06, 'num_tokens': 158897.0, 'mean_token_accuracy': 0.0, 'epoch': 1.27}\n"}
,{"stream_name":"stdout","time":1259.132658778,"data":"{'loss': 0.0, 'grad_norm': nan, 'learning_rate': 3.04586490452119e-08, 'num_tokens': 166964.0, 'mean_token_accuracy': 0.0, 'epoch': 1.33}\n"}
,{"stream_name":"stdout","time":1259.133373243,"data":"{'train_runtime': 878.4003, 'train_samples_per_second': 0.911, 'train_steps_per_second': 0.114, 'train_loss': 0.48391185760498046, 'epoch': 1.33}\n"}
,{"stream_name":"stderr","time":1259.134306179,"data":"\r  0%|          | 0/100 [00:00\u003c?, ?it/s]\r  1%|          | 1/100 [00:13\u003c22:25, 13.59s/it]\r  2%|▏         | 2/100 [00:23\u003c18:48, 11.51s/it]\r  3%|▎         | 3/100 [00:32\u003c16:33, 10.24s/it]\r  4%|▍         | 4/100 [00:41\u003c15:23,  9.62s/it]\r  5%|▌         | 5/100 [00:49\u003c14:41,  9.28s/it]\r                                               \r\r  5%|▌         | 5/100 [00:49\u003c14:41,  9.28s/it]\r  6%|▌         | 6/100 [00:58\u003c14:13,  9.08s/it]\r  7%|▋         | 7/100 [01:07\u003c13:52,  8.95s/it]\r  8%|▊         | 8/100 [01:15\u003c13:34,  8.86s/it]\r  9%|▉         | 9/100 [01:24\u003c13:22,  8.82s/it]\r 10%|█         | 10/100 [01:33\u003c13:10,  8.78s/it]\r                                                \r\r 10%|█         | 10/100 [01:33\u003c13:10,  8.78s/it]\r 11%|█         | 11/100 [01:41\u003c12:59,  8.76s/it]\r 12%|█▏        | 12/100 [01:50\u003c12:48,  8.74s/it]\r 13%|█▎        | 13/100 [01:59\u003c12:39,  8.73s/it]\r 14%|█▍        | 14/100 [02:08\u003c12:30,  8.73s/it]\r 15%|█▌        | 15/100 [02:16\u003c12:21,  8.72s/it]\r                                                \r\r 15%|█▌        | 15/100 [02:16\u003c12:21,  8.72s/it]\r 16%|█▌        | 16/100 [02:25\u003c12:15,  8.75s/it]\r 17%|█▋        | 17/100 [02:34\u003c12:06,  8.75s/it]\r 18%|█▊        | 18/100 [02:43\u003c11:57,  8.75s/it]\r 19%|█▉        | 19/100 [02:51\u003c11:49,  8.76s/it]\r 20%|██        | 20/100 [03:00\u003c11:50,  8.88s/it]\r                                                \r\r 20%|██        | 20/100 [03:00\u003c11:50,  8.88s/it]\r 21%|██        | 21/100 [03:09\u003c11:40,  8.86s/it]\r 22%|██▏       | 22/100 [03:18\u003c11:27,  8.82s/it]\r 23%|██▎       | 23/100 [03:27\u003c11:17,  8.80s/it]\r 24%|██▍       | 24/100 [03:35\u003c11:06,  8.77s/it]\r 25%|██▌       | 25/100 [03:44\u003c10:57,  8.76s/it]\r                                                \r\r 25%|██▌       | 25/100 [03:44\u003c10:57,  8.76s/it]\r 26%|██▌       | 26/100 [03:53\u003c10:47,  8.75s/it]\r 27%|██▋       | 27/100 [04:02\u003c10:37,  8.73s/it]\r 28%|██▊       | 28/100 [04:10\u003c10:27,  8.71s/it]\r 29%|██▉       | 29/100 [04:19\u003c10:19,  8.73s/it]\r 30%|███       | 30/100 [04:28\u003c10:10,  8.73s/it]\r                                                \r\r 30%|███       | 30/100 [04:28\u003c10:10,  8.73s/it]\r 31%|███       | 31/100 [04:37\u003c10:02,  8.74s/it]\r 32%|███▏      | 32/100 [04:45\u003c09:54,  8.74s/it]\r 33%|███▎      | 33/100 [04:54\u003c09:44,  8.72s/it]\r 34%|███▍      | 34/100 [05:03\u003c09:33,  8.69s/it]\r 35%|███▌      | 35/100 [05:11\u003c09:24,  8.69s/it]\r                                                \r\r 35%|███▌      | 35/100 [05:11\u003c09:24,  8.69s/it]\r 36%|███▌      | 36/100 [05:20\u003c09:16,  8.70s/it]\r 37%|███▋      | 37/100 [05:29\u003c09:09,  8.72s/it]\r 38%|███▊      | 38/100 [05:37\u003c08:59,  8.71s/it]\r 39%|███▉      | 39/100 [05:46\u003c08:51,  8.72s/it]\r 40%|████      | 40/100 [05:55\u003c08:44,  8.74s/it]\r                                                \r\r 40%|████      | 40/100 [05:55\u003c08:44,  8.74s/it]\r 41%|████      | 41/100 [06:04\u003c08:34,  8.73s/it]\r 42%|████▏     | 42/100 [06:12\u003c08:26,  8.74s/it]\r 43%|████▎     | 43/100 [06:21\u003c08:16,  8.72s/it]\r 44%|████▍     | 44/100 [06:30\u003c08:08,  8.71s/it]\r 45%|████▌     | 45/100 [06:39\u003c07:59,  8.71s/it]\r                                                \r\r 45%|████▌     | 45/100 [06:39\u003c07:59,  8.71s/it]\r 46%|████▌     | 46/100 [06:47\u003c07:50,  8.71s/it]\r 47%|████▋     | 47/100 [06:56\u003c07:42,  8.72s/it]\r 48%|████▊     | 48/100 [07:05\u003c07:33,  8.72s/it]\r 49%|████▉     | 49/100 [07:13\u003c07:25,  8.73s/it]\r 50%|█████     | 50/100 [07:22\u003c07:16,  8.72s/it]\r                                                \r\r 50%|█████     | 50/100 [07:22\u003c07:16,  8.72s/it]\r 51%|█████     | 51/100 [07:31\u003c07:06,  8.70s/it]\r 52%|█████▏    | 52/100 [07:40\u003c06:58,  8.71s/it]\r 53%|█████▎    | 53/100 [07:48\u003c06:50,  8.73s/it]\r 54%|█████▍    | 54/100 [07:57\u003c06:41,  8.74s/it]\r 55%|█████▌    | 55/100 [08:06\u003c06:32,  8.73s/it]\r                                                \r\r 55%|█████▌    | 55/100 [08:06\u003c06:32,  8.73s/it]\r 56%|█████▌    | 56/100 [08:14\u003c06:23,  8.72s/it]\r 57%|█████▋    | 57/100 [08:23\u003c06:14,  8.72s/it]\r 58%|█████▊    | 58/100 [08:32\u003c06:05,  8.71s/it]\r 59%|█████▉    | 59/100 [08:41\u003c05:56,  8.71s/it]\r 60%|██████    | 60/100 [08:49\u003c05:48,  8.70s/it]\r                                                \r\r 60%|██████    | 60/100 [08:49\u003c05:48,  8.70s/it]\r 61%|██████    | 61/100 [08:58\u003c05:40,  8.72s/it]\r 62%|██████▏   | 62/100 [09:07\u003c05:31,  8.72s/it]\r 63%|██████▎   | 63/100 [09:15\u003c05:22,  8.73s/it]\r 64%|██████▍   | 64/100 [09:24\u003c05:14,  8.73s/it]\r 65%|██████▌   | 65/100 [09:33\u003c05:05,  8.73s/it]\r                                                \r\r 65%|██████▌   | 65/100 [09:33\u003c05:05,  8.73s/it]\r 66%|██████▌   | 66/100 [09:42\u003c04:56,  8.72s/it]\r 67%|██████▋   | 67/100 [09:50\u003c04:47,  8.70s/it]\r 68%|██████▊   | 68/100 [09:59\u003c04:38,  8.70s/it]\r 69%|██████▉   | 69/100 [10:08\u003c04:30,  8.73s/it]\r 70%|███████   | 70/100 [10:17\u003c04:21,  8.73s/it]\r                                                \r\r 70%|███████   | 70/100 [10:17\u003c04:21,  8.73s/it]\r 71%|███████   | 71/100 [10:25\u003c04:13,  8.73s/it]\r 72%|███████▏  | 72/100 [10:34\u003c04:03,  8.71s/it]\r 73%|███████▎  | 73/100 [10:43\u003c03:55,  8.71s/it]\r 74%|███████▍  | 74/100 [10:51\u003c03:46,  8.69s/it]\r 75%|███████▌  | 75/100 [11:00\u003c03:37,  8.71s/it]\r                                                \r\r 75%|███████▌  | 75/100 [11:00\u003c03:37,  8.71s/it]\r 76%|███████▌  | 76/100 [11:09\u003c03:28,  8.70s/it]\r 77%|███████▋  | 77/100 [11:17\u003c03:19,  8.70s/it]\r 78%|███████▊  | 78/100 [11:26\u003c03:11,  8.72s/it]\r 79%|███████▉  | 79/100 [11:35\u003c03:03,  8.73s/it]\r 80%|████████  | 80/100 [11:44\u003c02:54,  8.74s/it]\r                                                \r\r 80%|████████  | 80/100 [11:44\u003c02:54,  8.74s/it]\r 81%|████████  | 81/100 [11:52\u003c02:46,  8.75s/it]\r 82%|████████▏ | 82/100 [12:01\u003c02:37,  8.74s/it]\r 83%|████████▎ | 83/100 [12:10\u003c02:28,  8.72s/it]\r 84%|████████▍ | 84/100 [12:19\u003c02:19,  8.72s/it]\r 85%|████████▌ | 85/100 [12:27\u003c02:10,  8.72s/it]\r                                                \r\r 85%|████████▌ | 85/100 [12:27\u003c02:10,  8.72s/it]\r 86%|████████▌ | 86/100 [12:36\u003c02:02,  8.73s/it]\r 87%|████████▋ | 87/100 [12:45\u003c01:53,  8.73s/it]\r 88%|████████▊ | 88/100 [12:54\u003c01:44,  8.74s/it]\r 89%|████████▉ | 89/100 [13:02\u003c01:35,  8.71s/it]\r 90%|█████████ | 90/100 [13:11\u003c01:26,  8.69s/it]\r                                                \r\r 90%|█████████ | 90/100 [13:11\u003c01:26,  8.69s/it]\r 91%|█████████ | 91/100 [13:20\u003c01:18,  8.69s/it]\r 92%|█████████▏| 92/100 [13:28\u003c01:09,  8.72s/it]\r 93%|█████████▎| 93/100 [13:37\u003c01:00,  8.71s/it]\r 94%|█████████▍| 94/100 [13:46\u003c00:52,  8.70s/it]\r 95%|█████████▌| 95/100 [13:54\u003c00:43,  8.71s/it]\r                                                \r\r 95%|█████████▌| 95/100 [13:54\u003c00:43,  8.71s/it]\r 96%|█████████▌| 96/100 [14:03\u003c00:34,  8.69s/it]\r 97%|█████████▋| 97/100 [14:12\u003c00:26,  8.70s/it]\r 98%|█████████▊| 98/100 [14:20\u003c00:17,  8.69s/it]\r 99%|█████████▉| 99/100 [14:29\u003c00:08,  8.71s/it]\r100%|██████████| 100/100 [14:38\u003c00:00,  8.71s/it]\r                                                 \r\r100%|██████████| 100/100 [14:38\u003c00:00,  8.71s/it]\r                                                 \r\r100%|██████████| 100/100 [14:38\u003c00:00,  8.71s/it]\r100%|██████████| 100/100 [14:38\u003c00:00,  8.78s/it]\n"}
,{"stream_name":"stdout","time":1259.138667624,"data":"loss head4 2.4196 -\u003e tail4 0.0000 | nan/inf: False\n"}
,{"stream_name":"stdout","time":1259.138684124,"data":"M5C_SMOKE_PASS\n"}
,{"stream_name":"stderr","time":1264.698972494,"data":"/usr/local/lib/python3.12/dist-packages/mistune.py:435: SyntaxWarning: invalid escape sequence '\\|'\n"}
,{"stream_name":"stderr","time":1264.698997795,"data":"  cells[i][c] = re.sub('\\\\\\\\\\|', '|', cell)\n"}
,{"stream_name":"stderr","time":1265.03071807,"data":"/usr/local/lib/python3.12/dist-packages/nbconvert/filters/filter_links.py:36: SyntaxWarning: invalid escape sequence '\\_'\n"}
,{"stream_name":"stderr","time":1265.030748522,"data":"  text = re.sub(r'_', '\\_', text) # Escape underscores in display text\n"}
,{"stream_name":"stderr","time":1265.805372617,"data":"[NbConvertApp] Converting notebook __script__.ipynb to html\n"}
,{"stream_name":"stderr","time":1266.620690394,"data":"[NbConvertApp] Writing 295478 bytes to __results__.html\n"}
]