==== A.L.I.C.E. BOOT ====
STAGE 1: boot volume opened, AVX enable attempted
STAGE 2: sizes OK model=2797632 embed=6291456 vocab=163954
STAGE 3: tensor memory allocated
STAGE 4a: MODEL.SAF loaded
STAGE 4b: EMBED.BIN loaded
STAGE 4c: VOCAB.BIN loaded
STAGE 5: working heap online
STAGE 6: engine online, SIMD=AVX2+FMA
TURBO_DIAG boot-pre: cur_ratio=5 req_ratio=27 eist=1 turbo_dis=0 clkmod=0x00 prochot_now=1 prochot_log=1 hot=0 temp=Tj-63C bdprochot_en=1
STAGE 7 bd-prochot: CLEARED (read-back confirms 0); prochot_was_asserted=1
STAGE 7 pstate: legacy SpeedStep ratio=27 (~2700MHz)
TURBO_DIAG boot-post: cur_ratio=25 req_ratio=27 eist=1 turbo_dis=0 clkmod=0x00 prochot_now=0 prochot_log=1 hot=0 temp=Tj-56C bdprochot_en=0
==== GAUNTLET ====
GAUNTLET CPU: Intel(R) Core(TM) i5-5200U CPU @ 2.20GHz | base=0MHz max=0MHz bus=0MHz | simd=AVX2+FMA hwp=false turbo=true baremetal=true
GAUNTLET SIMD_scalar: 1 tok, path=scalar, prefill 33 tok 571637622t 0.000s, decode 0 tok 0 ticks/tok 0.00 tok/s, total 0.000s, clock 113%
GAUNTLET SIMD_native: 1 tok, path=AVX2+FMA, prefill 33 tok 91251533t 0.000s, decode 0 tok 0 ticks/tok 0.00 tok/s, total 0.000s, clock 113%
GAUNTLET PREFILL_pertoken: 2 tok, path=AVX2+FMA, prefill 27 tok 110881393t 0.000s, decode 1 tok 5853229 ticks/tok 0.00 tok/s, total 0.000s, clock 113%
GAUNTLET PREFILL_batched: 2 tok, path=AVX2+FMA, prefill 27 tok 72290007t 0.000s, decode 1 tok 5848407 ticks/tok 0.00 tok/s, total 0.000s, clock 113%
GAUNTLET PSTATE_run1: 1 tok, path=AVX2+FMA, prefill 33 tok 91068654t 0.000s, decode 0 tok 0 ticks/tok 0.00 tok/s, total 0.000s, clock 113%
GAUNTLET PSTATE_run2_control: 1 tok, path=AVX2+FMA, prefill 33 tok 91060564t 0.000s, decode 0 tok 0 ticks/tok 0.00 tok/s, total 0.000s, clock 113%
TURBO_DIAG pre: cur_ratio=25 req_ratio=27 eist=1 turbo_dis=0 clkmod=0x00 prochot_now=0 prochot_log=1 hot=0 temp=Tj-48C bdprochot_en=0
GAUNTLET TURBO: legacy ratio=27 (~2700MHz)
TURBO_DIAG post: cur_ratio=25 req_ratio=27 eist=1 turbo_dis=0 clkmod=0x00 prochot_now=0 prochot_log=1 hot=0 temp=Tj-54C bdprochot_en=0
GAUNTLET PSTATE_run3_turbo: 1 tok, path=AVX2+FMA, prefill 33 tok 91064755t 0.000s, decode 0 tok 0 ticks/tok 0.00 tok/s, total 0.000s, clock 113%
GAUNTLET CTX_20: 1 tok, path=AVX2+FMA, prefill 33 tok 91055169t 0.977s, decode 0 tok 0 ticks/tok 0.00 tok/s, total 1.000s, clock 113%
GAUNTLET CTX_100: 1 tok, path=AVX2+FMA, prefill 33 tok 91063799t 0.000s, decode 0 tok 0 ticks/tok 0.00 tok/s, total 0.000s, clock 113%
GAUNTLET CTX_400: 1 tok, path=AVX2+FMA, prefill 33 tok 91071042t 0.000s, decode 0 tok 0 ticks/tok 0.00 tok/s, total 0.000s, clock 113%
GAUNTLET PEAK_MEMORY: 13954899 bytes (13.30 MB) [Arena High-Water Mark]
GAUNTLET DONE
