# runid: 2026-09-04T0034Z-thread_sweep-53d033010b65
# started_utc: 2026-09-04T00:34:34Z
# env_hash: 728dfdaabbaf4aec
# cmd: bash /home/cm/legs-worktrees/alice-aegis-e6-membw/program/loop/runners/thread_sweep.sh
# host: aefinity-box | Intel(R) Core(TM) i5-5200U CPU @ 2.20GHz | virt=none | git=53d0330
round,threads,iter,decode_cyc_per_tok,decode_total_cyc,decode_steps,prefill_cyc,out_hash
# THREAD SWEEP: threads=[1 2 3 4] rounds=5 iters=5 x 3 maxnew=64
# one process per arm (pool.rs:174 OnceLock); arms round-robin to defeat drift
# nproc logical=4 physical=4
# features: whatever aegis-linux was built with — the runcard records the binary sha256
1,1,0,3675717986,235245951154,64,70286801523,2d071deddaef3e6e
1,1,1,3669789126,234866504077,64,69838554950,2d071deddaef3e6e
1,1,2,3674261432,235152731669,64,69698858773,2d071deddaef3e6e
1,2,0,3671278474,234961822355,64,69991042374,2d071deddaef3e6e
1,2,1,3674181049,235147587137,64,69886825426,2d071deddaef3e6e
1,2,2,3676480059,235294723804,64,69889099136,2d071deddaef3e6e
1,3,0,3702210196,236941452586,64,70136260035,2d071deddaef3e6e
1,3,1,3671154327,234953876942,64,69921859778,2d071deddaef3e6e
1,3,2,3680172395,235531033289,64,69731762506,2d071deddaef3e6e
1,4,0,3672042254,235010704278,64,70111537254,2d071deddaef3e6e
1,4,1,3673312423,235091995107,64,69770636721,2d071deddaef3e6e
1,4,2,3669843106,234869958792,64,69758123353,2d071deddaef3e6e
2,1,0,3668626253,234792080215,64,70268170617,2d071deddaef3e6e
2,1,1,3669007385,234816472692,64,69916046936,2d071deddaef3e6e
2,1,2,3671193738,234956399250,64,69732301293,2d071deddaef3e6e
2,2,0,3749171440,239946972172,64,70091869875,2d071deddaef3e6e
2,2,1,3669026316,234817684235,64,69805532072,2d071deddaef3e6e
2,2,2,3703900227,237049614591,64,69854151212,2d071deddaef3e6e
2,3,0,3805908937,243578172004,64,71294552044,2d071deddaef3e6e
2,3,1,3841441020,245852225334,64,71478217196,2d071deddaef3e6e
2,3,2,3847674169,246251146845,64,71426963972,2d071deddaef3e6e
2,4,0,3848121915,246279802595,64,72007090650,2d071deddaef3e6e
2,4,1,3873077303,247876947428,64,71601693076,2d071deddaef3e6e
2,4,2,3835178081,245451397207,64,71931397242,2d071deddaef3e6e
3,1,0,3841218861,245838007134,64,71897129617,2d071deddaef3e6e
3,1,1,3837995138,245631688857,64,71706271306,2d071deddaef3e6e
3,1,2,3837984424,245631003182,64,71366096369,2d071deddaef3e6e
3,2,0,3800853521,243254625361,64,72374054302,2d071deddaef3e6e
3,2,1,3832152410,245257754243,64,71867956583,2d071deddaef3e6e
3,2,2,3839316801,245716275309,64,71177590687,2d071deddaef3e6e
3,3,0,3842333832,245909365281,64,72925897061,2d071deddaef3e6e
3,3,1,3880950780,248380849923,64,71666625834,2d071deddaef3e6e
3,3,2,3790005937,242560380020,64,71254047656,2d071deddaef3e6e
3,4,0,3803971740,243454191371,64,71345694733,2d071deddaef3e6e
3,4,1,3812261636,243984744704,64,71737005675,2d071deddaef3e6e
3,4,2,3869445106,247644486834,64,71450779490,2d071deddaef3e6e
4,1,0,3808053123,243715399896,64,72311600054,2d071deddaef3e6e
4,1,1,3776057241,241667663453,64,72184233777,2d071deddaef3e6e
4,1,2,3674032632,235138088497,64,71614066922,2d071deddaef3e6e
4,2,0,3668046089,234754949704,64,70256679773,2d071deddaef3e6e
4,2,1,3665813801,234612083279,64,69929942336,2d071deddaef3e6e
4,2,2,3731041646,238786665364,64,72885216426,2d071deddaef3e6e
4,3,0,3676360893,235287097170,64,70796533075,2d071deddaef3e6e
4,3,1,3665789816,234610548259,64,69820753787,2d071deddaef3e6e
4,3,2,3721458107,238173318892,64,69853656908,2d071deddaef3e6e
4,4,0,3675353548,235222627116,64,71260143626,2d071deddaef3e6e
4,4,1,3718699171,237996746953,64,69854356528,2d071deddaef3e6e
4,4,2,3671376585,234968101454,64,69918124726,2d071deddaef3e6e
5,1,0,3673077324,235076948773,64,69924360017,2d071deddaef3e6e
5,1,1,3705120753,237127728237,64,69850992112,2d071deddaef3e6e
5,1,2,3670534340,234914197791,64,69742236449,2d071deddaef3e6e
5,2,0,3669116673,234823467087,64,69885872718,2d071deddaef3e6e
5,2,1,3663379353,234456278634,64,69687362235,2d071deddaef3e6e
5,2,2,3653286443,233810332394,64,69692229640,2d071deddaef3e6e
5,3,0,3670381910,234904442255,64,69754750367,2d071deddaef3e6e
5,3,1,3674944907,235196474075,64,69847518092,2d071deddaef3e6e
5,3,2,3674436758,235163952523,64,69692508116,2d071deddaef3e6e
5,4,0,3669148452,234825500946,64,70342226262,2d071deddaef3e6e
5,4,1,3670345972,234902142228,64,69891011002,2d071deddaef3e6e
5,4,2,3668589623,234789735875,64,69974726331,2d071deddaef3e6e

==== SUMMARY (computed from the rows above, in this run) ====
rounds=5  arms=[1, 2, 3, 4]  samples=60
work identity: OK, all 60 samples produced out_hash 2d071deddaef3e6e (bit-identical output across thread counts)

 thr   n  median cyc/tok        IQR    IQR%            min            max
   1  15   3,674,261,432 121,191,143   3.30%  3,668,626,253  3,841,218,861
   2  15   3,674,181,049 71,570,340   1.95%  3,653,286,443  3,839,316,801
   3  15   3,702,210,196 148,984,146   4.02%  3,665,789,816  3,880,950,780
   4  15   3,675,353,548 152,858,580   4.16%  3,668,589,623  3,873,077,303

speedup vs 1 thread(s), from cycles/token (NOT from tok/s):
  1t -> 1t :  1.000x   resolved
  1t -> 2t :  1.000x   *** NOT RESOLVED (arm ranges overlap) ***
  1t -> 3t :  0.992x   *** NOT RESOLVED (arm ranges overlap) ***
  1t -> 4t :  1.000x   *** NOT RESOLVED (arm ranges overlap) ***

--- METRICS-JSON ---
{
  "arms": {
    "1": {
      "n": 15,
      "median_cyc_per_tok": 3674261432,
      "iqr": 121191143.0,
      "iqr_pct": 3.3,
      "min": 3668626253,
      "max": 3841218861,
      "all": [
        3675717986,
        3669789126,
        3674261432,
        3668626253,
        3669007385,
        3671193738,
        3841218861,
        3837995138,
        3837984424,
        3808053123,
        3776057241,
        3674032632,
        3673077324,
        3705120753,
        3670534340
      ]
    },
    "2": {
      "n": 15,
      "median_cyc_per_tok": 3674181049,
      "iqr": 71570340.5,
      "iqr_pct": 1.95,
      "min": 3653286443,
      "max": 3839316801,
      "all": [
        3671278474,
        3674181049,
        3676480059,
        3749171440,
        3669026316,
        3703900227,
        3800853521,
        3832152410,
        3839316801,
        3668046089,
        3665813801,
        3731041646,
        3669116673,
        3663379353,
        3653286443
      ]
    },
    "3": {
      "n": 15,
      "median_cyc_per_tok": 3702210196,
      "iqr": 148984146.0,
      "iqr_pct": 4.02,
      "min": 3665789816,
      "max": 3880950780,
      "all": [
        3702210196,
        3671154327,
        3680172395,
        3805908937,
        3841441020,
        3847674169,
        3842333832,
        3880950780,
        3790005937,
        3676360893,
        3665789816,
        3721458107,
        3670381910,
        3674944907,
        3674436758
      ]
    },
    "4": {
      "n": 15,
      "median_cyc_per_tok": 3675353548,
      "iqr": 152858580.0,
      "iqr_pct": 4.16,
      "min": 3668589623,
      "max": 3873077303,
      "all": [
        3672042254,
        3673312423,
        3669843106,
        3848121915,
        3873077303,
        3835178081,
        3803971740,
        3812261636,
        3869445106,
        3675353548,
        3718699171,
        3671376585,
        3669148452,
        3670345972,
        3668589623
      ]
    }
  },
  "rounds": 5,
  "work_identical": true,
  "out_hashes": [
    "2d071deddaef3e6e"
  ],
  "ratios": {
    "r_1t_over_1t": {
      "ratio": 1.0,
      "resolved": true
    },
    "r_2t_over_1t": {
      "ratio": 1.0,
      "resolved": false
    },
    "r_3t_over_1t": {
      "ratio": 0.9925,
      "resolved": false
    },
    "r_4t_over_1t": {
      "ratio": 0.9997,
      "resolved": false
    }
  },
  "publishable": true,
  "refusals": [],
  "smt_identifiable": true,
  "topology": "topology visible: siblings=['4'] cpu_cores=['2']"
}
