# runid: 2026-09-04T0516Z-thread_sweep-d85994e46041
# started_utc: 2026-09-04T05:16:41Z
# env_hash: ac05c407466e8f9d
# cmd: bash /home/cm/legs-worktrees/alice-aegis-e6-membw/program/loop/runners/thread_sweep.sh
# host: aefinity-box | Intel(R) Core(TM) i5-5200U CPU @ 2.20GHz | virt=none | git=d85994e
round,threads,iter,decode_cyc_per_tok,decode_total_cyc,decode_steps,prefill_cyc,out_hash
# THREAD SWEEP: threads=[1 2 3 4] rounds=5 iters=5 x 3 maxnew=64
# one process per arm (pool.rs:174 OnceLock); arms round-robin to defeat drift
# nproc logical=4 physical=4
# features: whatever aegis-linux was built with — the runcard records the binary sha256
1,1,0,3767799131,241139144387,64,77249760762,2d071deddaef3e6e
1,1,1,3767167959,241098749432,64,77201774975,2d071deddaef3e6e
1,1,2,3769620228,241255694642,64,77087606200,2d071deddaef3e6e
1,2,0,2313702818,148076980404,64,42483443141,2d071deddaef3e6e
1,2,1,2328100212,148998413577,64,42332650206,2d071deddaef3e6e
1,2,2,2327202105,148940934752,64,42936887647,2d071deddaef3e6e
1,3,0,2647871948,169463804721,64,43235848441,2d071deddaef3e6e
1,3,1,2649592178,169573899406,64,43243773525,2d071deddaef3e6e
1,3,2,2646936721,169403950173,64,43229736440,2d071deddaef3e6e
1,4,0,2228771083,142641349354,64,38723121487,2d071deddaef3e6e
1,4,1,2223366164,142295434536,64,38442494185,2d071deddaef3e6e
1,4,2,2224692145,142380297306,64,38322482247,2d071deddaef3e6e
2,1,0,3767076987,241092927172,64,77172063144,2d071deddaef3e6e
2,1,1,3764458633,240925352525,64,76009439430,2d071deddaef3e6e
2,1,2,3764588250,240933648054,64,76027531536,2d071deddaef3e6e
2,2,0,2333721769,149358193239,64,43181358193,2d071deddaef3e6e
2,2,1,2318946148,148412553510,64,42720984817,2d071deddaef3e6e
2,2,2,2318116043,148359426784,64,42580043748,2d071deddaef3e6e
2,3,0,2653363967,169815293923,64,43682056122,2d071deddaef3e6e
2,3,1,2648304575,169491492847,64,43280847109,2d071deddaef3e6e
2,3,2,2650777357,169649750890,64,43342334718,2d071deddaef3e6e
2,4,0,2225539134,142434504578,64,38663505168,2d071deddaef3e6e
2,4,1,2220170956,142090941200,64,38642481494,2d071deddaef3e6e
2,4,2,2220008296,142080530984,64,38536158183,2d071deddaef3e6e
3,1,0,3766446320,241052564532,64,77083397954,2d071deddaef3e6e
3,1,1,3765426291,240987282635,64,75985218899,2d071deddaef3e6e
3,1,2,3780560923,241955899098,64,75853562608,2d071deddaef3e6e
3,2,0,2319639172,148456907055,64,43612110767,2d071deddaef3e6e
3,2,1,2333059535,149315810255,64,42766331046,2d071deddaef3e6e
3,2,2,2333607416,149350874686,64,42285643322,2d071deddaef3e6e
3,3,0,2646389257,169368912452,64,44123442748,2d071deddaef3e6e
3,3,1,2647211360,169421527076,64,43213153016,2d071deddaef3e6e
3,3,2,2643440157,169180170095,64,42896670647,2d071deddaef3e6e
3,4,0,2231902739,142841775313,64,38969188906,2d071deddaef3e6e
3,4,1,2227898136,142585480705,64,38838135070,2d071deddaef3e6e
3,4,2,2231977596,142846566202,64,38415466826,2d071deddaef3e6e
4,1,0,3860897613,247097447249,64,77582767223,2d071deddaef3e6e
4,1,1,3766391045,241049026891,64,75800744514,2d071deddaef3e6e
4,1,2,3766572763,241060656855,64,75896755037,2d071deddaef3e6e
4,2,0,2332483229,149278926663,64,43147831577,2d071deddaef3e6e
4,2,1,2331797941,149235068231,64,42981012983,2d071deddaef3e6e
4,2,2,2340270644,149777321234,64,42577007821,2d071deddaef3e6e
4,3,0,2654544889,169890872912,64,43373134061,2d071deddaef3e6e
4,3,1,2647425287,169435218376,64,42955523104,2d071deddaef3e6e
4,3,2,2648238294,169487250827,64,43172969241,2d071deddaef3e6e
4,4,0,2220068713,142084397690,64,38793344507,2d071deddaef3e6e
4,4,1,2222483974,142238974398,64,38564087066,2d071deddaef3e6e
4,4,2,2224613344,142375254017,64,38619724775,2d071deddaef3e6e
5,1,0,3762857179,240822859500,64,77299052378,2d071deddaef3e6e
5,1,1,3762867077,240823492934,64,75832389290,2d071deddaef3e6e
5,1,2,3768888789,241208882506,64,75758617083,2d071deddaef3e6e
5,2,0,2331038979,149186494703,64,43571975162,2d071deddaef3e6e
5,2,1,2323921210,148730957458,64,42381927847,2d071deddaef3e6e
5,2,2,2321750977,148592062553,64,42632546413,2d071deddaef3e6e
5,3,0,2643649039,169193538503,64,43857039541,2d071deddaef3e6e
5,3,1,2662872554,170423843484,64,43605313862,2d071deddaef3e6e
5,3,2,2647114440,169415324176,64,43683969897,2d071deddaef3e6e
5,4,0,2225602335,142438549471,64,39320659082,2d071deddaef3e6e
5,4,1,2227481152,142558793782,64,38556698324,2d071deddaef3e6e
5,4,2,2222025518,142209633155,64,38329435242,2d071deddaef3e6e

==== SUMMARY (computed from the rows above, in this run) ====
rounds=5  arms=[1, 2, 3, 4]  samples=60
work identity: OK, all 60 samples produced out_hash 2d071deddaef3e6e (bit-identical output across thread counts)

 thr   n  median cyc/tok        IQR    IQR%            min            max
   1  15   3,766,572,763  3,336,690   0.09%  3,762,857,179  3,860,897,613
   2  15   2,328,100,212 12,076,308   0.52%  2,313,702,818  2,340,270,644
   3  15   2,647,871,948  3,159,187   0.12%  2,643,440,157  2,662,872,554
   4  15   2,224,692,145  5,434,898   0.24%  2,220,008,296  2,231,977,596

speedup vs 1 thread(s), from cycles/token (NOT from tok/s):
  1t -> 1t :  1.000x   resolved
  1t -> 2t :  1.618x   resolved
  1t -> 3t :  1.422x   resolved
  1t -> 4t :  1.693x   resolved

--- METRICS-JSON ---
{
  "arms": {
    "1": {
      "n": 15,
      "median_cyc_per_tok": 3766572763,
      "iqr": 3336689.5,
      "iqr_pct": 0.09,
      "min": 3762857179,
      "max": 3860897613,
      "all": [
        3767799131,
        3767167959,
        3769620228,
        3767076987,
        3764458633,
        3764588250,
        3766446320,
        3765426291,
        3780560923,
        3860897613,
        3766391045,
        3766572763,
        3762857179,
        3762867077,
        3768888789
      ]
    },
    "2": {
      "n": 15,
      "median_cyc_per_tok": 2328100212,
      "iqr": 12076307.5,
      "iqr_pct": 0.52,
      "min": 2313702818,
      "max": 2340270644,
      "all": [
        2313702818,
        2328100212,
        2327202105,
        2333721769,
        2318946148,
        2318116043,
        2319639172,
        2333059535,
        2333607416,
        2332483229,
        2331797941,
        2340270644,
        2331038979,
        2323921210,
        2321750977
      ]
    },
    "3": {
      "n": 15,
      "median_cyc_per_tok": 2647871948,
      "iqr": 3159187.0,
      "iqr_pct": 0.12,
      "min": 2643440157,
      "max": 2662872554,
      "all": [
        2647871948,
        2649592178,
        2646936721,
        2653363967,
        2648304575,
        2650777357,
        2646389257,
        2647211360,
        2643440157,
        2654544889,
        2647425287,
        2648238294,
        2643649039,
        2662872554,
        2647114440
      ]
    },
    "4": {
      "n": 15,
      "median_cyc_per_tok": 2224692145,
      "iqr": 5434898.0,
      "iqr_pct": 0.24,
      "min": 2220008296,
      "max": 2231977596,
      "all": [
        2228771083,
        2223366164,
        2224692145,
        2225539134,
        2220170956,
        2220008296,
        2231902739,
        2227898136,
        2231977596,
        2220068713,
        2222483974,
        2224613344,
        2225602335,
        2227481152,
        2222025518
      ]
    }
  },
  "rounds": 5,
  "work_identical": true,
  "out_hashes": [
    "2d071deddaef3e6e"
  ],
  "ratios": {
    "r_1t_over_1t": {
      "ratio": 1.0,
      "resolved": true
    },
    "r_2t_over_1t": {
      "ratio": 1.6179,
      "resolved": true
    },
    "r_3t_over_1t": {
      "ratio": 1.4225,
      "resolved": true
    },
    "r_4t_over_1t": {
      "ratio": 1.6931,
      "resolved": true
    }
  },
  "publishable": true,
  "refusals": [],
  "smt_identifiable": true,
  "topology": "topology visible: siblings=['4'] cpu_cores=['2']"
}
