==================================================
 A.L.I.C.E. Perplexity Evaluator (measured)
==================================================
Engine online. SIMD level: AVX2+FMA
Dataset: test.txt | total chars: 1254250
Progress: 5000/1254250 chars | chunk: 1352 tok (3.7 c/t) PPL 8.490 | overall: 1351 tok PPL 8.490
Progress: 10000/1254250 chars | chunk: 1166 tok (4.3 c/t) PPL 17.672 | overall: 2516 tok PPL 11.921
Progress: 15000/1254250 chars | chunk: 1230 tok (4.1 c/t) PPL 19.123 | overall: 3745 tok PPL 13.921
Progress: 20000/1254250 chars | chunk: 1186 tok (4.2 c/t) PPL 22.440 | overall: 4930 tok PPL 15.614
Progress: 25000/1254250 chars | chunk: 1166 tok (4.3 c/t) PPL 18.420 | overall: 6095 tok PPL 16.115
Progress: 30000/1254250 chars | chunk: 1298 tok (3.9 c/t) PPL 15.606 | overall: 7392 tok PPL 16.025
Progress: 35000/1254250 chars | chunk: 1261 tok (4.0 c/t) PPL 16.922 | overall: 8652 tok PPL 16.152
Progress: 40000/1254250 chars | chunk: 1258 tok (4.0 c/t) PPL 16.573 | overall: 9909 tok PPL 16.205
Progress: 45000/1254250 chars | chunk: 1194 tok (4.2 c/t) PPL 15.763 | overall: 11102 tok PPL 16.157
Progress: 50000/1254250 chars | chunk: 1409 tok (3.5 c/t) PPL 11.350 | overall: 12510 tok PPL 15.527
Progress: 55000/1254250 chars | chunk: 1652 tok (3.0 c/t) PPL 8.465 | overall: 14161 tok PPL 14.467
Progress: 60000/1254250 chars | chunk: 1344 tok (3.7 c/t) PPL 13.203 | overall: 15504 tok PPL 14.353
Progress: 65000/1254250 chars | chunk: 1289 tok (3.9 c/t) PPL 15.301 | overall: 16792 tok PPL 14.423
Progress: 70000/1254250 chars | chunk: 1285 tok (3.9 c/t) PPL 17.109 | overall: 18076 tok PPL 14.599
Progress: 75000/1254250 chars | chunk: 1171 tok (4.3 c/t) PPL 20.495 | overall: 19246 tok PPL 14.904
Progress: 80000/1254250 chars | chunk: 1196 tok (4.2 c/t) PPL 17.928 | overall: 20441 tok PPL 15.065
Progress: 85000/1254250 chars | chunk: 1244 tok (4.0 c/t) PPL 17.193 | overall: 21684 tok PPL 15.180
Progress: 90000/1254250 chars | chunk: 1201 tok (4.2 c/t) PPL 17.894 | overall: 22884 tok PPL 15.311
Progress: 95000/1254250 chars | chunk: 1295 tok (3.9 c/t) PPL 14.250 | overall: 24178 tok PPL 15.253
Progress: 100000/1254250 chars | chunk: 1168 tok (4.3 c/t) PPL 27.840 | overall: 25345 tok PPL 15.681
Progress: 105000/1254250 chars | chunk: 1135 tok (4.4 c/t) PPL 14.024 | overall: 26479 tok PPL 15.606
Progress: 110000/1254250 chars | chunk: 1258 tok (4.0 c/t) PPL 15.485 | overall: 27736 tok PPL 15.601
Progress: 115000/1254250 chars | chunk: 1247 tok (4.0 c/t) PPL 18.065 | overall: 28982 tok PPL 15.700
Progress: 120000/1254250 chars | chunk: 1278 tok (3.9 c/t) PPL 17.761 | overall: 30259 tok PPL 15.781
Progress: 125000/1254250 chars | chunk: 1290 tok (3.9 c/t) PPL 17.845 | overall: 31548 tok PPL 15.861
Progress: 130000/1254250 chars | chunk: 1259 tok (4.0 c/t) PPL 17.553 | overall: 32806 tok PPL 15.923
Progress: 135000/1254250 chars | chunk: 1154 tok (4.3 c/t) PPL 22.692 | overall: 33959 tok PPL 16.115
Progress: 140000/1254250 chars | chunk: 1182 tok (4.2 c/t) PPL 25.049 | overall: 35140 tok PPL 16.356
Progress: 145000/1254250 chars | chunk: 1277 tok (3.9 c/t) PPL 15.666 | overall: 36416 tok PPL 16.331
Progress: 150000/1254250 chars | chunk: 1182 tok (4.2 c/t) PPL 19.783 | overall: 37597 tok PPL 16.430
Progress: 155000/1254250 chars | chunk: 1178 tok (4.2 c/t) PPL 15.945 | overall: 38774 tok PPL 16.415
Progress: 160000/1254250 chars | chunk: 1360 tok (3.7 c/t) PPL 11.080 | overall: 40133 tok PPL 16.198
Progress: 165000/1254250 chars | chunk: 1503 tok (3.3 c/t) PPL 9.480 | overall: 41635 tok PPL 15.888
Progress: 170000/1254250 chars | chunk: 1188 tok (4.2 c/t) PPL 12.323 | overall: 42822 tok PPL 15.777
Progress: 175000/1254250 chars | chunk: 1195 tok (4.2 c/t) PPL 19.601 | overall: 44016 tok PPL 15.870
Progress: 180000/1254250 chars | chunk: 1144 tok (4.4 c/t) PPL 17.931 | overall: 45159 tok PPL 15.919
Progress: 185000/1254250 chars | chunk: 1156 tok (4.3 c/t) PPL 23.073 | overall: 46314 tok PPL 16.067
Progress: 190000/1254250 chars | chunk: 1286 tok (3.9 c/t) PPL 14.690 | overall: 47599 tok PPL 16.028
Progress: 195000/1254250 chars | chunk: 1208 tok (4.1 c/t) PPL 19.198 | overall: 48806 tok PPL 16.100
Progress: 200000/1254250 chars | chunk: 1240 tok (4.0 c/t) PPL 18.542 | overall: 50045 tok PPL 16.156
Progress: 205000/1254250 chars | chunk: 1181 tok (4.2 c/t) PPL 19.436 | overall: 51225 tok PPL 16.225
Progress: 210000/1254250 chars | chunk: 1217 tok (4.1 c/t) PPL 20.078 | overall: 52441 tok PPL 16.305
Progress: 215000/1254250 chars | chunk: 1131 tok (4.4 c/t) PPL 28.372 | overall: 53571 tok PPL 16.497
Progress: 220000/1254250 chars | chunk: 1235 tok (4.0 c/t) PPL 18.325 | overall: 54805 tok PPL 16.536
Progress: 225000/1254250 chars | chunk: 1230 tok (4.1 c/t) PPL 16.006 | overall: 56034 tok PPL 16.524
Progress: 230000/1254250 chars | chunk: 1131 tok (4.4 c/t) PPL 26.655 | overall: 57164 tok PPL 16.681
Progress: 235000/1254250 chars | chunk: 1208 tok (4.1 c/t) PPL 23.197 | overall: 58371 tok PPL 16.795
Progress: 240000/1254250 chars | chunk: 1271 tok (3.9 c/t) PPL 17.298 | overall: 59641 tok PPL 16.806
Progress: 245000/1254250 chars | chunk: 1229 tok (4.1 c/t) PPL 19.557 | overall: 60869 tok PPL 16.857
Progress: 250000/1254250 chars | chunk: 1239 tok (4.0 c/t) PPL 16.202 | overall: 62107 tok PPL 16.844
Progress: 255000/1254250 chars | chunk: 1316 tok (3.8 c/t) PPL 12.730 | overall: 63422 tok PPL 16.747
Progress: 260000/1254250 chars | chunk: 1364 tok (3.7 c/t) PPL 12.225 | overall: 64785 tok PPL 16.636
Progress: 265000/1254250 chars | chunk: 1459 tok (3.4 c/t) PPL 8.954 | overall: 66243 tok PPL 16.411
Progress: 270000/1254250 chars | chunk: 1363 tok (3.7 c/t) PPL 8.420 | overall: 67605 tok PPL 16.192
Progress: 275000/1254250 chars | chunk: 1445 tok (3.5 c/t) PPL 7.156 | overall: 69049 tok PPL 15.918
Progress: 280000/1254250 chars | chunk: 1265 tok (4.0 c/t) PPL 12.685 | overall: 70313 tok PPL 15.853
Progress: 285000/1254250 chars | chunk: 1198 tok (4.2 c/t) PPL 15.358 | overall: 71510 tok PPL 15.844
Progress: 290000/1254250 chars | chunk: 1340 tok (3.7 c/t) PPL 11.142 | overall: 72849 tok PPL 15.742
Progress: 295000/1254250 chars | chunk: 1207 tok (4.1 c/t) PPL 18.285 | overall: 74055 tok PPL 15.781
Progress: 300000/1254250 chars | chunk: 1107 tok (4.5 c/t) PPL 17.222 | overall: 75161 tok PPL 15.801
Progress: 305000/1254250 chars | chunk: 1271 tok (3.9 c/t) PPL 14.056 | overall: 76431 tok PPL 15.770
Progress: 310000/1254250 chars | chunk: 1274 tok (3.9 c/t) PPL 11.575 | overall: 77704 tok PPL 15.690
Progress: 315000/1254250 chars | chunk: 1318 tok (3.8 c/t) PPL 8.241 | overall: 79021 tok PPL 15.523
Progress: 320000/1254250 chars | chunk: 1288 tok (3.9 c/t) PPL 12.673 | overall: 80308 tok PPL 15.473
Progress: 325000/1254250 chars | chunk: 1366 tok (3.7 c/t) PPL 12.389 | overall: 81673 tok PPL 15.415
Progress: 330000/1254250 chars | chunk: 1367 tok (3.7 c/t) PPL 10.328 | overall: 83039 tok PPL 15.314
Progress: 335000/1254250 chars | chunk: 1363 tok (3.7 c/t) PPL 11.317 | overall: 84401 tok PPL 15.239
Progress: 340000/1254250 chars | chunk: 1274 tok (3.9 c/t) PPL 12.167 | overall: 85674 tok PPL 15.188
Progress: 345000/1254250 chars | chunk: 1314 tok (3.8 c/t) PPL 14.133 | overall: 86987 tok PPL 15.172
Progress: 350000/1254250 chars | chunk: 1299 tok (3.8 c/t) PPL 15.556 | overall: 88285 tok PPL 15.178
Progress: 355000/1254250 chars | chunk: 1210 tok (4.1 c/t) PPL 21.146 | overall: 89494 tok PPL 15.246
Progress: 360000/1254250 chars | chunk: 1150 tok (4.3 c/t) PPL 28.060 | overall: 90643 tok PPL 15.364
Progress: 365000/1254250 chars | chunk: 1233 tok (4.1 c/t) PPL 29.835 | overall: 91875 tok PPL 15.501
Progress: 370000/1254250 chars | chunk: 1240 tok (4.0 c/t) PPL 27.729 | overall: 93114 tok PPL 15.622
Progress: 375000/1254250 chars | chunk: 1181 tok (4.2 c/t) PPL 23.242 | overall: 94294 tok PPL 15.700
Progress: 380000/1254250 chars | chunk: 1301 tok (3.8 c/t) PPL 19.753 | overall: 95594 tok PPL 15.749
Progress: 385000/1254250 chars | chunk: 1266 tok (3.9 c/t) PPL 20.453 | overall: 96859 tok PPL 15.803
Progress: 390000/1254250 chars | chunk: 1211 tok (4.1 c/t) PPL 20.046 | overall: 98069 tok PPL 15.849
Progress: 395000/1254250 chars | chunk: 1216 tok (4.1 c/t) PPL 21.259 | overall: 99284 tok PPL 15.906
Progress: 400000/1254250 chars | chunk: 1113 tok (4.5 c/t) PPL 24.043 | overall: 100396 tok PPL 15.979
Progress: 405000/1254250 chars | chunk: 1190 tok (4.2 c/t) PPL 21.951 | overall: 101585 tok PPL 16.039
Progress: 410000/1254250 chars | chunk: 1108 tok (4.5 c/t) PPL 23.842 | overall: 102692 tok PPL 16.107
Progress: 415000/1254250 chars | chunk: 1132 tok (4.4 c/t) PPL 21.994 | overall: 103823 tok PPL 16.162
Progress: 420000/1254250 chars | chunk: 1224 tok (4.1 c/t) PPL 14.532 | overall: 105046 tok PPL 16.142
Progress: 425000/1254250 chars | chunk: 1241 tok (4.0 c/t) PPL 14.865 | overall: 106286 tok PPL 16.127
Progress: 430000/1254250 chars | chunk: 1250 tok (4.0 c/t) PPL 18.319 | overall: 107535 tok PPL 16.150
Progress: 435000/1254250 chars | chunk: 1294 tok (3.9 c/t) PPL 11.045 | overall: 108828 tok PPL 16.078
Progress: 440000/1254250 chars | chunk: 1317 tok (3.8 c/t) PPL 11.052 | overall: 110144 tok PPL 16.006
Progress: 445000/1254250 chars | chunk: 1212 tok (4.1 c/t) PPL 14.620 | overall: 111355 tok PPL 15.990
Progress: 450000/1254250 chars | chunk: 1149 tok (4.4 c/t) PPL 14.830 | overall: 112503 tok PPL 15.978
Progress: 455000/1254250 chars | chunk: 1196 tok (4.2 c/t) PPL 13.824 | overall: 113698 tok PPL 15.954
Progress: 460000/1254250 chars | chunk: 1261 tok (4.0 c/t) PPL 12.140 | overall: 114958 tok PPL 15.906
Progress: 465000/1254250 chars | chunk: 1312 tok (3.8 c/t) PPL 12.528 | overall: 116269 tok PPL 15.863
Progress: 470000/1254250 chars | chunk: 1220 tok (4.1 c/t) PPL 13.107 | overall: 117488 tok PPL 15.832
Progress: 475000/1254250 chars | chunk: 1293 tok (3.9 c/t) PPL 14.022 | overall: 118780 tok PPL 15.811
Progress: 480000/1254250 chars | chunk: 1359 tok (3.7 c/t) PPL 13.049 | overall: 120138 tok PPL 15.777
Progress: 485000/1254250 chars | chunk: 1367 tok (3.7 c/t) PPL 10.534 | overall: 121504 tok PPL 15.705
Progress: 490000/1254250 chars | chunk: 1282 tok (3.9 c/t) PPL 12.719 | overall: 122785 tok PPL 15.671
Progress: 495000/1254250 chars | chunk: 1213 tok (4.1 c/t) PPL 12.342 | overall: 123997 tok PPL 15.634
Progress: 500000/1254250 chars | chunk: 1231 tok (4.1 c/t) PPL 11.494 | overall: 125227 tok PPL 15.587
Progress: 505000/1254250 chars | chunk: 1511 tok (3.3 c/t) PPL 10.603 | overall: 126737 tok PPL 15.515
Progress: 510000/1254250 chars | chunk: 1375 tok (3.6 c/t) PPL 10.989 | overall: 128111 tok PPL 15.458
Progress: 515000/1254250 chars | chunk: 1213 tok (4.1 c/t) PPL 20.892 | overall: 129323 tok PPL 15.502
Progress: 520000/1254250 chars | chunk: 1261 tok (4.0 c/t) PPL 22.851 | overall: 130583 tok PPL 15.560
Progress: 525000/1254250 chars | chunk: 1254 tok (4.0 c/t) PPL 18.803 | overall: 131836 tok PPL 15.588
Progress: 530000/1254250 chars | chunk: 1263 tok (4.0 c/t) PPL 15.637 | overall: 133098 tok PPL 15.588
Progress: 535000/1254250 chars | chunk: 1193 tok (4.2 c/t) PPL 21.584 | overall: 134290 tok PPL 15.634
Progress: 540000/1254250 chars | chunk: 1198 tok (4.2 c/t) PPL 18.096 | overall: 135487 tok PPL 15.654
Progress: 545000/1254250 chars | chunk: 1341 tok (3.7 c/t) PPL 13.739 | overall: 136827 tok PPL 15.634
Progress: 550000/1254250 chars | chunk: 1254 tok (4.0 c/t) PPL 11.452 | overall: 138080 tok PPL 15.590
Progress: 555000/1254250 chars | chunk: 1308 tok (3.8 c/t) PPL 13.702 | overall: 139387 tok PPL 15.571
Progress: 560000/1254250 chars | chunk: 1275 tok (3.9 c/t) PPL 15.697 | overall: 140661 tok PPL 15.572
Progress: 565000/1254250 chars | chunk: 1299 tok (3.8 c/t) PPL 14.179 | overall: 141959 tok PPL 15.559
Progress: 570000/1254250 chars | chunk: 1280 tok (3.9 c/t) PPL 13.761 | overall: 143238 tok PPL 15.542
Progress: 575000/1254250 chars | chunk: 1306 tok (3.8 c/t) PPL 13.190 | overall: 144543 tok PPL 15.519
Progress: 580000/1254250 chars | chunk: 1285 tok (3.9 c/t) PPL 13.449 | overall: 145827 tok PPL 15.499
Progress: 585000/1254250 chars | chunk: 1334 tok (3.7 c/t) PPL 12.046 | overall: 147160 tok PPL 15.464
Progress: 590000/1254250 chars | chunk: 1320 tok (3.8 c/t) PPL 12.295 | overall: 148479 tok PPL 15.432
Progress: 595000/1254250 chars | chunk: 1522 tok (3.3 c/t) PPL 13.458 | overall: 150000 tok PPL 15.411
Progress: 600000/1254250 chars | chunk: 1348 tok (3.7 c/t) PPL 11.944 | overall: 151347 tok PPL 15.376
Progress: 605000/1254250 chars | chunk: 1343 tok (3.7 c/t) PPL 9.868 | overall: 152689 tok PPL 15.316
Progress: 610000/1254250 chars | chunk: 1229 tok (4.1 c/t) PPL 19.883 | overall: 153917 tok PPL 15.348
Progress: 615000/1254250 chars | chunk: 1243 tok (4.0 c/t) PPL 17.594 | overall: 155159 tok PPL 15.365
Progress: 620000/1254250 chars | chunk: 1172 tok (4.3 c/t) PPL 21.195 | overall: 156330 tok PPL 15.402
Progress: 625000/1254250 chars | chunk: 1191 tok (4.2 c/t) PPL 21.577 | overall: 157520 tok PPL 15.441
Progress: 630000/1254250 chars | chunk: 1240 tok (4.0 c/t) PPL 20.856 | overall: 158759 tok PPL 15.477
Progress: 635000/1254250 chars | chunk: 1223 tok (4.1 c/t) PPL 14.402 | overall: 159981 tok PPL 15.469
Progress: 640000/1254250 chars | chunk: 1245 tok (4.0 c/t) PPL 14.237 | overall: 161225 tok PPL 15.459
Progress: 645000/1254250 chars | chunk: 1147 tok (4.4 c/t) PPL 19.017 | overall: 162371 tok PPL 15.482
Progress: 650000/1254250 chars | chunk: 1169 tok (4.3 c/t) PPL 18.634 | overall: 163539 tok PPL 15.502
Progress: 655000/1254250 chars | chunk: 1166 tok (4.3 c/t) PPL 14.584 | overall: 164704 tok PPL 15.495
Progress: 660000/1254250 chars | chunk: 1121 tok (4.5 c/t) PPL 17.834 | overall: 165824 tok PPL 15.510
Progress: 665000/1254250 chars | chunk: 1176 tok (4.3 c/t) PPL 15.433 | overall: 166999 tok PPL 15.510
Progress: 670000/1254250 chars | chunk: 1261 tok (4.0 c/t) PPL 13.675 | overall: 168259 tok PPL 15.495
Progress: 675000/1254250 chars | chunk: 1175 tok (4.3 c/t) PPL 17.926 | overall: 169433 tok PPL 15.511
Progress: 680000/1254250 chars | chunk: 1191 tok (4.2 c/t) PPL 19.544 | overall: 170623 tok PPL 15.536
Progress: 685000/1254250 chars | chunk: 1180 tok (4.2 c/t) PPL 16.291 | overall: 171802 tok PPL 15.541
Progress: 690000/1254250 chars | chunk: 1141 tok (4.4 c/t) PPL 22.492 | overall: 172942 tok PPL 15.579
Progress: 695000/1254250 chars | chunk: 1262 tok (4.0 c/t) PPL 15.303 | overall: 174203 tok PPL 15.577
Progress: 700000/1254250 chars | chunk: 1380 tok (3.6 c/t) PPL 10.140 | overall: 175582 tok PPL 15.524
Progress: 705000/1254250 chars | chunk: 1389 tok (3.6 c/t) PPL 9.464 | overall: 176970 tok PPL 15.464
Progress: 710000/1254250 chars | chunk: 1397 tok (3.6 c/t) PPL 11.468 | overall: 178366 tok PPL 15.428
Progress: 715000/1254250 chars | chunk: 1388 tok (3.6 c/t) PPL 11.757 | overall: 179753 tok PPL 15.396
Progress: 720000/1254250 chars | chunk: 1340 tok (3.7 c/t) PPL 12.342 | overall: 181092 tok PPL 15.370
Progress: 725000/1254250 chars | chunk: 1243 tok (4.0 c/t) PPL 12.404 | overall: 182334 tok PPL 15.348
Progress: 730000/1254250 chars | chunk: 1208 tok (4.1 c/t) PPL 15.800 | overall: 183541 tok PPL 15.351
Progress: 735000/1254250 chars | chunk: 1226 tok (4.1 c/t) PPL 14.533 | overall: 184766 tok PPL 15.345
Progress: 740000/1254250 chars | chunk: 1323 tok (3.8 c/t) PPL 14.091 | overall: 186088 tok PPL 15.336
Progress: 745000/1254250 chars | chunk: 1231 tok (4.1 c/t) PPL 15.602 | overall: 187318 tok PPL 15.338
Progress: 750000/1254250 chars | chunk: 1198 tok (4.2 c/t) PPL 16.258 | overall: 188515 tok PPL 15.344
Progress: 755000/1254250 chars | chunk: 1140 tok (4.4 c/t) PPL 20.694 | overall: 189654 tok PPL 15.371
Progress: 760000/1254250 chars | chunk: 1247 tok (4.0 c/t) PPL 19.158 | overall: 190900 tok PPL 15.393
Progress: 765000/1254250 chars | chunk: 1143 tok (4.4 c/t) PPL 20.991 | overall: 192042 tok PPL 15.422
Progress: 770000/1254250 chars | chunk: 1159 tok (4.3 c/t) PPL 22.010 | overall: 193200 tok PPL 15.455
Progress: 775000/1254250 chars | chunk: 1209 tok (4.1 c/t) PPL 20.189 | overall: 194408 tok PPL 15.480
Progress: 780000/1254250 chars | chunk: 1193 tok (4.2 c/t) PPL 26.024 | overall: 195600 tok PPL 15.529
Progress: 785000/1254250 chars | chunk: 1217 tok (4.1 c/t) PPL 26.219 | overall: 196816 tok PPL 15.580
Progress: 790000/1254250 chars | chunk: 1221 tok (4.1 c/t) PPL 25.134 | overall: 198036 tok PPL 15.626
Progress: 795000/1254250 chars | chunk: 1173 tok (4.3 c/t) PPL 28.947 | overall: 199208 tok PPL 15.682
Progress: 800000/1254250 chars | chunk: 1154 tok (4.3 c/t) PPL 24.794 | overall: 200361 tok PPL 15.724
Progress: 805000/1254250 chars | chunk: 1271 tok (3.9 c/t) PPL 20.543 | overall: 201631 tok PPL 15.750
Progress: 810000/1254250 chars | chunk: 1215 tok (4.1 c/t) PPL 23.996 | overall: 202845 tok PPL 15.790
Progress: 815000/1254250 chars | chunk: 1200 tok (4.2 c/t) PPL 22.106 | overall: 204044 tok PPL 15.821
Progress: 820000/1254250 chars | chunk: 1149 tok (4.4 c/t) PPL 23.255 | overall: 205192 tok PPL 15.855
Progress: 825000/1254250 chars | chunk: 1155 tok (4.3 c/t) PPL 23.191 | overall: 206346 tok PPL 15.889
Progress: 830000/1254250 chars | chunk: 1233 tok (4.1 c/t) PPL 14.022 | overall: 207578 tok PPL 15.877
Progress: 835000/1254250 chars | chunk: 1211 tok (4.1 c/t) PPL 26.558 | overall: 208788 tok PPL 15.925
Progress: 840000/1254250 chars | chunk: 1121 tok (4.5 c/t) PPL 20.380 | overall: 209908 tok PPL 15.946
Progress: 845000/1254250 chars | chunk: 1173 tok (4.3 c/t) PPL 19.528 | overall: 211080 tok PPL 15.964
Progress: 850000/1254250 chars | chunk: 1117 tok (4.5 c/t) PPL 17.094 | overall: 212196 tok PPL 15.969
Progress: 855000/1254250 chars | chunk: 1071 tok (4.7 c/t) PPL 21.108 | overall: 213266 tok PPL 15.992
Progress: 860000/1254250 chars | chunk: 1151 tok (4.3 c/t) PPL 19.759 | overall: 214416 tok PPL 16.010
Progress: 865000/1254250 chars | chunk: 1254 tok (4.0 c/t) PPL 16.320 | overall: 215669 tok PPL 16.012
Progress: 870000/1254250 chars | chunk: 1419 tok (3.5 c/t) PPL 11.708 | overall: 217087 tok PPL 15.979
Progress: 875000/1254250 chars | chunk: 1321 tok (3.8 c/t) PPL 14.455 | overall: 218407 tok PPL 15.969
Progress: 880000/1254250 chars | chunk: 1277 tok (3.9 c/t) PPL 16.362 | overall: 219683 tok PPL 15.972
Progress: 885000/1254250 chars | chunk: 1255 tok (4.0 c/t) PPL 15.470 | overall: 220937 tok PPL 15.969
Progress: 890000/1254250 chars | chunk: 1277 tok (3.9 c/t) PPL 14.595 | overall: 222213 tok PPL 15.961
Progress: 895000/1254250 chars | chunk: 1291 tok (3.9 c/t) PPL 16.057 | overall: 223503 tok PPL 15.961
Progress: 900000/1254250 chars | chunk: 1279 tok (3.9 c/t) PPL 15.340 | overall: 224781 tok PPL 15.957
Progress: 905000/1254250 chars | chunk: 1339 tok (3.7 c/t) PPL 14.221 | overall: 226119 tok PPL 15.947
Progress: 910000/1254250 chars | chunk: 1339 tok (3.7 c/t) PPL 18.273 | overall: 227457 tok PPL 15.959
Progress: 915000/1254250 chars | chunk: 1233 tok (4.1 c/t) PPL 14.135 | overall: 228689 tok PPL 15.949
Progress: 920000/1254250 chars | chunk: 1231 tok (4.1 c/t) PPL 21.016 | overall: 229919 tok PPL 15.972
Progress: 925000/1254250 chars | chunk: 1213 tok (4.1 c/t) PPL 17.170 | overall: 231131 tok PPL 15.979
Progress: 930000/1254250 chars | chunk: 1291 tok (3.9 c/t) PPL 15.905 | overall: 232421 tok PPL 15.978
Progress: 935000/1254250 chars | chunk: 1205 tok (4.1 c/t) PPL 15.597 | overall: 233625 tok PPL 15.976
Progress: 940000/1254250 chars | chunk: 1084 tok (4.6 c/t) PPL 17.247 | overall: 234708 tok PPL 15.982
Progress: 945000/1254250 chars | chunk: 1251 tok (4.0 c/t) PPL 13.506 | overall: 235958 tok PPL 15.968
Progress: 950000/1254250 chars | chunk: 1249 tok (4.0 c/t) PPL 13.879 | overall: 237206 tok PPL 15.956
Progress: 955000/1254250 chars | chunk: 1186 tok (4.2 c/t) PPL 15.172 | overall: 238391 tok PPL 15.952
Progress: 960000/1254250 chars | chunk: 1213 tok (4.1 c/t) PPL 13.367 | overall: 239603 tok PPL 15.938
Progress: 965000/1254250 chars | chunk: 1224 tok (4.1 c/t) PPL 12.219 | overall: 240826 tok PPL 15.916
Progress: 970000/1254250 chars | chunk: 1199 tok (4.2 c/t) PPL 16.055 | overall: 242024 tok PPL 15.917
Progress: 975000/1254250 chars | chunk: 1329 tok (3.8 c/t) PPL 9.737 | overall: 243352 tok PPL 15.874
Progress: 980000/1254250 chars | chunk: 1336 tok (3.7 c/t) PPL 13.631 | overall: 244687 tok PPL 15.861
Progress: 985000/1254250 chars | chunk: 1233 tok (4.1 c/t) PPL 21.903 | overall: 245919 tok PPL 15.887
Progress: 990000/1254250 chars | chunk: 1205 tok (4.1 c/t) PPL 14.703 | overall: 247123 tok PPL 15.881
Progress: 995000/1254250 chars | chunk: 1175 tok (4.3 c/t) PPL 19.585 | overall: 248297 tok PPL 15.896
Progress: 1000000/1254250 chars | chunk: 1181 tok (4.2 c/t) PPL 19.895 | overall: 249477 tok PPL 15.913
Progress: 1005000/1254250 chars | chunk: 1142 tok (4.4 c/t) PPL 22.041 | overall: 250618 tok PPL 15.937
Progress: 1010000/1254250 chars | chunk: 1172 tok (4.3 c/t) PPL 19.315 | overall: 251789 tok PPL 15.951
Progress: 1015000/1254250 chars | chunk: 1151 tok (4.3 c/t) PPL 17.208 | overall: 252939 tok PPL 15.957
Progress: 1020000/1254250 chars | chunk: 1213 tok (4.1 c/t) PPL 11.568 | overall: 254151 tok PPL 15.932
Progress: 1025000/1254250 chars | chunk: 1233 tok (4.1 c/t) PPL 14.966 | overall: 255383 tok PPL 15.927
Progress: 1030000/1254250 chars | chunk: 1303 tok (3.8 c/t) PPL 12.482 | overall: 256685 tok PPL 15.908
Progress: 1035000/1254250 chars | chunk: 1149 tok (4.4 c/t) PPL 22.707 | overall: 257833 tok PPL 15.933
Progress: 1040000/1254250 chars | chunk: 1303 tok (3.8 c/t) PPL 13.562 | overall: 259135 tok PPL 15.920
Progress: 1045000/1254250 chars | chunk: 1282 tok (3.9 c/t) PPL 11.726 | overall: 260416 tok PPL 15.896
Progress: 1050000/1254250 chars | chunk: 1337 tok (3.7 c/t) PPL 9.958 | overall: 261752 tok PPL 15.858
Progress: 1055000/1254250 chars | chunk: 1381 tok (3.6 c/t) PPL 10.013 | overall: 263132 tok PPL 15.820
Progress: 1060000/1254250 chars | chunk: 1479 tok (3.4 c/t) PPL 8.335 | overall: 264610 tok PPL 15.763
Progress: 1065000/1254250 chars | chunk: 1333 tok (3.8 c/t) PPL 9.375 | overall: 265942 tok PPL 15.722
Progress: 1070000/1254250 chars | chunk: 1456 tok (3.4 c/t) PPL 11.025 | overall: 267397 tok PPL 15.692
Progress: 1075000/1254250 chars | chunk: 1336 tok (3.7 c/t) PPL 11.288 | overall: 268732 tok PPL 15.666
Progress: 1080000/1254250 chars | chunk: 1296 tok (3.9 c/t) PPL 18.695 | overall: 270027 tok PPL 15.680
Progress: 1085000/1254250 chars | chunk: 1260 tok (4.0 c/t) PPL 20.362 | overall: 271286 tok PPL 15.699
Progress: 1090000/1254250 chars | chunk: 1232 tok (4.1 c/t) PPL 17.419 | overall: 272517 tok PPL 15.706
Progress: 1095000/1254250 chars | chunk: 1264 tok (4.0 c/t) PPL 15.782 | overall: 273780 tok PPL 15.706
Progress: 1100000/1254250 chars | chunk: 1257 tok (4.0 c/t) PPL 17.409 | overall: 275036 tok PPL 15.714
Progress: 1105000/1254250 chars | chunk: 1272 tok (3.9 c/t) PPL 12.969 | overall: 276307 tok PPL 15.700
Progress: 1110000/1254250 chars | chunk: 1290 tok (3.9 c/t) PPL 13.208 | overall: 277596 tok PPL 15.687
Progress: 1115000/1254250 chars | chunk: 1188 tok (4.2 c/t) PPL 17.891 | overall: 278783 tok PPL 15.696
Progress: 1120000/1254250 chars | chunk: 1301 tok (3.8 c/t) PPL 15.904 | overall: 280083 tok PPL 15.697
Progress: 1125000/1254250 chars | chunk: 1220 tok (4.1 c/t) PPL 14.677 | overall: 281302 tok PPL 15.693
Progress: 1130000/1254250 chars | chunk: 1255 tok (4.0 c/t) PPL 16.722 | overall: 282556 tok PPL 15.697
Progress: 1135000/1254250 chars | chunk: 1144 tok (4.4 c/t) PPL 16.858 | overall: 283699 tok PPL 15.702
Progress: 1140000/1254250 chars | chunk: 1053 tok (4.7 c/t) PPL 19.750 | overall: 284751 tok PPL 15.715
Progress: 1145000/1254250 chars | chunk: 1235 tok (4.0 c/t) PPL 17.317 | overall: 285985 tok PPL 15.721
Progress: 1150000/1254250 chars | chunk: 1066 tok (4.7 c/t) PPL 19.298 | overall: 287050 tok PPL 15.733
Progress: 1155000/1254250 chars | chunk: 1200 tok (4.2 c/t) PPL 22.513 | overall: 288249 tok PPL 15.757
Progress: 1160000/1254250 chars | chunk: 1177 tok (4.2 c/t) PPL 25.481 | overall: 289425 tok PPL 15.788
Progress: 1165000/1254250 chars | chunk: 1213 tok (4.1 c/t) PPL 14.578 | overall: 290637 tok PPL 15.782
Progress: 1170000/1254250 chars | chunk: 1222 tok (4.1 c/t) PPL 19.725 | overall: 291858 tok PPL 15.797
Progress: 1175000/1254250 chars | chunk: 1274 tok (3.9 c/t) PPL 13.824 | overall: 293131 tok PPL 15.788
Progress: 1180000/1254250 chars | chunk: 1424 tok (3.5 c/t) PPL 11.622 | overall: 294554 tok PPL 15.765
Progress: 1185000/1254250 chars | chunk: 1607 tok (3.1 c/t) PPL 6.539 | overall: 296160 tok PPL 15.690
Progress: 1190000/1254250 chars | chunk: 1382 tok (3.6 c/t) PPL 10.083 | overall: 297541 tok PPL 15.657
Progress: 1195000/1254250 chars | chunk: 1248 tok (4.0 c/t) PPL 25.852 | overall: 298788 tok PPL 15.690
Progress: 1200000/1254250 chars | chunk: 1232 tok (4.1 c/t) PPL 21.604 | overall: 300019 tok PPL 15.711
Progress: 1205000/1254250 chars | chunk: 1272 tok (3.9 c/t) PPL 16.904 | overall: 301290 tok PPL 15.716
Progress: 1210000/1254250 chars | chunk: 1180 tok (4.2 c/t) PPL 24.986 | overall: 302469 tok PPL 15.744
Progress: 1215000/1254250 chars | chunk: 1190 tok (4.2 c/t) PPL 24.229 | overall: 303658 tok PPL 15.771
Progress: 1220000/1254250 chars | chunk: 1318 tok (3.8 c/t) PPL 14.470 | overall: 304975 tok PPL 15.765
Progress: 1225000/1254250 chars | chunk: 1286 tok (3.9 c/t) PPL 14.552 | overall: 306260 tok PPL 15.760
Progress: 1230000/1254250 chars | chunk: 1184 tok (4.2 c/t) PPL 20.578 | overall: 307443 tok PPL 15.776
Progress: 1235000/1254250 chars | chunk: 1209 tok (4.1 c/t) PPL 15.660 | overall: 308651 tok PPL 15.775
Progress: 1240000/1254250 chars | chunk: 1326 tok (3.8 c/t) PPL 19.643 | overall: 309976 tok PPL 15.790
Progress: 1245000/1254250 chars | chunk: 1223 tok (4.1 c/t) PPL 20.168 | overall: 311198 tok PPL 15.805
Progress: 1250000/1254250 chars | chunk: 1222 tok (4.1 c/t) PPL 23.151 | overall: 312419 tok PPL 15.829
Progress: 1254250/1254250 chars | chunk: 1061 tok (4.0 c/t) PPL 14.818 | overall: 313479 tok PPL 15.825
--------------------------------------------------
Perplexity (teacher-forced, 313479 tokens): 15.825
Eval wall time: 58103.2s (5.40 tok/s)
--------------------------------------------------
Chunked mode: each 5000–char chunk is teacher-forced from a cold KV cache;
cross-chunk context is not carried, which biases PPL slightly upward.
NOTE: pruned-vocab model (50,256 of 128,256 tokens; ASCII-oriented).
Report this number only alongside that caveat.
