=== WikiText-2 FULL test-set PPL — post-tokenizer-fix re-run (ATTEMPT 2) ===
date: 2026-07-18T01:13:34Z
binary: aegis-eval/target/release/aegis-eval (built 2026-07-16 22:57, commit 5989c32)
cmd: aegis-eval aegis_pruned_model.safetensors aegis-forge/embed.bin aegis-forge/vocab.bin test.txt (flagless = chunked full-text)
attempt 1 died at session-close 2026-07-16 23:47 (2% done; log: *_attempt1_DIED_session-close.log); this attempt runs under systemd-run --user + linger
prior full-set anchor: 15.825 (old tokenizer); sample anchors: old 10.348 / new 10.758
---
==================================================
 A.L.I.C.E. Perplexity Evaluator (measured)
==================================================
Engine online. SIMD level: AVX2+FMA
Dataset: test.txt | total chars: 1254250
Progress: 5000/1254250 chars | chunk: 1346 tok (3.7 c/t) PPL 8.700 | overall: 1345 tok PPL 8.700
Progress: 10000/1254250 chars | chunk: 1155 tok (4.3 c/t) PPL 18.961 | overall: 2499 tok PPL 12.467
Progress: 15000/1254250 chars | chunk: 1224 tok (4.1 c/t) PPL 19.592 | overall: 3722 tok PPL 14.463
Progress: 20000/1254250 chars | chunk: 1178 tok (4.2 c/t) PPL 22.908 | overall: 4899 tok PPL 16.153
Progress: 25000/1254250 chars | chunk: 1162 tok (4.3 c/t) PPL 18.567 | overall: 6060 tok PPL 16.590
Progress: 30000/1254250 chars | chunk: 1294 tok (3.9 c/t) PPL 15.801 | overall: 7353 tok PPL 16.448
Progress: 35000/1254250 chars | chunk: 1255 tok (4.0 c/t) PPL 16.999 | overall: 8607 tok PPL 16.527
Progress: 40000/1254250 chars | chunk: 1253 tok (4.0 c/t) PPL 16.566 | overall: 9859 tok PPL 16.532
Progress: 45000/1254250 chars | chunk: 1182 tok (4.2 c/t) PPL 16.916 | overall: 11040 tok PPL 16.573
Progress: 50000/1254250 chars | chunk: 1405 tok (3.6 c/t) PPL 11.395 | overall: 12444 tok PPL 15.887
Progress: 55000/1254250 chars | chunk: 1650 tok (3.0 c/t) PPL 8.521 | overall: 14093 tok PPL 14.770
Progress: 60000/1254250 chars | chunk: 1338 tok (3.7 c/t) PPL 13.407 | overall: 15430 tok PPL 14.647
Progress: 65000/1254250 chars | chunk: 1281 tok (3.9 c/t) PPL 16.218 | overall: 16710 tok PPL 14.762
Progress: 70000/1254250 chars | chunk: 1280 tok (3.9 c/t) PPL 17.587 | overall: 17989 tok PPL 14.947
Progress: 75000/1254250 chars | chunk: 1169 tok (4.3 c/t) PPL 20.839 | overall: 19157 tok PPL 15.253
Progress: 80000/1254250 chars | chunk: 1192 tok (4.2 c/t) PPL 18.118 | overall: 20348 tok PPL 15.407
Progress: 85000/1254250 chars | chunk: 1240 tok (4.0 c/t) PPL 18.111 | overall: 21587 tok PPL 15.551
Progress: 90000/1254250 chars | chunk: 1195 tok (4.2 c/t) PPL 18.160 | overall: 22781 tok PPL 15.678
Progress: 95000/1254250 chars | chunk: 1293 tok (3.9 c/t) PPL 14.395 | overall: 24073 tok PPL 15.606
Progress: 100000/1254250 chars | chunk: 1164 tok (4.3 c/t) PPL 28.329 | overall: 25236 tok PPL 16.041
Progress: 105000/1254250 chars | chunk: 1130 tok (4.4 c/t) PPL 14.208 | overall: 26365 tok PPL 15.958
Progress: 110000/1254250 chars | chunk: 1254 tok (4.0 c/t) PPL 15.782 | overall: 27618 tok PPL 15.950
Progress: 115000/1254250 chars | chunk: 1245 tok (4.0 c/t) PPL 18.208 | overall: 28862 tok PPL 16.041
Progress: 120000/1254250 chars | chunk: 1276 tok (3.9 c/t) PPL 17.822 | overall: 30137 tok PPL 16.113
Progress: 125000/1254250 chars | chunk: 1288 tok (3.9 c/t) PPL 18.072 | overall: 31424 tok PPL 16.188
Progress: 130000/1254250 chars | chunk: 1255 tok (4.0 c/t) PPL 17.772 | overall: 32678 tok PPL 16.246
Progress: 135000/1254250 chars | chunk: 1152 tok (4.3 c/t) PPL 22.977 | overall: 33829 tok PPL 16.439
Progress: 140000/1254250 chars | chunk: 1180 tok (4.2 c/t) PPL 25.279 | overall: 35008 tok PPL 16.679
Progress: 145000/1254250 chars | chunk: 1273 tok (3.9 c/t) PPL 16.632 | overall: 36280 tok PPL 16.678
Progress: 150000/1254250 chars | chunk: 1180 tok (4.2 c/t) PPL 20.008 | overall: 37459 tok PPL 16.773
Progress: 155000/1254250 chars | chunk: 1169 tok (4.3 c/t) PPL 16.491 | overall: 38627 tok PPL 16.765
Progress: 160000/1254250 chars | chunk: 1354 tok (3.7 c/t) PPL 11.224 | overall: 39980 tok PPL 16.539
Progress: 165000/1254250 chars | chunk: 1488 tok (3.4 c/t) PPL 9.690 | overall: 41467 tok PPL 16.225
Progress: 170000/1254250 chars | chunk: 1182 tok (4.2 c/t) PPL 12.505 | overall: 42648 tok PPL 16.108
Progress: 175000/1254250 chars | chunk: 1191 tok (4.2 c/t) PPL 20.359 | overall: 43838 tok PPL 16.211
Progress: 180000/1254250 chars | chunk: 1142 tok (4.4 c/t) PPL 18.076 | overall: 44979 tok PPL 16.256
Progress: 185000/1254250 chars | chunk: 1150 tok (4.3 c/t) PPL 23.706 | overall: 46128 tok PPL 16.409
Progress: 190000/1254250 chars | chunk: 1284 tok (3.9 c/t) PPL 14.827 | overall: 47411 tok PPL 16.364
Progress: 195000/1254250 chars | chunk: 1203 tok (4.2 c/t) PPL 19.717 | overall: 48613 tok PPL 16.440
Progress: 200000/1254250 chars | chunk: 1234 tok (4.1 c/t) PPL 18.973 | overall: 49846 tok PPL 16.498
Progress: 205000/1254250 chars | chunk: 1179 tok (4.2 c/t) PPL 19.472 | overall: 51024 tok PPL 16.561
Progress: 210000/1254250 chars | chunk: 1215 tok (4.1 c/t) PPL 20.205 | overall: 52238 tok PPL 16.638
Progress: 215000/1254250 chars | chunk: 1127 tok (4.4 c/t) PPL 28.857 | overall: 53364 tok PPL 16.833
Progress: 220000/1254250 chars | chunk: 1233 tok (4.1 c/t) PPL 18.431 | overall: 54596 tok PPL 16.867
Progress: 225000/1254250 chars | chunk: 1222 tok (4.1 c/t) PPL 16.394 | overall: 55817 tok PPL 16.857
Progress: 230000/1254250 chars | chunk: 1127 tok (4.4 c/t) PPL 26.782 | overall: 56943 tok PPL 17.012
Progress: 235000/1254250 chars | chunk: 1202 tok (4.2 c/t) PPL 24.041 | overall: 58144 tok PPL 17.134
Progress: 240000/1254250 chars | chunk: 1265 tok (4.0 c/t) PPL 17.482 | overall: 59408 tok PPL 17.141
Progress: 245000/1254250 chars | chunk: 1225 tok (4.1 c/t) PPL 19.589 | overall: 60632 tok PPL 17.187
Progress: 250000/1254250 chars | chunk: 1235 tok (4.0 c/t) PPL 16.312 | overall: 61866 tok PPL 17.169
Progress: 255000/1254250 chars | chunk: 1314 tok (3.8 c/t) PPL 12.742 | overall: 63179 tok PPL 17.063
Progress: 260000/1254250 chars | chunk: 1364 tok (3.7 c/t) PPL 12.225 | overall: 64542 tok PPL 16.943
Progress: 265000/1254250 chars | chunk: 1452 tok (3.4 c/t) PPL 9.060 | overall: 65993 tok PPL 16.712
Progress: 270000/1254250 chars | chunk: 1359 tok (3.7 c/t) PPL 8.475 | overall: 67351 tok PPL 16.485
Progress: 275000/1254250 chars | chunk: 1443 tok (3.5 c/t) PPL 7.172 | overall: 68793 tok PPL 16.200
Progress: 280000/1254250 chars | chunk: 1260 tok (4.0 c/t) PPL 13.256 | overall: 70052 tok PPL 16.141
Progress: 285000/1254250 chars | chunk: 1194 tok (4.2 c/t) PPL 15.499 | overall: 71245 tok PPL 16.130
Progress: 290000/1254250 chars | chunk: 1332 tok (3.8 c/t) PPL 11.349 | overall: 72576 tok PPL 16.027
Progress: 295000/1254250 chars | chunk: 1201 tok (4.2 c/t) PPL 18.650 | overall: 73776 tok PPL 16.066
Progress: 300000/1254250 chars | chunk: 1101 tok (4.5 c/t) PPL 17.866 | overall: 74876 tok PPL 16.091
Progress: 305000/1254250 chars | chunk: 1265 tok (4.0 c/t) PPL 14.267 | overall: 76140 tok PPL 16.059
Progress: 310000/1254250 chars | chunk: 1261 tok (4.0 c/t) PPL 11.700 | overall: 77400 tok PPL 15.977
Progress: 315000/1254250 chars | chunk: 1291 tok (3.9 c/t) PPL 8.766 | overall: 78690 tok PPL 15.820
Progress: 320000/1254250 chars | chunk: 1283 tok (3.9 c/t) PPL 12.731 | overall: 79972 tok PPL 15.765
Progress: 325000/1254250 chars | chunk: 1361 tok (3.7 c/t) PPL 12.435 | overall: 81332 tok PPL 15.703
Progress: 330000/1254250 chars | chunk: 1363 tok (3.7 c/t) PPL 10.330 | overall: 82694 tok PPL 15.595
Progress: 335000/1254250 chars | chunk: 1361 tok (3.7 c/t) PPL 11.339 | overall: 84054 tok PPL 15.515
Progress: 340000/1254250 chars | chunk: 1272 tok (3.9 c/t) PPL 12.183 | overall: 85325 tok PPL 15.459
Progress: 345000/1254250 chars | chunk: 1302 tok (3.8 c/t) PPL 15.254 | overall: 86626 tok PPL 15.456
Progress: 350000/1254250 chars | chunk: 1287 tok (3.9 c/t) PPL 16.698 | overall: 87912 tok PPL 15.473
Progress: 355000/1254250 chars | chunk: 1206 tok (4.1 c/t) PPL 21.562 | overall: 89117 tok PPL 15.543
Progress: 360000/1254250 chars | chunk: 1148 tok (4.4 c/t) PPL 28.471 | overall: 90264 tok PPL 15.663
Progress: 365000/1254250 chars | chunk: 1229 tok (4.1 c/t) PPL 30.136 | overall: 91492 tok PPL 15.801
Progress: 370000/1254250 chars | chunk: 1238 tok (4.0 c/t) PPL 27.696 | overall: 92729 tok PPL 15.920
Progress: 375000/1254250 chars | chunk: 1177 tok (4.2 c/t) PPL 23.549 | overall: 93905 tok PPL 15.998
Progress: 380000/1254250 chars | chunk: 1297 tok (3.9 c/t) PPL 20.096 | overall: 95201 tok PPL 16.048
Progress: 385000/1254250 chars | chunk: 1264 tok (4.0 c/t) PPL 20.598 | overall: 96464 tok PPL 16.100
Progress: 390000/1254250 chars | chunk: 1205 tok (4.1 c/t) PPL 20.575 | overall: 97668 tok PPL 16.149
Progress: 395000/1254250 chars | chunk: 1212 tok (4.1 c/t) PPL 21.492 | overall: 98879 tok PPL 16.206
Progress: 400000/1254250 chars | chunk: 1108 tok (4.5 c/t) PPL 24.222 | overall: 99986 tok PPL 16.278
Progress: 405000/1254250 chars | chunk: 1186 tok (4.2 c/t) PPL 22.109 | overall: 101171 tok PPL 16.336
Progress: 410000/1254250 chars | chunk: 1106 tok (4.5 c/t) PPL 23.972 | overall: 102276 tok PPL 16.404
Progress: 415000/1254250 chars | chunk: 1126 tok (4.4 c/t) PPL 22.479 | overall: 103401 tok PPL 16.461
Progress: 420000/1254250 chars | chunk: 1212 tok (4.1 c/t) PPL 16.010 | overall: 104612 tok PPL 16.455
Progress: 425000/1254250 chars | chunk: 1230 tok (4.1 c/t) PPL 15.395 | overall: 105841 tok PPL 16.442
Progress: 430000/1254250 chars | chunk: 1246 tok (4.0 c/t) PPL 18.429 | overall: 107086 tok PPL 16.464
Progress: 435000/1254250 chars | chunk: 1288 tok (3.9 c/t) PPL 11.218 | overall: 108373 tok PPL 16.389
Progress: 440000/1254250 chars | chunk: 1313 tok (3.8 c/t) PPL 11.026 | overall: 109685 tok PPL 16.312
Progress: 445000/1254250 chars | chunk: 1200 tok (4.2 c/t) PPL 14.877 | overall: 110884 tok PPL 16.296
Progress: 450000/1254250 chars | chunk: 1145 tok (4.4 c/t) PPL 15.009 | overall: 112028 tok PPL 16.282
Progress: 455000/1254250 chars | chunk: 1190 tok (4.2 c/t) PPL 13.820 | overall: 113217 tok PPL 16.254
Progress: 460000/1254250 chars | chunk: 1257 tok (4.0 c/t) PPL 12.288 | overall: 114473 tok PPL 16.204
Progress: 465000/1254250 chars | chunk: 1308 tok (3.8 c/t) PPL 12.704 | overall: 115780 tok PPL 16.160
Progress: 470000/1254250 chars | chunk: 1214 tok (4.1 c/t) PPL 13.280 | overall: 116993 tok PPL 16.127
Progress: 475000/1254250 chars | chunk: 1287 tok (3.9 c/t) PPL 14.001 | overall: 118279 tok PPL 16.102
Progress: 480000/1254250 chars | chunk: 1355 tok (3.7 c/t) PPL 13.201 | overall: 119633 tok PPL 16.066
Progress: 485000/1254250 chars | chunk: 1361 tok (3.7 c/t) PPL 10.635 | overall: 120993 tok PPL 15.992
Progress: 490000/1254250 chars | chunk: 1276 tok (3.9 c/t) PPL 13.297 | overall: 122268 tok PPL 15.961
Progress: 495000/1254250 chars | chunk: 1211 tok (4.1 c/t) PPL 12.302 | overall: 123478 tok PPL 15.920
Progress: 500000/1254250 chars | chunk: 1217 tok (4.1 c/t) PPL 12.717 | overall: 124694 tok PPL 15.885
Progress: 505000/1254250 chars | chunk: 1496 tok (3.3 c/t) PPL 10.792 | overall: 126189 tok PPL 15.813
Progress: 510000/1254250 chars | chunk: 1361 tok (3.7 c/t) PPL 11.399 | overall: 127549 tok PPL 15.758
Progress: 515000/1254250 chars | chunk: 1207 tok (4.1 c/t) PPL 21.219 | overall: 128755 tok PPL 15.802
Progress: 520000/1254250 chars | chunk: 1255 tok (4.0 c/t) PPL 23.174 | overall: 130009 tok PPL 15.860
Progress: 525000/1254250 chars | chunk: 1252 tok (4.0 c/t) PPL 18.793 | overall: 131260 tok PPL 15.886
Progress: 530000/1254250 chars | chunk: 1261 tok (4.0 c/t) PPL 15.680 | overall: 132520 tok PPL 15.884
Progress: 535000/1254250 chars | chunk: 1189 tok (4.2 c/t) PPL 21.979 | overall: 133708 tok PPL 15.930
Progress: 540000/1254250 chars | chunk: 1196 tok (4.2 c/t) PPL 18.205 | overall: 134903 tok PPL 15.949
Progress: 545000/1254250 chars | chunk: 1334 tok (3.7 c/t) PPL 14.137 | overall: 136236 tok PPL 15.930
Progress: 550000/1254250 chars | chunk: 1248 tok (4.0 c/t) PPL 11.451 | overall: 137483 tok PPL 15.882
Progress: 555000/1254250 chars | chunk: 1302 tok (3.8 c/t) PPL 13.740 | overall: 138784 tok PPL 15.861
Progress: 560000/1254250 chars | chunk: 1270 tok (3.9 c/t) PPL 15.626 | overall: 140053 tok PPL 15.858
Progress: 565000/1254250 chars | chunk: 1294 tok (3.9 c/t) PPL 14.265 | overall: 141346 tok PPL 15.843
Progress: 570000/1254250 chars | chunk: 1275 tok (3.9 c/t) PPL 14.110 | overall: 142620 tok PPL 15.827
Progress: 575000/1254250 chars | chunk: 1301 tok (3.8 c/t) PPL 13.112 | overall: 143920 tok PPL 15.800
Progress: 580000/1254250 chars | chunk: 1280 tok (3.9 c/t) PPL 13.559 | overall: 145199 tok PPL 15.779
Progress: 585000/1254250 chars | chunk: 1330 tok (3.8 c/t) PPL 12.043 | overall: 146528 tok PPL 15.740
Progress: 590000/1254250 chars | chunk: 1318 tok (3.8 c/t) PPL 12.350 | overall: 147845 tok PPL 15.706
Progress: 595000/1254250 chars | chunk: 1508 tok (3.3 c/t) PPL 14.139 | overall: 149352 tok PPL 15.689
Progress: 600000/1254250 chars | chunk: 1337 tok (3.7 c/t) PPL 12.269 | overall: 150688 tok PPL 15.655
Progress: 605000/1254250 chars | chunk: 1331 tok (3.8 c/t) PPL 10.321 | overall: 152018 tok PPL 15.598
Progress: 610000/1254250 chars | chunk: 1222 tok (4.1 c/t) PPL 20.148 | overall: 153239 tok PPL 15.630
Progress: 615000/1254250 chars | chunk: 1241 tok (4.0 c/t) PPL 17.698 | overall: 154479 tok PPL 15.646
Progress: 620000/1254250 chars | chunk: 1167 tok (4.3 c/t) PPL 21.555 | overall: 155645 tok PPL 15.683
Progress: 625000/1254250 chars | chunk: 1185 tok (4.2 c/t) PPL 22.133 | overall: 156829 tok PPL 15.724
Progress: 630000/1254250 chars | chunk: 1230 tok (4.1 c/t) PPL 21.102 | overall: 158058 tok PPL 15.760
Progress: 635000/1254250 chars | chunk: 1223 tok (4.1 c/t) PPL 14.402 | overall: 159280 tok PPL 15.749
Progress: 640000/1254250 chars | chunk: 1238 tok (4.0 c/t) PPL 14.610 | overall: 160517 tok PPL 15.740
Progress: 645000/1254250 chars | chunk: 1143 tok (4.4 c/t) PPL 19.153 | overall: 161659 tok PPL 15.762
Progress: 650000/1254250 chars | chunk: 1164 tok (4.3 c/t) PPL 18.945 | overall: 162822 tok PPL 15.783
Progress: 655000/1254250 chars | chunk: 1164 tok (4.3 c/t) PPL 15.028 | overall: 163985 tok PPL 15.777
Progress: 660000/1254250 chars | chunk: 1119 tok (4.5 c/t) PPL 17.906 | overall: 165103 tok PPL 15.791
Progress: 665000/1254250 chars | chunk: 1176 tok (4.3 c/t) PPL 15.433 | overall: 166278 tok PPL 15.788
Progress: 670000/1254250 chars | chunk: 1255 tok (4.0 c/t) PPL 14.981 | overall: 167532 tok PPL 15.782
Progress: 675000/1254250 chars | chunk: 1169 tok (4.3 c/t) PPL 18.331 | overall: 168700 tok PPL 15.798
Progress: 680000/1254250 chars | chunk: 1185 tok (4.2 c/t) PPL 20.900 | overall: 169884 tok PPL 15.829
Progress: 685000/1254250 chars | chunk: 1176 tok (4.3 c/t) PPL 16.415 | overall: 171059 tok PPL 15.833
Progress: 690000/1254250 chars | chunk: 1139 tok (4.4 c/t) PPL 22.589 | overall: 172197 tok PPL 15.870
Progress: 695000/1254250 chars | chunk: 1258 tok (4.0 c/t) PPL 15.447 | overall: 173454 tok PPL 15.867
Progress: 700000/1254250 chars | chunk: 1380 tok (3.6 c/t) PPL 10.140 | overall: 174833 tok PPL 15.811
Progress: 705000/1254250 chars | chunk: 1389 tok (3.6 c/t) PPL 9.464 | overall: 176221 tok PPL 15.748
Progress: 710000/1254250 chars | chunk: 1395 tok (3.6 c/t) PPL 11.433 | overall: 177615 tok PPL 15.708
Progress: 715000/1254250 chars | chunk: 1384 tok (3.6 c/t) PPL 11.887 | overall: 178998 tok PPL 15.674
Progress: 720000/1254250 chars | chunk: 1334 tok (3.7 c/t) PPL 12.446 | overall: 180331 tok PPL 15.647
Progress: 725000/1254250 chars | chunk: 1239 tok (4.0 c/t) PPL 12.668 | overall: 181569 tok PPL 15.625
Progress: 730000/1254250 chars | chunk: 1204 tok (4.2 c/t) PPL 16.572 | overall: 182772 tok PPL 15.631
Progress: 735000/1254250 chars | chunk: 1220 tok (4.1 c/t) PPL 14.712 | overall: 183991 tok PPL 15.625
Progress: 740000/1254250 chars | chunk: 1319 tok (3.8 c/t) PPL 14.023 | overall: 185309 tok PPL 15.613
Progress: 745000/1254250 chars | chunk: 1227 tok (4.1 c/t) PPL 15.840 | overall: 186535 tok PPL 15.614
Progress: 750000/1254250 chars | chunk: 1190 tok (4.2 c/t) PPL 16.699 | overall: 187724 tok PPL 15.621
Progress: 755000/1254250 chars | chunk: 1138 tok (4.4 c/t) PPL 21.257 | overall: 188861 tok PPL 15.650
Progress: 760000/1254250 chars | chunk: 1235 tok (4.0 c/t) PPL 19.717 | overall: 190095 tok PPL 15.673
Progress: 765000/1254250 chars | chunk: 1141 tok (4.4 c/t) PPL 21.176 | overall: 191235 tok PPL 15.701
Progress: 770000/1254250 chars | chunk: 1154 tok (4.3 c/t) PPL 21.856 | overall: 192388 tok PPL 15.733
Progress: 775000/1254250 chars | chunk: 1203 tok (4.2 c/t) PPL 20.182 | overall: 193590 tok PPL 15.757
Progress: 780000/1254250 chars | chunk: 1189 tok (4.2 c/t) PPL 26.072 | overall: 194778 tok PPL 15.805
Progress: 785000/1254250 chars | chunk: 1217 tok (4.1 c/t) PPL 26.219 | overall: 195994 tok PPL 15.855
Progress: 790000/1254250 chars | chunk: 1217 tok (4.1 c/t) PPL 25.440 | overall: 197210 tok PPL 15.901
Progress: 795000/1254250 chars | chunk: 1170 tok (4.3 c/t) PPL 29.275 | overall: 198379 tok PPL 15.959
Progress: 800000/1254250 chars | chunk: 1151 tok (4.3 c/t) PPL 24.696 | overall: 199529 tok PPL 15.999
Progress: 805000/1254250 chars | chunk: 1268 tok (3.9 c/t) PPL 20.549 | overall: 200796 tok PPL 16.024
Progress: 810000/1254250 chars | chunk: 1213 tok (4.1 c/t) PPL 24.131 | overall: 202008 tok PPL 16.064
Progress: 815000/1254250 chars | chunk: 1198 tok (4.2 c/t) PPL 22.163 | overall: 203205 tok PPL 16.094
Progress: 820000/1254250 chars | chunk: 1147 tok (4.4 c/t) PPL 23.501 | overall: 204351 tok PPL 16.128
Progress: 825000/1254250 chars | chunk: 1148 tok (4.4 c/t) PPL 24.880 | overall: 205498 tok PPL 16.167
Progress: 830000/1254250 chars | chunk: 1231 tok (4.1 c/t) PPL 14.166 | overall: 206728 tok PPL 16.155
Progress: 835000/1254250 chars | chunk: 1209 tok (4.1 c/t) PPL 26.880 | overall: 207936 tok PPL 16.203
Progress: 840000/1254250 chars | chunk: 1119 tok (4.5 c/t) PPL 20.523 | overall: 209054 tok PPL 16.223
Progress: 845000/1254250 chars | chunk: 1167 tok (4.3 c/t) PPL 20.073 | overall: 210220 tok PPL 16.242
Progress: 850000/1254250 chars | chunk: 1115 tok (4.5 c/t) PPL 18.088 | overall: 211334 tok PPL 16.251
Progress: 855000/1254250 chars | chunk: 1069 tok (4.7 c/t) PPL 21.805 | overall: 212402 tok PPL 16.275
Progress: 860000/1254250 chars | chunk: 1147 tok (4.4 c/t) PPL 20.417 | overall: 213548 tok PPL 16.295
Progress: 865000/1254250 chars | chunk: 1248 tok (4.0 c/t) PPL 16.613 | overall: 214795 tok PPL 16.297
Progress: 870000/1254250 chars | chunk: 1410 tok (3.5 c/t) PPL 12.504 | overall: 216204 tok PPL 16.269
Progress: 875000/1254250 chars | chunk: 1319 tok (3.8 c/t) PPL 14.491 | overall: 217522 tok PPL 16.258
Progress: 880000/1254250 chars | chunk: 1273 tok (3.9 c/t) PPL 16.529 | overall: 218794 tok PPL 16.259
Progress: 885000/1254250 chars | chunk: 1253 tok (4.0 c/t) PPL 15.538 | overall: 220046 tok PPL 16.255
Progress: 890000/1254250 chars | chunk: 1271 tok (3.9 c/t) PPL 14.966 | overall: 221316 tok PPL 16.247
Progress: 895000/1254250 chars | chunk: 1287 tok (3.9 c/t) PPL 16.392 | overall: 222602 tok PPL 16.248
Progress: 900000/1254250 chars | chunk: 1273 tok (3.9 c/t) PPL 15.647 | overall: 223874 tok PPL 16.245
Progress: 905000/1254250 chars | chunk: 1339 tok (3.7 c/t) PPL 14.221 | overall: 225212 tok PPL 16.232
Progress: 910000/1254250 chars | chunk: 1330 tok (3.8 c/t) PPL 18.892 | overall: 226541 tok PPL 16.246
Progress: 915000/1254250 chars | chunk: 1229 tok (4.1 c/t) PPL 14.220 | overall: 227769 tok PPL 16.235
Progress: 920000/1254250 chars | chunk: 1231 tok (4.1 c/t) PPL 21.016 | overall: 228999 tok PPL 16.257
Progress: 925000/1254250 chars | chunk: 1213 tok (4.1 c/t) PPL 17.170 | overall: 230211 tok PPL 16.262
Progress: 930000/1254250 chars | chunk: 1283 tok (3.9 c/t) PPL 16.258 | overall: 231493 tok PPL 16.262
Progress: 935000/1254250 chars | chunk: 1194 tok (4.2 c/t) PPL 16.656 | overall: 232686 tok PPL 16.264
Progress: 940000/1254250 chars | chunk: 1082 tok (4.6 c/t) PPL 17.406 | overall: 233767 tok PPL 16.269
Progress: 945000/1254250 chars | chunk: 1244 tok (4.0 c/t) PPL 13.774 | overall: 235010 tok PPL 16.255
Progress: 950000/1254250 chars | chunk: 1242 tok (4.0 c/t) PPL 14.144 | overall: 236251 tok PPL 16.243
Progress: 955000/1254250 chars | chunk: 1180 tok (4.2 c/t) PPL 14.892 | overall: 237430 tok PPL 16.236
Progress: 960000/1254250 chars | chunk: 1205 tok (4.1 c/t) PPL 13.794 | overall: 238634 tok PPL 16.222
Progress: 965000/1254250 chars | chunk: 1218 tok (4.1 c/t) PPL 12.804 | overall: 239851 tok PPL 16.203
Progress: 970000/1254250 chars | chunk: 1189 tok (4.2 c/t) PPL 16.460 | overall: 241039 tok PPL 16.204
Progress: 975000/1254250 chars | chunk: 1323 tok (3.8 c/t) PPL 10.004 | overall: 242361 tok PPL 16.162
Progress: 980000/1254250 chars | chunk: 1326 tok (3.8 c/t) PPL 14.061 | overall: 243686 tok PPL 16.149
Progress: 985000/1254250 chars | chunk: 1225 tok (4.1 c/t) PPL 23.088 | overall: 244910 tok PPL 16.178
Progress: 990000/1254250 chars | chunk: 1201 tok (4.2 c/t) PPL 14.886 | overall: 246110 tok PPL 16.172
Progress: 995000/1254250 chars | chunk: 1171 tok (4.3 c/t) PPL 20.191 | overall: 247280 tok PPL 16.189
Progress: 1000000/1254250 chars | chunk: 1179 tok (4.2 c/t) PPL 19.922 | overall: 248458 tok PPL 16.205
Progress: 1005000/1254250 chars | chunk: 1140 tok (4.4 c/t) PPL 22.307 | overall: 249597 tok PPL 16.228
Progress: 1010000/1254250 chars | chunk: 1166 tok (4.3 c/t) PPL 19.450 | overall: 250762 tok PPL 16.242
Progress: 1015000/1254250 chars | chunk: 1145 tok (4.4 c/t) PPL 17.506 | overall: 251906 tok PPL 16.247
Progress: 1020000/1254250 chars | chunk: 1208 tok (4.1 c/t) PPL 11.541 | overall: 253113 tok PPL 16.221
Progress: 1025000/1254250 chars | chunk: 1219 tok (4.1 c/t) PPL 15.732 | overall: 254331 tok PPL 16.219
Progress: 1030000/1254250 chars | chunk: 1299 tok (3.8 c/t) PPL 12.729 | overall: 255629 tok PPL 16.199
Progress: 1035000/1254250 chars | chunk: 1143 tok (4.4 c/t) PPL 22.942 | overall: 256771 tok PPL 16.224
Progress: 1040000/1254250 chars | chunk: 1294 tok (3.9 c/t) PPL 13.725 | overall: 258064 tok PPL 16.210
Progress: 1045000/1254250 chars | chunk: 1278 tok (3.9 c/t) PPL 11.836 | overall: 259341 tok PPL 16.185
Progress: 1050000/1254250 chars | chunk: 1325 tok (3.8 c/t) PPL 10.305 | overall: 260665 tok PPL 16.148
Progress: 1055000/1254250 chars | chunk: 1369 tok (3.7 c/t) PPL 10.660 | overall: 262033 tok PPL 16.113
Progress: 1060000/1254250 chars | chunk: 1472 tok (3.4 c/t) PPL 8.456 | overall: 263504 tok PPL 16.055
Progress: 1065000/1254250 chars | chunk: 1320 tok (3.8 c/t) PPL 10.012 | overall: 264823 tok PPL 16.017
Progress: 1070000/1254250 chars | chunk: 1442 tok (3.5 c/t) PPL 11.323 | overall: 266264 tok PPL 15.987
Progress: 1075000/1254250 chars | chunk: 1330 tok (3.8 c/t) PPL 11.432 | overall: 267593 tok PPL 15.961
Progress: 1080000/1254250 chars | chunk: 1290 tok (3.9 c/t) PPL 18.986 | overall: 268882 tok PPL 15.974
Progress: 1085000/1254250 chars | chunk: 1248 tok (4.0 c/t) PPL 20.600 | overall: 270129 tok PPL 15.993
Progress: 1090000/1254250 chars | chunk: 1228 tok (4.1 c/t) PPL 17.551 | overall: 271356 tok PPL 16.000
Progress: 1095000/1254250 chars | chunk: 1258 tok (4.0 c/t) PPL 15.808 | overall: 272613 tok PPL 15.999
Progress: 1100000/1254250 chars | chunk: 1250 tok (4.0 c/t) PPL 17.847 | overall: 273862 tok PPL 16.007
Progress: 1105000/1254250 chars | chunk: 1268 tok (3.9 c/t) PPL 13.099 | overall: 275129 tok PPL 15.992
Progress: 1110000/1254250 chars | chunk: 1285 tok (3.9 c/t) PPL 13.393 | overall: 276413 tok PPL 15.979
Progress: 1115000/1254250 chars | chunk: 1178 tok (4.2 c/t) PPL 18.346 | overall: 277590 tok PPL 15.988
Progress: 1120000/1254250 chars | chunk: 1293 tok (3.9 c/t) PPL 16.269 | overall: 278882 tok PPL 15.989
Progress: 1125000/1254250 chars | chunk: 1212 tok (4.1 c/t) PPL 14.991 | overall: 280093 tok PPL 15.985
Progress: 1130000/1254250 chars | chunk: 1249 tok (4.0 c/t) PPL 17.031 | overall: 281341 tok PPL 15.989
Progress: 1135000/1254250 chars | chunk: 1137 tok (4.4 c/t) PPL 18.478 | overall: 282477 tok PPL 15.999
Progress: 1140000/1254250 chars | chunk: 1051 tok (4.8 c/t) PPL 19.954 | overall: 283527 tok PPL 16.012
Progress: 1145000/1254250 chars | chunk: 1231 tok (4.1 c/t) PPL 17.320 | overall: 284757 tok PPL 16.017
Progress: 1150000/1254250 chars | chunk: 1060 tok (4.7 c/t) PPL 19.524 | overall: 285816 tok PPL 16.029
Progress: 1155000/1254250 chars | chunk: 1193 tok (4.2 c/t) PPL 22.988 | overall: 287008 tok PPL 16.053
Progress: 1160000/1254250 chars | chunk: 1173 tok (4.3 c/t) PPL 25.715 | overall: 288180 tok PPL 16.084
Progress: 1165000/1254250 chars | chunk: 1203 tok (4.2 c/t) PPL 15.079 | overall: 289382 tok PPL 16.079
Progress: 1170000/1254250 chars | chunk: 1214 tok (4.1 c/t) PPL 20.040 | overall: 290595 tok PPL 16.094
Progress: 1175000/1254250 chars | chunk: 1268 tok (3.9 c/t) PPL 14.637 | overall: 291862 tok PPL 16.088
Progress: 1180000/1254250 chars | chunk: 1420 tok (3.5 c/t) PPL 11.717 | overall: 293281 tok PPL 16.063
Progress: 1185000/1254250 chars | chunk: 1592 tok (3.1 c/t) PPL 6.833 | overall: 294872 tok PPL 15.989
Progress: 1190000/1254250 chars | chunk: 1374 tok (3.6 c/t) PPL 10.216 | overall: 296245 tok PPL 15.956
Progress: 1195000/1254250 chars | chunk: 1244 tok (4.0 c/t) PPL 26.156 | overall: 297488 tok PPL 15.989
Progress: 1200000/1254250 chars | chunk: 1228 tok (4.1 c/t) PPL 21.741 | overall: 298715 tok PPL 16.009
Progress: 1205000/1254250 chars | chunk: 1268 tok (3.9 c/t) PPL 17.060 | overall: 299982 tok PPL 16.013
Progress: 1210000/1254250 chars | chunk: 1174 tok (4.3 c/t) PPL 25.606 | overall: 301155 tok PPL 16.043
Progress: 1215000/1254250 chars | chunk: 1182 tok (4.2 c/t) PPL 24.928 | overall: 302336 tok PPL 16.070
Progress: 1220000/1254250 chars | chunk: 1309 tok (3.8 c/t) PPL 14.720 | overall: 303644 tok PPL 16.064
Progress: 1225000/1254250 chars | chunk: 1281 tok (3.9 c/t) PPL 14.811 | overall: 304924 tok PPL 16.059
Progress: 1230000/1254250 chars | chunk: 1182 tok (4.2 c/t) PPL 20.690 | overall: 306105 tok PPL 16.074
Progress: 1235000/1254250 chars | chunk: 1207 tok (4.1 c/t) PPL 15.760 | overall: 307311 tok PPL 16.073
Progress: 1240000/1254250 chars | chunk: 1317 tok (3.8 c/t) PPL 20.260 | overall: 308627 tok PPL 16.089
Progress: 1245000/1254250 chars | chunk: 1219 tok (4.1 c/t) PPL 20.501 | overall: 309845 tok PPL 16.104
Progress: 1250000/1254250 chars | chunk: 1218 tok (4.1 c/t) PPL 23.707 | overall: 311062 tok PPL 16.129
Progress: 1254250/1254250 chars | chunk: 1058 tok (4.0 c/t) PPL 14.843 | overall: 312119 tok PPL 16.124
--------------------------------------------------
Perplexity (teacher-forced, 312119 tokens): 16.124
Eval wall time: 110161.8s (2.83 tok/s)
--------------------------------------------------
Chunked mode: each 5000–char chunk is teacher-forced from a cold KV cache;
cross-chunk context is not carried, which biases PPL slightly upward.
NOTE: pruned-vocab model (50,256 of 128,256 tokens; ASCII-oriented).
Report this number only alongside that caveat.
