	Command being timed: "/home/cm/projects/alice-aegis-cm-edge1-verify-profile/aegis-linux/target-phases-leg/release/examples/agent_trace verify /home/cm/aefinity-artifacts/bitnet2b-2b-artifacts/aegis_pruned_model.cis.safetensors /home/cm/aefinity-artifacts/bitnet2b-2b-artifacts/embed.bin /home/cm/aefinity-artifacts/bitnet2b-2b-artifacts/vocab.bin /home/cm/legs/eval-60-replay-box1/receipts/calc_easy_01.txt --phases"
	User time (seconds): 77.20
	System time (seconds): 1.68
	Percent of CPU this job got: 99%
	Elapsed (wall clock) time (h:mm:ss or m:ss): 1:19.03
	Average shared text size (kbytes): 0
	Average unshared data size (kbytes): 0
	Average stack size (kbytes): 0
	Average total size (kbytes): 0
	Maximum resident set size (kbytes): 1405784
	Average resident set size (kbytes): 0
	Major (requiring I/O) page faults: 0
	Minor (reclaiming a frame) page faults: 8354
	Voluntary context switches: 1
	Involuntary context switches: 1857
	Swaps: 0
	File system inputs: 0
	File system outputs: 16
	Socket messages sent: 0
	Socket messages received: 0
	Signals delivered: 0
	Page size (bytes): 4096
	Exit status: 0
